
.Version 8.1.5 of ABINIT 
.(MPI version, prepared for a x86_64_linux_gnu4.8 computer) 

.Copyright (C) 1998-2016 ABINIT group . 
 ABINIT comes with ABSOLUTELY NO WARRANTY.
 It is free software, and you are welcome to redistribute it
 under certain conditions (GNU General Public License,
 see ~abinit/COPYING or http://www.gnu.org/copyleft/gpl.txt).

 ABINIT is a project of the Universite Catholique de Louvain,
 Corning Inc. and other collaborators, see ~abinit/doc/developers/contributors.txt .
 Please read ~abinit/doc/users/acknowledgments.html for suggested
 acknowledgments of the ABINIT effort.
 For more information, see http://www.abinit.org .

.Starting date : Tue 29 Nov 2016.
- ( at 13h31 )
  
- input  file    -> t44.in
- output file    -> t44.out
- root for input  files -> t44i
- root for output files -> t44o


 Symmetries : space group P1 (#  1); Bravais aP (primitive triclinic)
================================================================================
 Values of the parameters that define the memory need of the present run
     intxc =       1    ionmov =       4      iscf =       2    lmnmax =       2
     lnmax =       2     mgfft =      16  mpssoang =       3    mqgrid =    3001
     natom =       8  nloc_mem =       1    nspden =       1   nspinor =       1
    nsppol =       1      nsym =       1    n1xccc =    2501    ntypat =       1
    occopt =       0   xclevel =       1
-    mband =          16        mffmem =           1         mkmem =           4
       mpw =         272          nfft =        4096          nkpt =           4
================================================================================
P This job should need less than                       1.615 Mbytes of memory.
  Rough estimation (10% accuracy) of disk space for files :
_ WF disk file :      0.268 Mbytes ; DEN or POT disk file :      0.033 Mbytes.
================================================================================

--------------------------------------------------------------------------------
------------- Echo of variables that govern the present computation ------------
--------------------------------------------------------------------------------
-
- outvars: echo of selected default values                                      
-   iomode0 =  0 , fftalg0 =312 , wfoptalg0 =  0
-
- outvars: echo of global parameters not present in the input file              
-  max_nthreads =    1
-
 -outvars: echo values of preprocessed input variables --------
            acell      1.0263110000E+01  1.0263110000E+01  1.0263110000E+01 Bohr
              amu      2.80855000E+01
           diemac      1.20000000E+01
             ecut      2.99000000E+00 Hartree
           enunit           2
-          fftalg         312
           iatfix        2    3    4    5    6    7    8
            intxc           1
           ionmov           4
     densfor_pred           1
           iprcfc           1
             iscf           2
              kpt      1.00000000E+00  1.00000000E+00  1.00000000E+00
                      -1.00000000E+00  1.00000000E+00  1.00000000E+00
                       1.00000000E+00 -1.00000000E+00  1.00000000E+00
                       1.00000000E+00  1.00000000E+00 -1.00000000E+00
           kptnrm      4.00000000E+00
           kptopt           0
P           mkmem           4
           natfix           7
            natom           8
            nband          16
            ngfft          16      16      16
             nkpt           4
            nline           3
            nstep          80
             nsym           1
            ntime          10
           ntypat           1
              occ      2.000000  2.000000  2.000000  2.000000  2.000000  2.000000
                       2.000000  2.000000  2.000000  2.000000  2.000000  2.000000
                       2.000000  2.000000  2.000000  2.000000
           occopt           0
        optforces           1
          spgroup           1
           toldff      1.00000000E-06
           tolmxf      1.00000000E-05
            typat      1  1  1  1  1  1  1  1
              wtk        0.25000    0.25000    0.25000    0.25000
           xangst      5.4310039013E-03  0.0000000000E+00  0.0000000000E+00
                       1.3577509753E+00  1.3577509753E+00  1.3577509753E+00
                       0.0000000000E+00  2.7155019506E+00  2.7155019506E+00
                       1.3577509753E+00  4.0732529259E+00  4.0732529259E+00
                       2.7155019506E+00  0.0000000000E+00  2.7155019506E+00
                       4.0732529259E+00  1.3577509753E+00  4.0732529259E+00
                       2.7155019506E+00  2.7155019506E+00  0.0000000000E+00
                       4.0732529259E+00  4.0732529259E+00  1.3577509753E+00
            xcart      1.0263110000E-02  0.0000000000E+00  0.0000000000E+00
                       2.5657775000E+00  2.5657775000E+00  2.5657775000E+00
                       0.0000000000E+00  5.1315550000E+00  5.1315550000E+00
                       2.5657775000E+00  7.6973325000E+00  7.6973325000E+00
                       5.1315550000E+00  0.0000000000E+00  5.1315550000E+00
                       7.6973325000E+00  2.5657775000E+00  7.6973325000E+00
                       5.1315550000E+00  5.1315550000E+00  0.0000000000E+00
                       7.6973325000E+00  7.6973325000E+00  2.5657775000E+00
             xred      1.0000000000E-03  0.0000000000E+00  0.0000000000E+00
                       2.5000000000E-01  2.5000000000E-01  2.5000000000E-01
                       0.0000000000E+00  5.0000000000E-01  5.0000000000E-01
                       2.5000000000E-01  7.5000000000E-01  7.5000000000E-01
                       5.0000000000E-01  0.0000000000E+00  5.0000000000E-01
                       7.5000000000E-01  2.5000000000E-01  7.5000000000E-01
                       5.0000000000E-01  5.0000000000E-01  0.0000000000E+00
                       7.5000000000E-01  7.5000000000E-01  2.5000000000E-01
            znucl       14.00000

================================================================================

 chkinp: Checking input parameters for consistency.

================================================================================
== DATASET  1 ==================================================================
-   nproc =    1

 Exchange-correlation functional for the present dataset will be:
  LDA: new Teter (4/93) with spin-polarized option - ixc=1
 Citation for XC functional:
  S. Goedecker, M. Teter, J. Huetter, PRB 54, 1703 (1996)

 Real(R)+Recip(G) space primitive vectors, cartesian coordinates (Bohr,Bohr^-1):
 R(1)= 10.2631100  0.0000000  0.0000000  G(1)=  0.0974364  0.0000000  0.0000000
 R(2)=  0.0000000 10.2631100  0.0000000  G(2)=  0.0000000  0.0974364  0.0000000
 R(3)=  0.0000000  0.0000000 10.2631100  G(3)=  0.0000000  0.0000000  0.0974364
 Unit cell volume ucvol=  1.0810280E+03 bohr^3
 Angles (23,13,12)=  9.00000000E+01  9.00000000E+01  9.00000000E+01 degrees

 getcut: wavevector=  0.0000  0.0000  0.0000  ngfft=  16  16  16
         ecut(hartree)=      2.990   => boxcut(ratio)=   2.00281

--- Pseudopotential description ------------------------------------------------
- pspini: atom type   1  psp file is /cea/dsku/u-basque/hal1/home/abinit/abinit/REPOSITORY/TORRENT/ABINIT-GIT/pimd/tests/Psps_for_tests/14si.pspnc
- pspatm: opening atomic psp file    /cea/dsku/u-basque/hal1/home/abinit/abinit/REPOSITORY/TORRENT/ABINIT-GIT/pimd/tests/Psps_for_tests/14si.pspnc
-  Troullier-Martins psp for element  Si        Thu Oct 27 17:31:21 EDT 1994
- 14.00000   4.00000    940714                znucl, zion, pspdat
    1    1    2    2      2001   0.00000      pspcod,pspxc,lmax,lloc,mmax,r2well
    0   5.907  14.692    1   2.0872718        l,e99.0,e99.9,nproj,rcpsp
   0.00000000   0.00000000   0.00000000   0.00000000     rms, ekb1, ekb2, epsatm
    1   2.617   4.181    1   2.0872718        l,e99.0,e99.9,nproj,rcpsp
   0.00000000   0.00000000   0.00000000   0.00000000     rms, ekb1, ekb2, epsatm
    2   0.000   0.000    0   2.0872718        l,e99.0,e99.9,nproj,rcpsp
   0.00000000   0.00000000   0.00000000   0.00000000     rms, ekb1, ekb2, epsatm
    1.80626423934776    0.22824404341771    1.17378968127746   rchrg,fchrg,qchrg
 pspatm: epsatm=    1.43386982
         --- l  ekb(1:nproj) -->
             0    3.287949
             1    1.849886
 pspatm: atomic psp has been read  and splines computed

   3.67070674E+02                                ecore*ucvol(ha*bohr**3)
--------------------------------------------------------------------------------

_setup2: Arith. and geom. avg. npw (full set) are     272.000     272.000

================================================================================

=== [ionmov= 4] Conjugate gradient of potential and ionic degrees of freedom
================================================================================

--- Iteration: ( 1/10) Internal Cycle: (1/1)
--------------------------------------------------------------------------------

---SELF-CONSISTENT-FIELD CONVERGENCE--------------------------------------------

     iter   Etot(hartree)      deltaE(h)  residm     vres2    diffor    maxfor
 ETOT  1  -35.130528045887    -3.513E+01 1.661E-02 2.121E+00 2.596E-03 2.596E-03
 ETOT  2  -35.190897789408    -6.037E-02 8.054E-06 1.419E-01 2.472E-03 1.400E-03
 ETOT  3  -35.191542020084    -6.442E-04 4.298E-06 6.308E-03 1.173E-03 1.260E-03
 ETOT  4  -35.191563657534    -2.164E-05 1.103E-07 4.713E-04 2.072E-04 1.331E-03
 ETOT  5  -35.191565063926    -1.406E-06 7.385E-09 3.684E-05 3.515E-05 1.319E-03
 ETOT  6  -35.191565168738    -1.048E-07 5.698E-10 3.026E-06 7.401E-06 1.322E-03
 ETOT  7  -35.191565177298    -8.560E-09 4.045E-11 2.529E-07 1.092E-06 1.322E-03
 ETOT  8  -35.191565178012    -7.139E-10 2.983E-12 2.087E-08 2.238E-07 1.322E-03
 ETOT  9  -35.191565178072    -6.050E-11 2.636E-13 1.817E-09 2.683E-08 1.322E-03

 At SCF step    9, forces are converged : 
  for the second time, max diff in force=  2.683E-08 < toldff=  1.000E-06

 Cartesian components of stress tensor (hartree/bohr^3)
  sigma(1 1)=  3.74710764E-04  sigma(3 2)= -1.63116480E-06
  sigma(2 2)=  3.74693211E-04  sigma(3 1)= -1.07768436E-10
  sigma(3 3)=  3.74693209E-04  sigma(2 1)= -9.44971863E-12

 Integrated electronic density in atomic spheres:
 ------------------------------------------------
 Atom  Sphere_radius  Integrated_density
    1        2.00000          1.67065943
    2        2.00000          1.67141339
    3        2.00000          1.67068596
    4        2.00000          1.67141406
    5        2.00000          1.67068686
    6        2.00000          1.66995957
    7        2.00000          1.67068575
    8        2.00000          1.66996031

---OUTPUT-----------------------------------------------------------------------

 Cartesian coordinates (xcart) [bohr]
  1.02631100000000E-02  0.00000000000000E+00  0.00000000000000E+00
  2.56577750000000E+00  2.56577750000000E+00  2.56577750000000E+00
  0.00000000000000E+00  5.13155500000000E+00  5.13155500000000E+00
  2.56577750000000E+00  7.69733250000000E+00  7.69733250000000E+00
  5.13155500000000E+00  0.00000000000000E+00  5.13155500000000E+00
  7.69733250000000E+00  2.56577750000000E+00  7.69733250000000E+00
  5.13155500000000E+00  5.13155500000000E+00  0.00000000000000E+00
  7.69733250000000E+00  7.69733250000000E+00  2.56577750000000E+00
 Reduced coordinates (xred)
  1.00000000000000E-03  0.00000000000000E+00  0.00000000000000E+00
  2.50000000000000E-01  2.50000000000000E-01  2.50000000000000E-01
  0.00000000000000E+00  5.00000000000000E-01  5.00000000000000E-01
  2.50000000000000E-01  7.50000000000000E-01  7.50000000000000E-01
  5.00000000000000E-01  0.00000000000000E+00  5.00000000000000E-01
  7.50000000000000E-01  2.50000000000000E-01  7.50000000000000E-01
  5.00000000000000E-01  5.00000000000000E-01  0.00000000000000E+00
  7.50000000000000E-01  7.50000000000000E-01  2.50000000000000E-01
 Cartesian forces (fcart) [Ha/bohr]; max,rms= 1.32200E-03 7.63257E-04 (free atoms)
 -1.32200046749257E-03  3.01743147688306E-09 -2.60482253662492E-09
  3.26433547099227E-04  2.19410240485747E-04  2.19402596377480E-04
 -1.73432536022942E-04  5.87406273899652E-09  3.90072769420118E-09
  3.26439456445030E-04 -2.19414459105020E-04 -2.19407891998644E-04
  9.71609773580021E-05 -1.91255072999150E-08 -6.00007701666980E-09
  3.24126454239645E-04 -2.15852963455101E-04  2.15860224418036E-04
  9.71637934066539E-05  1.54176803383899E-08  4.58967696706531E-09
  3.24108774966957E-04  2.15851998407119E-04 -2.15854814301980E-04
 Reduced forces (fred)
  1.35676561034619E-02 -3.14747967984197E-08  2.76579927097775E-08
 -3.35040351603537E-03 -2.25183193979731E-03 -2.25175205649519E-03
  1.77977708031659E-03 -6.07927176709289E-08 -3.91091849197162E-08
 -3.35046416430138E-03  2.25187422281968E-03  2.25180825486269E-03
 -9.97353912798514E-04  1.95780619591124E-07  6.25038629164708E-08
 -3.32672556823727E-03  2.21532220120005E-03 -2.21539630341451E-03
 -9.97382814215593E-04 -1.58739914891439E-07 -4.61799470915408E-08
 -3.32654412391695E-03 -2.21531330993772E-03  2.21534262762328E-03
 Total energy (etotal) [Ha]= -3.51915651780722E+01

--- Iteration: ( 2/10) Internal Cycle: (1/1)
--------------------------------------------------------------------------------

---SELF-CONSISTENT-FIELD CONVERGENCE--------------------------------------------

     iter   Etot(hartree)      deltaE(h)  residm     vres2    diffor    maxfor
 ETOT  1  -35.191565178072    -3.519E+01 6.391E-17 1.471E-09 1.799E-08 1.322E-03
 ETOT  2  -35.191563815042     1.363E-06 1.228E-10 1.242E-03 1.457E-04 1.176E-03
 ETOT  3  -35.191567731001    -3.916E-06 3.697E-09 7.123E-04 3.504E-04 8.260E-04
 ETOT  4  -35.191569819181    -2.088E-06 1.463E-09 3.889E-04 2.567E-04 5.693E-04
 ETOT  5  -35.191570946107    -1.127E-06 6.169E-10 1.875E-04 1.801E-04 3.892E-04
 ETOT  6  -35.191571479981    -5.339E-07 2.804E-10 9.005E-05 1.228E-04 2.664E-04
 ETOT  7  -35.191571735177    -2.552E-07 1.312E-10 4.246E-05 8.380E-05 1.826E-04
 ETOT  8  -35.191571854986    -1.198E-07 6.155E-11 2.008E-05 5.734E-05 1.253E-04
 ETOT  9  -35.191571911577    -5.659E-08 2.901E-11 9.461E-06 3.930E-05 8.600E-05
 ETOT 10  -35.191571938220    -2.664E-08 1.366E-11 4.463E-06 2.697E-05 5.903E-05
 ETOT 11  -35.191571950784    -1.256E-08 6.442E-12 2.103E-06 1.850E-05 4.053E-05
 ETOT 12  -35.191571956705    -5.921E-09 3.036E-12 9.917E-07 1.270E-05 2.782E-05
 ETOT 13  -35.191571959496    -2.791E-09 1.431E-12 4.674E-07 8.720E-06 1.910E-05
 ETOT 14  -35.191571960812    -1.316E-09 6.747E-13 2.204E-07 5.988E-06 1.312E-05
 ETOT 15  -35.191571961432    -6.202E-10 3.180E-13 1.039E-07 4.110E-06 9.006E-06
 ETOT 16  -35.191571961725    -2.924E-10 1.499E-13 4.897E-08 2.822E-06 6.183E-06
 ETOT 17  -35.191571961863    -1.378E-10 7.068E-14 2.309E-08 1.938E-06 4.246E-06
 ETOT 18  -35.191571961928    -6.500E-11 3.332E-14 1.088E-08 1.331E-06 2.915E-06
 ETOT 19  -35.191571961958    -3.065E-11 1.571E-14 5.131E-09 9.135E-07 2.002E-06
 ETOT 20  -35.191571961973    -1.441E-11 7.406E-15 2.419E-09 6.273E-07 1.374E-06

 At SCF step   20, forces are converged : 
  for the second time, max diff in force=  6.273E-07 < toldff=  1.000E-06

 Cartesian components of stress tensor (hartree/bohr^3)
  sigma(1 1)=  3.74713846E-04  sigma(3 2)= -2.92022838E-09
  sigma(2 2)=  3.74713846E-04  sigma(3 1)= -4.74789315E-15
  sigma(3 3)=  3.74713846E-04  sigma(2 1)=  0.00000000E+00

 Integrated electronic density in atomic spheres:
 ------------------------------------------------
 Atom  Sphere_radius  Integrated_density
    1        2.00000          1.67068502
    2        2.00000          1.67068488
    3        2.00000          1.67068502
    4        2.00000          1.67068488
    5        2.00000          1.67068502
    6        2.00000          1.67068516
    7        2.00000          1.67068502
    8        2.00000          1.67068516

---OUTPUT-----------------------------------------------------------------------

 Cartesian coordinates (xcart) [bohr]
  8.77085751002978E-06  1.42065082364664E-11  2.65248151005525E-13
  2.56577750000000E+00  2.56577750000000E+00  2.56577750000000E+00
  0.00000000000000E+00  5.13155500000000E+00  5.13155500000000E+00
  2.56577750000000E+00  7.69733250000000E+00  7.69733250000000E+00
  5.13155500000000E+00  0.00000000000000E+00  5.13155500000000E+00
  7.69733250000000E+00  2.56577750000000E+00  7.69733250000000E+00
  5.13155500000000E+00  5.13155500000000E+00  0.00000000000000E+00
  7.69733250000000E+00  7.69733250000000E+00  2.56577750000000E+00
 Reduced coordinates (xred)
  8.54600360907150E-07  1.38423033919216E-12  2.58448122455596E-14
  2.50000000000000E-01  2.50000000000000E-01  2.50000000000000E-01
  0.00000000000000E+00  5.00000000000000E-01  5.00000000000000E-01
  2.50000000000000E-01  7.50000000000000E-01  7.50000000000000E-01
  5.00000000000000E-01  0.00000000000000E+00  5.00000000000000E-01
  7.50000000000000E-01  2.50000000000000E-01  7.50000000000000E-01
  5.00000000000000E-01  5.00000000000000E-01  0.00000000000000E+00
  7.50000000000000E-01  7.50000000000000E-01  2.50000000000000E-01
 Cartesian forces (fcart) [Ha/bohr]; max,rms= 1.37431E-06 7.93458E-07 (free atoms)
 -1.37431019905099E-06 -2.23865389546300E-12 -5.07365998966775E-14
  3.27188240361479E-07  2.58918333427586E-07  2.58918424521223E-07
 -8.09997383870470E-08  1.14978399021218E-13 -1.49238269536533E-14
  3.27187383392926E-07 -2.58917251479291E-07 -2.58917533889404E-07
  7.32818384062118E-08 -2.48084731551624E-13 -1.44825818840285E-14
  3.27184902183357E-07 -2.58914674496867E-07  2.58914614006127E-07
  7.32818379868648E-08  2.36703236312025E-13 -9.37001536610630E-15
  3.27185735107198E-07  2.58915727605563E-07 -2.58915415124921E-07
 Reduced forces (fred)
  1.41441284768392E-05  2.30993068942806E-11  4.84639528458800E-13
 -3.31853717167927E-06 -2.65730721322828E-06 -2.65730830796378E-06
  8.70740954894520E-07 -1.05628024356327E-12  1.17089100339519E-13
 -3.31852837651673E-06  2.65729635658534E-06  2.65729909515991E-06
 -7.12667838708142E-07  2.66987660245017E-12  1.12560553653002E-13
 -3.31850291159000E-06  2.65726990873125E-06 -2.65726920022820E-06
 -7.12667834404337E-07 -2.30555563841092E-12  6.00897210972498E-14
 -3.31851145997900E-06 -2.65728046939022E-06  2.65727735004695E-06
 Total energy (etotal) [Ha]= -3.51915719619727E+01

 Difference of energy with previous step (new-old):
           Absolute (Ha)=-6.78390E-06
           Relative     =-1.92771E-07

--- Iteration: ( 3/10) Internal Cycle: (1/1)
--------------------------------------------------------------------------------

---SELF-CONSISTENT-FIELD CONVERGENCE--------------------------------------------

     iter   Etot(hartree)      deltaE(h)  residm     vres2    diffor    maxfor
 ETOT  1  -35.191571961955    -3.519E+01 2.468E-16 7.868E-09 5.343E-07 8.400E-07
 ETOT  2  -35.191571961980    -2.459E-11 1.018E-16 2.241E-10 3.401E-07 1.180E-06
 ETOT  3  -35.191571961981    -8.242E-13 1.331E-14 2.717E-11 5.403E-08 1.126E-06

 At SCF step    3, forces are converged : 
  for the second time, max diff in force=  5.403E-08 < toldff=  1.000E-06

 Cartesian components of stress tensor (hartree/bohr^3)
  sigma(1 1)=  3.74713846E-04  sigma(3 2)= -1.38636472E-09
  sigma(2 2)=  3.74713846E-04  sigma(3 1)= -2.24681415E-15
  sigma(3 3)=  3.74713846E-04  sigma(2 1)=  0.00000000E+00

 Integrated electronic density in atomic spheres:
 ------------------------------------------------
 Atom  Sphere_radius  Integrated_density
    1        2.00000          1.67068502
    2        2.00000          1.67068580
    3        2.00000          1.67068502
    4        2.00000          1.67068580
    5        2.00000          1.67068502
    6        2.00000          1.67068424
    7        2.00000          1.67068502
    8        2.00000          1.67068424

---OUTPUT-----------------------------------------------------------------------

 Cartesian coordinates (xcart) [bohr]
  8.77085751002978E-06  1.42065082364664E-11  2.65248151005525E-13
  2.56577750000000E+00  2.56577750000000E+00  2.56577750000000E+00
  0.00000000000000E+00  5.13155500000000E+00  5.13155500000000E+00
  2.56577750000000E+00  7.69733250000000E+00  7.69733250000000E+00
  5.13155500000000E+00  0.00000000000000E+00  5.13155500000000E+00
  7.69733250000000E+00  2.56577750000000E+00  7.69733250000000E+00
  5.13155500000000E+00  5.13155500000000E+00  0.00000000000000E+00
  7.69733250000000E+00  7.69733250000000E+00  2.56577750000000E+00
 Reduced coordinates (xred)
  8.54600360907150E-07  1.38423033919216E-12  2.58448122455596E-14
  2.50000000000000E-01  2.50000000000000E-01  2.50000000000000E-01
  0.00000000000000E+00  5.00000000000000E-01  5.00000000000000E-01
  2.50000000000000E-01  7.50000000000000E-01  7.50000000000000E-01
  5.00000000000000E-01  0.00000000000000E+00  5.00000000000000E-01
  7.50000000000000E-01  2.50000000000000E-01  7.50000000000000E-01
  5.00000000000000E-01  5.00000000000000E-01  0.00000000000000E+00
  7.50000000000000E-01  7.50000000000000E-01  2.50000000000000E-01
 Cartesian forces (fcart) [Ha/bohr]; max,rms= 1.12607E-06 6.50134E-07 (free atoms)
 -1.12606586919122E-06 -1.82077347177267E-12 -3.54424898580219E-14
  2.77958657844418E-07  1.83315825814142E-07  1.83315675202435E-07
 -1.54104047463412E-07  1.35675500030465E-13  2.29636980710080E-16
  2.77958052197315E-07 -1.83314913714403E-07 -1.83315065587284E-07
  8.41699175602325E-08 -2.49938958765997E-13  3.64406332303886E-15
  2.77956393765267E-07 -1.83312443763203E-07  1.83312600685737E-07
  8.41699177452330E-08  1.33373750578905E-13 -4.37789661604058E-15
  2.77956977542160E-07  1.83313333326644E-07 -1.83313174354202E-07
 Reduced forces (fred)
  1.15569082257465E-05  1.86883774424967E-11  3.70377694017618E-13
 -2.85274993791819E-06 -1.88139048349236E-06 -1.88138893269934E-06
  1.58155713355365E-06 -1.39087356450579E-12  4.27073233775942E-15
 -2.85274372209535E-06  1.88138112567044E-06  1.88138268940703E-06
 -8.63874779620160E-07  2.56673004371276E-12 -3.07719008004585E-14
 -2.85272670142482E-06  1.88135577628959E-06 -1.88135737859627E-06
 -8.63874781518840E-07 -1.36725045669200E-12  5.15583564699071E-14
 -2.85273269279128E-06 -1.88136490281899E-06  1.88136327947387E-06
 Total energy (etotal) [Ha]= -3.51915719619805E+01

 Difference of energy with previous step (new-old):
           Absolute (Ha)=-7.83729E-12
           Relative     =-2.22704E-13

 At Broyd/MD step   3, gradients are converged : 
  max grad (force/stress) = 1.1261E-06 < tolmxf= 1.0000E-05 ha/bohr (free atoms)

================================================================================

 ----iterations are completed or convergence reached----

 Mean square residual over all n,k,spin=   7.9914E-15; max=  1.3313E-14
 reduced coordinates (array xred) for    8 atoms
       0.000000854600      0.000000000001      0.000000000000
       0.250000000000      0.250000000000      0.250000000000
       0.000000000000      0.500000000000      0.500000000000
       0.250000000000      0.750000000000      0.750000000000
       0.500000000000      0.000000000000      0.500000000000
       0.750000000000      0.250000000000      0.750000000000
       0.500000000000      0.500000000000      0.000000000000
       0.750000000000      0.750000000000      0.250000000000
 rms dE/dt=  2.8754E-06; max dE/dt=  1.1557E-05; dE/dt below (all hartree)
    1       0.000011556908      0.000000000019      0.000000000000
    2      -0.000002852750     -0.000001881390     -0.000001881389
    3       0.000001581557     -0.000000000001      0.000000000000
    4      -0.000002852744      0.000001881381      0.000001881383
    5      -0.000000863875      0.000000000003     -0.000000000000
    6      -0.000002852727      0.000001881356     -0.000001881357
    7      -0.000000863875     -0.000000000001      0.000000000000
    8      -0.000002852733     -0.000001881365      0.000001881363

 cartesian coordinates (angstrom) at end:
    1      0.00000464133789     0.00000000000752     0.00000000000014
    2      1.35775097531303     1.35775097531303     1.35775097531303
    3      0.00000000000000     2.71550195062606     2.71550195062606
    4      1.35775097531303     4.07325292593909     4.07325292593909
    5      2.71550195062606     0.00000000000000     2.71550195062606
    6      4.07325292593909     1.35775097531303     4.07325292593909
    7      2.71550195062606     2.71550195062606     0.00000000000000
    8      4.07325292593909     4.07325292593909     1.35775097531303

 cartesian forces (hartree/bohr) at end:
    1     -0.00000112606587    -0.00000000000182    -0.00000000000004
    2      0.00000027795866     0.00000018331583     0.00000018331568
    3     -0.00000015410405     0.00000000000014     0.00000000000000
    4      0.00000027795805    -0.00000018331491    -0.00000018331507
    5      0.00000008416992    -0.00000000000025     0.00000000000000
    6      0.00000027795639    -0.00000018331244     0.00000018331260
    7      0.00000008416992     0.00000000000013    -0.00000000000000
    8      0.00000027795698     0.00000018331333    -0.00000018331317
 frms,max,avg= 6.5013443E-07 1.1260659E-06   2.890E-12  0.000E+00  0.000E+00 h/b

 cartesian forces (eV/Angstrom) at end:
    1     -0.00005790463028    -0.00000000009363    -0.00000000000182
    2      0.00001429320767     0.00000942647798     0.00000942647023
    3     -0.00000792434807     0.00000000000698     0.00000000000001
    4      0.00001429317652    -0.00000942643108    -0.00000942643889
    5      0.00000432819082    -0.00000000001285     0.00000000000019
    6      0.00001429309124    -0.00000942630407     0.00000942631214
    7      0.00000432819083     0.00000000000686    -0.00000000000023
    8      0.00001429312126     0.00000942634981    -0.00000942634164
 frms,max,avg= 3.3431254E-05 5.7904630E-05   1.486E-10  0.000E+00  0.000E+00 e/A
 length scales= 10.263110000000 10.263110000000 10.263110000000 bohr
              =  5.431003901252  5.431003901252  5.431003901252 angstroms
 prteigrs : about to open file t44o_EIG
 Fermi (or HOMO) energy (hartree) =   0.18884   Average Vxc (hartree)=  -0.35270
 Eigenvalues (hartree) for nkpt=   4  k points:
 kpt#   1, nband= 16, wtk=  0.25000, kpt=  0.2500  0.2500  0.2500 (reduced coord)
  -0.18706   -0.11509   -0.11509   -0.11509   -0.01360   -0.01360   -0.01360    0.07380
   0.08415    0.08415    0.08415    0.13265    0.13265    0.13265    0.18884    0.18884
 prteigrs : prtvol=0 or 1, do not print more k-points.

 Fermi (or HOMO) energy (eV) =   5.13863   Average Vxc (eV)=  -9.59736
 Eigenvalues (   eV  ) for nkpt=   4  k points:
 kpt#   1, nband= 16, wtk=  0.25000, kpt=  0.2500  0.2500  0.2500 (reduced coord)
  -5.09006   -3.13167   -3.13167   -3.13167   -0.36997   -0.36997   -0.36996    2.00822
   2.28982    2.28982    2.28982    3.60963    3.60963    3.60963    5.13862    5.13863
 prteigrs : prtvol=0 or 1, do not print more k-points.


--------------------------------------------------------------------------------
 Components of total free energy (in Hartree) :

    Kinetic energy  =  1.16819735819147E+01
    Hartree energy  =  2.12455537107753E+00
    XC energy       = -1.41070083928576E+01
    Ewald energy    = -3.35916768723035E+01
    PspCore energy  =  3.39557039532177E-01
    Loc. psp. energy= -9.85492267150165E+00
    NL   psp  energy=  8.21594998215779E+00
    >>>>>>>>> Etotal= -3.51915719619805E+01

 Other information on the energy :
    Total energy(eV)= -9.57611373294266E+02 ; Band energy (Ha)=   1.0575624972E+00
--------------------------------------------------------------------------------
 rms coord change=  2.0395E-04   atom, delta coord (reduced):
     1       -0.000999145400      0.000000000001      0.000000000000
     2        0.000000000000      0.000000000000      0.000000000000
     3        0.000000000000      0.000000000000      0.000000000000
     4        0.000000000000      0.000000000000      0.000000000000
     5        0.000000000000      0.000000000000      0.000000000000
     6        0.000000000000      0.000000000000      0.000000000000
     7        0.000000000000      0.000000000000      0.000000000000
     8        0.000000000000      0.000000000000      0.000000000000

 Cartesian components of stress tensor (hartree/bohr^3)
  sigma(1 1)=  3.74713846E-04  sigma(3 2)= -1.38636472E-09
  sigma(2 2)=  3.74713846E-04  sigma(3 1)= -2.24681415E-15
  sigma(3 3)=  3.74713846E-04  sigma(2 1)=  0.00000000E+00

-Cartesian components of stress tensor (GPa)         [Pressure= -1.1024E+01 GPa]
- sigma(1 1)=  1.10244601E+01  sigma(3 2)= -4.07882513E-05
- sigma(2 2)=  1.10244601E+01  sigma(3 1)= -6.61035435E-11
- sigma(3 3)=  1.10244601E+01  sigma(2 1)=  0.00000000E+00

== END DATASET(S) ==============================================================
================================================================================
  
 -outvars: echo values of variables after computation  --------
            acell      1.0263110000E+01  1.0263110000E+01  1.0263110000E+01 Bohr
              amu      2.80855000E+01
           diemac      1.20000000E+01
             ecut      2.99000000E+00 Hartree
           enunit           2
           etotal     -3.5191571962E+01
            fcart     -1.1260658692E-06 -1.8207734718E-12 -3.5442489858E-14
                       0.0000000000E+00  0.0000000000E+00  0.0000000000E+00
                       0.0000000000E+00  0.0000000000E+00  0.0000000000E+00
                       0.0000000000E+00  0.0000000000E+00  0.0000000000E+00
                       0.0000000000E+00  0.0000000000E+00  0.0000000000E+00
                       0.0000000000E+00  0.0000000000E+00  0.0000000000E+00
                       0.0000000000E+00  0.0000000000E+00  0.0000000000E+00
                       0.0000000000E+00  0.0000000000E+00  0.0000000000E+00
-          fftalg         312
           iatfix        2    3    4    5    6    7    8
            intxc           1
           ionmov           4
     densfor_pred           1
           iprcfc           1
             iscf           2
              kpt      1.00000000E+00  1.00000000E+00  1.00000000E+00
                      -1.00000000E+00  1.00000000E+00  1.00000000E+00
                       1.00000000E+00 -1.00000000E+00  1.00000000E+00
                       1.00000000E+00  1.00000000E+00 -1.00000000E+00
           kptnrm      4.00000000E+00
           kptopt           0
P           mkmem           4
           natfix           7
            natom           8
            nband          16
            ngfft          16      16      16
             nkpt           4
            nline           3
            nstep          80
             nsym           1
            ntime          10
           ntypat           1
              occ      2.000000  2.000000  2.000000  2.000000  2.000000  2.000000
                       2.000000  2.000000  2.000000  2.000000  2.000000  2.000000
                       2.000000  2.000000  2.000000  2.000000
           occopt           0
        optforces           1
          spgroup           1
           strten      3.7471384614E-04  3.7471384609E-04  3.7471384605E-04
                      -1.3863647161E-09 -2.2468141540E-15  0.0000000000E+00
           toldff      1.00000000E-06
           tolmxf      1.00000000E-05
            typat      1  1  1  1  1  1  1  1
              wtk        0.25000    0.25000    0.25000    0.25000
           xangst      4.6413378941E-06  7.5177603724E-12  1.4036327613E-13
                       1.3577509753E+00  1.3577509753E+00  1.3577509753E+00
                       0.0000000000E+00  2.7155019506E+00  2.7155019506E+00
                       1.3577509753E+00  4.0732529259E+00  4.0732529259E+00
                       2.7155019506E+00  0.0000000000E+00  2.7155019506E+00
                       4.0732529259E+00  1.3577509753E+00  4.0732529259E+00
                       2.7155019506E+00  2.7155019506E+00  0.0000000000E+00
                       4.0732529259E+00  4.0732529259E+00  1.3577509753E+00
            xcart      8.7708575100E-06  1.4206508236E-11  2.6524815101E-13
                       2.5657775000E+00  2.5657775000E+00  2.5657775000E+00
                       0.0000000000E+00  5.1315550000E+00  5.1315550000E+00
                       2.5657775000E+00  7.6973325000E+00  7.6973325000E+00
                       5.1315550000E+00  0.0000000000E+00  5.1315550000E+00
                       7.6973325000E+00  2.5657775000E+00  7.6973325000E+00
                       5.1315550000E+00  5.1315550000E+00  0.0000000000E+00
                       7.6973325000E+00  7.6973325000E+00  2.5657775000E+00
             xred      8.5460036091E-07  1.3842303392E-12  2.5844812246E-14
                       2.5000000000E-01  2.5000000000E-01  2.5000000000E-01
                       0.0000000000E+00  5.0000000000E-01  5.0000000000E-01
                       2.5000000000E-01  7.5000000000E-01  7.5000000000E-01
                       5.0000000000E-01  0.0000000000E+00  5.0000000000E-01
                       7.5000000000E-01  2.5000000000E-01  7.5000000000E-01
                       5.0000000000E-01  5.0000000000E-01  0.0000000000E+00
                       7.5000000000E-01  7.5000000000E-01  2.5000000000E-01
            znucl       14.00000

================================================================================


- Timing analysis has been suppressed with timopt=0



================================================================================

 Suggested references for the acknowledgment of ABINIT usage.

 The users of ABINIT have little formal obligations with respect to the ABINIT group
 (those specified in the GNU General Public License, http://www.gnu.org/copyleft/gpl.txt).
 However, it is common practice in the scientific literature,
 to acknowledge the efforts of people that have made the research possible.
 In this spirit, please find below suggested citations of work written by ABINIT developers,
 corresponding to implementations inside of ABINIT that you have used in the present run.
 Note also that it will be of great value to readers of publications presenting these results,
 to read papers enabling them to understand the theoretical formalism and details
 of the ABINIT implementation.
 For information on why they are suggested, see also http://www.abinit.org/about/?text=acknowledgments.
-
- [1] Recent developments in the ABINIT software package.
- Computer Phys. Comm. 205, 106 (2016).
- X.Gonze, F.Jollet, F.Abreu Araujo, D.Adams, B.Amadon, T.Applencourt,
- C.Audouze, J.-M.Beuken, J.Bieder, A.Bokhanchuk, E.Bousquet, F.Bruneval
- D.Caliste, M.Cote, F.Dahm, F.Da Pieve, M.Delaveau, M.Di Gennaro,
- B.Dorado, C.Espejo, G.Geneste, L.Genovese, A.Gerossier, M.Giantomassi,
- Y.Gillet, D.R.Hamann, L.He, G.Jomard, J.Laflamme Janssen, S.Le Roux,
- A.Levitt, A.Lherbier, F.Liu, I.Lukacevic, A.Martin, C.Martins,
- M.J.T.Oliveira, S.Ponce, Y.Pouillon, T.Rangel, G.-M.Rignanese,
- A.H.Romero, B.Rousseau, O.Rubel, A.A.Shukri, M.Stankovski, M.Torrent,
- M.J.Van Setten, B.Van Troeye, M.J.Verstraete, D.Waroquier, J.Wiktor,
- B.Xue, A.Zhou, J.W.Zwanziger.
- Comment : the fourth generic paper describing the ABINIT project.
- Note that a version of this paper, that is not formatted for Computer Phys. Comm. 
- is available at http://www.abinit.org/about/ABINIT16.pdf .
- The licence allows the authors to put it on the Web.
-
- [2] ABINIT : First-principles approach of materials and nanosystem properties.
- Computer Phys. Comm. 180, 2582-2615 (2009).
- X. Gonze, B. Amadon, P.-M. Anglade, J.-M. Beuken, F. Bottin, P. Boulanger, F. Bruneval,
- D. Caliste, R. Caracas, M. Cote, T. Deutsch, L. Genovese, Ph. Ghosez, M. Giantomassi
- S. Goedecker, D.R. Hamann, P. Hermet, F. Jollet, G. Jomard, S. Leroux, M. Mancini, S. Mazevet,
- M.J.T. Oliveira, G. Onida, Y. Pouillon, T. Rangel, G.-M. Rignanese, D. Sangalli, R. Shaltaf,
- M. Torrent, M.J. Verstraete, G. Zerah, J.W. Zwanziger
- Comment : the third generic paper describing the ABINIT project.
- Note that a version of this paper, that is not formatted for Computer Phys. Comm. 
- is available at http://www.abinit.org/about/ABINIT_CPC_v10.pdf .
- The licence allows the authors to put it on the Web.
-
- [3] A brief introduction to the ABINIT software package.
- Z. Kristallogr. 220, 558-562 (2005).
- X. Gonze, G.-M. Rignanese, M. Verstraete, J.-M. Beuken, Y. Pouillon, R. Caracas, F. Jollet,
- M. Torrent, G. Zerah, M. Mikami, Ph. Ghosez, M. Veithen, J.-Y. Raty, V. Olevano, F. Bruneval,
- L. Reining, R. Godby, G. Onida, D.R. Hamann, and D.C. Allan.
- Comment : the second generic paper describing the ABINIT project. Note that this paper
- should be cited especially if you are using the GW part of ABINIT, as several authors
- of this part are not in the list of authors of the first or third paper.
- The .pdf of the latter paper is available at http://www.abinit.org/about/zfk_0505-06_558-562.pdf.
- Note that it should not redistributed (Copyright by Oldenburg Wissenshaftverlag,
- the licence allows the authors to put it on the Web).
-
- And optionally:
-
- [4] First-principles computation of material properties : the ABINIT software project. 
- X. Gonze, J.-M. Beuken, R. Caracas, F. Detraux, M. Fuchs, G.-M. Rignanese, L. Sindic,
- M. Verstraete, G. Zerah, F. Jollet, M. Torrent, A. Roy, M. Mikami, Ph. Ghosez, J.-Y. Raty, D.C. Allan.
- Computational Materials Science 25, 478-492 (2002). http://dx.doi.org/10.1016/S0927-0256(02)00325-7
- Comment : the original paper describing the ABINIT project.
-
- Proc.   0 individual time (sec): cpu=          4.2  wall=          4.5

================================================================================

 Calculation completed.
.Delivered   7 WARNINGs and   3 COMMENTs to log file.
+Overall time at end (sec) : cpu=          4.2  wall=          4.5
