
.Version 8.5.1 of MULTIBINIT 
.(MPI version, prepared for a x86_64_linux_gnu4.8 computer) 

.Copyright (C) 1998-2017 ABINIT group . 
 MULTIBINIT comes with ABSOLUTELY NO WARRANTY.
 It is free software, and you are welcome to redistribute it
 under certain conditions (GNU General Public License,
 see ~abinit/COPYING or http://www.gnu.org/copyleft/gpl.txt).

 ABINIT is a project of the Universite Catholique de Louvain,
 Corning Inc. and other collaborators, see ~abinit/doc/developers/contributors.txt .
 Please read ~abinit/doc/users/acknowledgments.html for suggested
 acknowledgments of the ABINIT effort.
 For more information, see https://www.abinit.org .

.Starting date : Fri 30 Jun 2017.
- ( at 16h23 )
  
-  nproc =    2

================================================================================

 Read the information in the reference structure in 
-/home/alex/Desktop/dev/abinit/abinit_git_dev/tests/paral/Input/t101_ddb.in
 to initialize the multibinit input

================================================================================

 -outvars_multibinit: echo values of input variables ----------------------

 Flags :
     ifcflag         1
   prt_model         2
     strcpli        -1
 Fit the coefficients :
        fit_coeff  1
 fit_generateTerm  1
       fit_cutoff  7.00000000E+00
       fit_option  0
       fit_ncycle  4
         fit_grid  1  1  1
    fit_ts_option  0
   fit_rangePower  3  4
   fit_anhaStrain  0
   fit_SPCoupling  1
    fit_nbancoeff  0
     fit_bancoeff
    fit_nfixcoeff  0
     fit_fixcoeff
 Miscellaneous information :
         asr         2
 Interatomic Force Constants Inputs :
      dipdip         0
  dipdip_prt         1
      ifcana         0
      ifcout   2000000
      natifc         5
       atifc         1   2   3   4   5
 Description of grid 1 :
        brav         1
       ngqpt         1         1         1
      nqshft         1
      q1shft
                     0.00000000E+00  0.00000000E+00  0.00000000E+00
 First list of wavevector (reduced coord.) :
       nph1l         1
       qph1l
                     0.00000000E+00  0.00000000E+00  0.00000000E+00    0.000E+00

================================================================================

 Read the DDB information of the reference system and perform some checks

 Real(R)+Recip(G) space primitive vectors, cartesian coordinates (Bohr,Bohr^-1):
 R(1)=  7.4265196  0.0000000  0.0000000  G(1)=  0.1346526  0.0000000  0.0000000
 R(2)=  0.0000000  7.4265196  0.0000000  G(2)=  0.0000000  0.1346526  0.0000000
 R(3)=  0.0000000  0.0000000  7.4265196  G(3)=  0.0000000  0.0000000  0.1346526
 Unit cell volume ucvol=  4.0959627E+02 bohr^3
 Angles (23,13,12)=  9.00000000E+01  9.00000000E+01  9.00000000E+01 degrees
 Now the whole DDB is in central memory

================================================================================

 Extraction of the energy of the structure (unit: Hartree)

 Energy  =       -1.735221724034E+02

================================================================================

 Extraction of the stress tensor (unit: GPa) and forces (unit: Ha/bohr)

 --- !WARNING:
     The stress tensor of the reference structure is not specify
     The stress tensor will be set to zero
 ---

================================================================================

 Extraction of the clamped elastic tensor (unit:10^2GPa)

   3.1281435   1.0182533   1.0182548  -0.0000004  -0.0000033  -0.0000014
   1.0182569   3.1281493   1.0182548  -0.0000007  -0.0000003  -0.0000014
   1.0182569   1.0182533   3.1281273  -0.0000007  -0.0000033   0.0000003
   0.0000000   0.0000000  -0.0000000   0.6540901   0.0000000   0.0000000
   0.0000000   0.0000000  -0.0000000   0.0000000   0.6540918   0.0000000
   0.0000000  -0.0000000  -0.0000000   0.0000000   0.0000000   0.6540936

================================================================================

 Calculation of acoustic sum rule


================================================================================

 Calculation of the interatomic forces from DDB

       Homogeneous q point set in the B.Z.
 Grid q points  :        1
  1)   0.00000000E+00  0.00000000E+00  0.00000000E+00

 The interatomic forces have been obtained

================================================================================

 Calculation of dynamical matrix for each ph1l points

  Phonon at Gamma, with non-analyticity in the
  direction (cartesian coordinates)  0.00000  0.00000  0.00000
 Phonon energies in Hartree :
   0.000000E+00  0.000000E+00  0.000000E+00  4.398082E-04  4.398082E-04
   4.398082E-04  5.833102E-04  5.833102E-04  5.833102E-04  8.700324E-04
   8.700324E-04  8.700324E-04  2.744572E-03  2.744572E-03  2.744572E-03
 Phonon frequencies in cm-1    :
-  0.000000E+00  0.000000E+00  0.000000E+00  9.652673E+01  9.652673E+01
-  9.652673E+01  1.280218E+02  1.280218E+02  1.280218E+02  1.909500E+02
-  1.909500E+02  1.909500E+02  6.023639E+02  6.023639E+02  6.023639E+02

================================================================================

 Calculation of the internal-strain  tensor

 Force-response internal strain tensor(Unit:Hartree/bohr)

 Atom dir   strainxx    strainyy    strainzz    strainyz    strainxz    strainxy
  1  x     0.0000000  -0.0000000  -0.0000000   0.0000000  -0.0000000  -0.0000000
  1  y     0.0000000  -0.0000000  -0.0000000  -0.0000000   0.0000000   0.0000000
  1  z     0.0000000  -0.0000000  -0.0000000  -0.0000000   0.0000000   0.0000000
  2  x    -0.0000000  -0.0000000  -0.0000000  -0.0000000   0.0000000   0.0000000
  2  y     0.0000000   0.0000000   0.0000000   0.0000000  -0.0000000  -0.0000000
  2  z     0.0000000   0.0000000   0.0000000   0.0000000  -0.0000000  -0.0000000
  3  x     0.0000000   0.0000000   0.0000000   0.0000000  -0.0000000  -0.0000000
  3  y    -0.0000000   0.0000000   0.0000000   0.0000000   0.0000000   0.0000000
  3  z    -0.0000000   0.0000000   0.0000000   0.0000000   0.0000000   0.0000000
  4  x     0.0000000   0.0000000   0.0000000  -0.0000000   0.0000000  -0.0000000
  4  y    -0.0000000  -0.0000000  -0.0000000  -0.0000000  -0.0000000   0.0000000
  4  z     0.0000000  -0.0000000  -0.0000000  -0.0000000   0.0000000  -0.0000000
  5  x     0.0000000   0.0000000   0.0000000  -0.0000000  -0.0000000  -0.0000000
  5  y     0.0000000   0.0000000  -0.0000000  -0.0000000  -0.0000000   0.0000000
  5  z    -0.0000000  -0.0000000  -0.0000000  -0.0000000   0.0000000  -0.0000000

 Displacement-response internal strain tensor (Unit:Bohr)

 Atom dir   strainxx    strainyy    strainzz    strainyz    strainxz    strainxy
  1  x    -0.0000000  -0.0000000  -0.0000000   0.0000000   0.0000000   0.0000000
  1  y     0.0000000  -0.0000000   0.0000000  -0.0000000   0.0000000  -0.0000000
  1  z     0.0000000  -0.0000000  -0.0000000  -0.0000000  -0.0000000   0.0000000
  2  x    -0.0000000  -0.0000000  -0.0000000  -0.0000000   0.0000000   0.0000000
  2  y     0.0000000   0.0000000   0.0000000   0.0000000  -0.0000000  -0.0000000
  2  z     0.0000000   0.0000000   0.0000000   0.0000000  -0.0000000  -0.0000000
  3  x    -0.0000000  -0.0000000  -0.0000000  -0.0000000   0.0000000   0.0000000
  3  y    -0.0000000   0.0000000   0.0000000   0.0000000   0.0000000   0.0000000
  3  z    -0.0000000   0.0000000   0.0000000   0.0000000   0.0000000   0.0000000
  4  x     0.0000000   0.0000000   0.0000000  -0.0000000   0.0000000  -0.0000000
  4  y    -0.0000000   0.0000000   0.0000000   0.0000000  -0.0000000  -0.0000000
  4  z     0.0000000  -0.0000000   0.0000000  -0.0000000   0.0000000  -0.0000000
  5  x     0.0000000   0.0000000   0.0000000  -0.0000000  -0.0000000   0.0000000
  5  y     0.0000000   0.0000000  -0.0000000  -0.0000000  -0.0000000   0.0000000
  5  z    -0.0000000   0.0000000   0.0000000   0.0000000  -0.0000000  -0.0000000



================================================================================

 Impose acoustic sum rule on total ifc

================================================================================

================================================================================

 There is no file for the coefficients from polynomial fitting

================================================================================

-Reading the file the HIST file :
-/home/alex/dev/abinit_git/tests/paral/Input/t101_HIST


================================================================================

 Starting Fit process

--------------------------------------------------------------------------------

 The coefficients for the fit must  will be generate
 555 coefficients generated 

 Mean Standard Deviation values at the begining of the fit process (meV/f.u.):
   Energy          :   3.7052089149349636E+00
 Goal function values at the begining of the fit process (eV^2/A^2):
   Forces+Stresses :   7.5063894344026072E-03
   Forces          :   7.3678367059228245E-03
   Stresses        :   1.3855272847978226E-04

 N   Selecting          MSDE              MSDFS              MSDF              MSDS
    Coefficient      (meV/f.u.)        (eV^2/A^2)        (eV^2/A^2)        (eV^2/A^2)
 1     464         2.5609676625E+00  5.3488566325E-03  5.2003039954E-03  1.4855263709E-04
 2     348         1.9431984606E+00  4.4884626204E-03  4.3332759913E-03  1.5518662913E-04
 3     66          1.9687719605E+00  4.0002877311E-03  3.8455541872E-03  1.5473354390E-04
 4     480         2.0033067192E+00  3.7875227245E-03  3.6336183034E-03  1.5390442116E-04

 Fitted coefficients at the end of the fit process:
 464 =>   1.8766945024E+00 (Ru_x-O1_x)^2(Ru_y-O1_y)^2
 348 =>   1.2507790341E-01 (Sr_x-Ru_x)^4
 66 =>  -5.8319599031E-01 (Sr_x-O1_x)^1(Sr_y-O1_y)^1(Ru_x-O1_x)^1(Ru_y-O1_y)^1
 480 =>   9.0370877270E-02 (Ru_x-O1_x)^1(Ru_y-O1_y)^1(O1_x-O2_x)^1

 Mean Standard Deviation values at the end of the fit process (meV/f.u.):
   Energy          :   2.0033067191838985E+00
 Goal function values at the end of the fit process (eV^2/A^2):
   Forces+Stresses :   3.7875227245094760E-03
   Forces          :   3.6336183033506722E-03
   Stresses        :   1.5390442115880394E-04


================================================================================

 Generation of the xml file for the model in t101_MPI2_sys.xml

 Generation of the xml file for the fitted polynomial in t101_MPI2_coeffs.xml

================================================================================

-
- Proc.   0 individual time (sec): cpu=          3.8  wall=          3.8

================================================================================

+Total cpu time      3.834  and wall time      3.832 sec

 multibinit : the run completed succesfully.
