
.Version 8.1.7 of MULTIBINIT 
.(MPI version, prepared for a x86_64_linux_gnu4.8 computer) 

.Copyright (C) 1998-2016 ABINIT group . 
 MULTIBINIT comes with ABSOLUTELY NO WARRANTY.
 It is free software, and you are welcome to redistribute it
 under certain conditions (GNU General Public License,
 see ~abinit/COPYING or http://www.gnu.org/copyleft/gpl.txt).

 ABINIT is a project of the Universite Catholique de Louvain,
 Corning Inc. and other collaborators, see ~abinit/doc/developers/contributors.txt .
 Please read ~abinit/doc/users/acknowledgments.html for suggested
 acknowledgments of the ABINIT effort.
 For more information, see http://www.abinit.org .

.Starting date : Thu 17 Nov 2016.
- ( at 10h13 )
  
-  nproc =    1

================================================================================

 Read the information in the reference structure in 
-system.xml
 to initialize the multibinit input

================================================================================

 -outvars_multibinit: echo values of input variables ----------------------

 Flags :
     ifcflag         1
   prt_effpo         3
 Molecular Dynamics :
        temp    1000.0
       ntime        50
       ncell         2         2         2
       dtion       100
     optcell         0
       bmass         1.0
        nnos         5
        qmass             50       100       150       200       250
 Miscellaneous information :
         asr         2
 Interatomic Force Constants Inputs :
      dipdip         1
      ifcana         0
      ifcout   2000000
      natifc         4
       atifc         1   2   3   4
 Description of grid 1 :
        brav         1
       ngqpt         1         1         1
      nqshft         1
      q1shft
                     0.00000000E+00  0.00000000E+00  0.00000000E+00
 First list of wavevector (reduced coord.) :
       nph1l         1
       qph1l
                     0.00000000E+00  0.00000000E+00  0.00000000E+00    0.000E+00

================================================================================

 Opening the file system.xml
-Reading the file system.xml with LibXML library

================================================================================
 Generation of new ifc

 dipdip is set to one, the dipole-dipole interation is recompute.

 New bound for ifc (long+short):

 x=[ -1  0], y=[ -1  0] and z=[ -1  1]

 Computation of new dipole-dipole interaction.

 Impose acoustic sum rule on total ifc

================================================================================

 This effective potential contains :
  - Reference energy:        -17.1451766220
  - Number of types of atoms:    2
  - Number of atoms:     4
  - Number of cells:    12
  - Number of qpoints:    8
  - Primitive vectors (unit:Bohr):
    6.528935    3.769482    0.000000
   -6.528935    3.769482    0.000000
    0.000000    0.000000   12.277795
  - acell (unit:Bohr):
    1.000000    1.000000    1.000000
  - Dielectric tensor:
   25.944545   -0.000000   -0.000000
   -0.000000   25.944545   -0.000000
   -0.000000   -0.000000    8.373944
  - Elastic tensor (unit:10^2GPa):
    1.873830    0.414444    0.178057    0.000000    0.000000   -0.000000
    0.414444    1.873830    0.178057    0.000000    0.000000    0.000000
    0.177855    0.177855    1.660337    0.000000    0.000000    0.000000
    0.000000   -0.000000    0.000000    0.345671    0.000000    0.000000
    0.000000    0.000000    0.000000    0.000000    0.345665    0.000000
    0.000000    0.000000    0.000000    0.000000    0.000000    0.729651
  - Atoms   1
    - atomic number:   13.0000
    - atomic mass:   26.9815
    - cartesian position:   -2.176312    3.769482    0.000000
    - Effective charges:
      3.872159    0.000000    0.000000
      0.000000    3.872159   -0.000000
      0.000000    0.000000    2.012513
  - Atoms   2
    - atomic number:   13.0000
    - atomic mass:   26.9815
    - cartesian position:    2.176312    3.769482    6.138898
    - Effective charges:
      3.872159   -0.000000    0.000000
     -0.000000    3.872159   -0.000000
     -0.000000    0.000000    2.012513
  - Atoms   3
    - atomic number:   33.0000
    - atomic mass:   74.9216
    - cartesian position:   -2.176312    3.769482    4.617506
    - Effective charges:
     -3.872159   -0.000000    0.000000
      0.000000   -3.872159    0.000000
      0.000000   -0.000000   -2.012513
  - Atoms   4
    - atomic number:   33.0000
    - atomic mass:   74.9216
    - cartesian position:    2.176312    3.769482   10.756403
    - Effective charges:
     -3.872159   -0.000000   -0.000000
     -0.000000   -3.872159   -0.000000
     -0.000000   -0.000000   -2.012513

================================================================================

There is no file for the coefficients from polynomial fitting

================================================================================

 Generation of the xml file for the reference structure in system.xml

================================================================================

 Structure parameters of the supercell :

  natom       32

  znucl
   13   33

  ntypat      2

  typat
    1    1    2    2    1    1    2    2    1    1    2    2
    1    1    2    2    1    1    2    2    1    1    2    2
    1    1    2    2    1    1    2    2

  acell 1.0 1.0 1.0

  rprim
   0.13057870095015E+02   0.75389648144000E+01   0.00000000000000E+00
  -0.13057870095015E+02   0.75389648144000E+01   0.00000000000000E+00
   0.00000000000000E+00   0.00000000000000E+00   0.24555590748000E+02

  xcart
  -0.21763116825025E+01   0.37694824072000E+01   0.00000000000000E+00
   0.21763116825025E+01   0.37694824072000E+01   0.61388976870000E+01
  -0.21763116825025E+01   0.37694824072000E+01   0.46175055234869E+01
   0.21763116825025E+01   0.37694824072000E+01   0.10756403210487E+02
  -0.21763116825025E+01   0.37694824072000E+01   0.12277795374000E+02
   0.21763116825025E+01   0.37694824072000E+01   0.18416693061000E+02
  -0.21763116825025E+01   0.37694824072000E+01   0.16895300897487E+02
   0.21763116825025E+01   0.37694824072000E+01   0.23034198584487E+02
  -0.87052467300099E+01   0.75389648144000E+01   0.00000000000000E+00
  -0.43526233650049E+01   0.75389648144000E+01   0.61388976870000E+01
  -0.87052467300099E+01   0.75389648144000E+01   0.46175055234869E+01
  -0.43526233650049E+01   0.75389648144000E+01   0.10756403210487E+02
  -0.87052467300099E+01   0.75389648144000E+01   0.12277795374000E+02
  -0.43526233650049E+01   0.75389648144000E+01   0.18416693061000E+02
  -0.87052467300099E+01   0.75389648144000E+01   0.16895300897487E+02
  -0.43526233650049E+01   0.75389648144000E+01   0.23034198584487E+02
   0.43526233650049E+01   0.75389648144000E+01   0.00000000000000E+00
   0.87052467300099E+01   0.75389648144000E+01   0.61388976870000E+01
   0.43526233650049E+01   0.75389648144000E+01   0.46175055234869E+01
   0.87052467300099E+01   0.75389648144000E+01   0.10756403210487E+02
   0.43526233650049E+01   0.75389648144000E+01   0.12277795374000E+02
   0.87052467300099E+01   0.75389648144000E+01   0.18416693061000E+02
   0.43526233650049E+01   0.75389648144000E+01   0.16895300897487E+02
   0.87052467300099E+01   0.75389648144000E+01   0.23034198584487E+02
  -0.21763116825025E+01   0.11308447221600E+02   0.00000000000000E+00
   0.21763116825025E+01   0.11308447221600E+02   0.61388976870000E+01
  -0.21763116825025E+01   0.11308447221600E+02   0.46175055234869E+01
   0.21763116825025E+01   0.11308447221600E+02   0.10756403210487E+02
  -0.21763116825025E+01   0.11308447221600E+02   0.12277795374000E+02
   0.21763116825025E+01   0.11308447221600E+02   0.18416693061000E+02
  -0.21763116825025E+01   0.11308447221600E+02   0.16895300897487E+02
   0.21763116825025E+01   0.11308447221600E+02   0.23034198584487E+02

  xred
   0.16666666666667E+00   0.33333333333333E+00   0.00000000000000E+00
   0.33333333333333E+00   0.16666666666667E+00   0.25000000000000E+00
   0.16666666666667E+00   0.33333333333333E+00   0.18804294186500E+00
   0.33333333333333E+00   0.16666666666667E+00   0.43804294186500E+00
   0.16666666666667E+00   0.33333333333333E+00   0.50000000000000E+00
   0.33333333333333E+00   0.16666666666667E+00   0.75000000000000E+00
   0.16666666666667E+00   0.33333333333333E+00   0.68804294186500E+00
   0.33333333333333E+00   0.16666666666667E+00   0.93804294186500E+00
   0.16666666666667E+00   0.83333333333333E+00   0.00000000000000E+00
   0.33333333333333E+00   0.66666666666667E+00   0.25000000000000E+00
   0.16666666666667E+00   0.83333333333333E+00   0.18804294186500E+00
   0.33333333333333E+00   0.66666666666667E+00   0.43804294186500E+00
   0.16666666666667E+00   0.83333333333333E+00   0.50000000000000E+00
   0.33333333333333E+00   0.66666666666667E+00   0.75000000000000E+00
   0.16666666666667E+00   0.83333333333333E+00   0.68804294186500E+00
   0.33333333333333E+00   0.66666666666667E+00   0.93804294186500E+00
   0.66666666666667E+00   0.33333333333333E+00   0.00000000000000E+00
   0.83333333333333E+00   0.16666666666667E+00   0.25000000000000E+00
   0.66666666666667E+00   0.33333333333333E+00   0.18804294186500E+00
   0.83333333333333E+00   0.16666666666667E+00   0.43804294186500E+00
   0.66666666666667E+00   0.33333333333333E+00   0.50000000000000E+00
   0.83333333333333E+00   0.16666666666667E+00   0.75000000000000E+00
   0.66666666666667E+00   0.33333333333333E+00   0.68804294186500E+00
   0.83333333333333E+00   0.16666666666667E+00   0.93804294186500E+00
   0.66666666666667E+00   0.83333333333333E+00   0.00000000000000E+00
   0.83333333333333E+00   0.66666666666667E+00   0.25000000000000E+00
   0.66666666666667E+00   0.83333333333333E+00   0.18804294186500E+00
   0.83333333333333E+00   0.66666666666667E+00   0.43804294186500E+00
   0.66666666666667E+00   0.83333333333333E+00   0.50000000000000E+00
   0.83333333333333E+00   0.66666666666667E+00   0.75000000000000E+00
   0.66666666666667E+00   0.83333333333333E+00   0.68804294186500E+00
   0.83333333333333E+00   0.66666666666667E+00   0.93804294186500E+00

--------------------------------------------------------------------------------
-Monte Carlo / Molecular Dynamics 


=== [ionmov=12] Isokinetic ensemble molecular dynamics with effective potential
================================================================================

--- Iteration: ( 1/50) Internal Cycle: (1/1)
--------------------------------------------------------------------------------

---EFFECTIVE POTENTIAL CALCULATION--------------------------------------------

 Calculation of the energy with effective potential

 Energy of the reference strucure : -1.3716141297600001E+02 Hartree
 Energy of the ifc part :  2.8100823811412438E-30 Hartree
 Energy of the elastic part :  0.0000000000000000E+00 Hartree

 Total energy : -1.3716141297600001E+02 Hartree

---OUTPUT-----------------------------------------------------------------------

--- Iteration: ( 2/50) Internal Cycle: (1/1)
--------------------------------------------------------------------------------

---EFFECTIVE POTENTIAL CALCULATION--------------------------------------------

 Calculation of the energy with effective potential

 Energy of the reference strucure : -1.3716141297600001E+02 Hartree
 Energy of the ifc part :  2.4447906769250339E-03 Hartree
 Energy of the elastic part :  0.0000000000000000E+00 Hartree

 Total energy : -1.3715896818532309E+02 Hartree

---OUTPUT-----------------------------------------------------------------------

--- Iteration: ( 3/50) Internal Cycle: (1/1)
--------------------------------------------------------------------------------

---EFFECTIVE POTENTIAL CALCULATION--------------------------------------------

 Calculation of the energy with effective potential

 Energy of the reference strucure : -1.3716141297600001E+02 Hartree
 Energy of the ifc part :  9.6584453514361821E-03 Hartree
 Energy of the elastic part :  0.0000000000000000E+00 Hartree

 Total energy : -1.3715175453064856E+02 Hartree

---OUTPUT-----------------------------------------------------------------------

--- Iteration: ( 4/50) Internal Cycle: (1/1)
--------------------------------------------------------------------------------

---EFFECTIVE POTENTIAL CALCULATION--------------------------------------------

 Calculation of the energy with effective potential

 Energy of the reference strucure : -1.3716141297600001E+02 Hartree
 Energy of the ifc part :  2.1269719197746263E-02 Hartree
 Energy of the elastic part :  0.0000000000000000E+00 Hartree

 Total energy : -1.3714014325680228E+02 Hartree

---OUTPUT-----------------------------------------------------------------------

--- Iteration: ( 5/50) Internal Cycle: (1/1)
--------------------------------------------------------------------------------

---EFFECTIVE POTENTIAL CALCULATION--------------------------------------------

 Calculation of the energy with effective potential

 Energy of the reference strucure : -1.3716141297600001E+02 Hartree
 Energy of the ifc part :  3.6631495574025195E-02 Hartree
 Energy of the elastic part :  0.0000000000000000E+00 Hartree

 Total energy : -1.3712478148042598E+02 Hartree

---OUTPUT-----------------------------------------------------------------------

--- Iteration: ( 6/50) Internal Cycle: (1/1)
--------------------------------------------------------------------------------

---EFFECTIVE POTENTIAL CALCULATION--------------------------------------------

 Calculation of the energy with effective potential

 Energy of the reference strucure : -1.3716141297600001E+02 Hartree
 Energy of the ifc part :  5.4786501941412401E-02 Hartree
 Energy of the elastic part :  0.0000000000000000E+00 Hartree

 Total energy : -1.3710662647405860E+02 Hartree

---OUTPUT-----------------------------------------------------------------------

--- Iteration: ( 7/50) Internal Cycle: (1/1)
--------------------------------------------------------------------------------

---EFFECTIVE POTENTIAL CALCULATION--------------------------------------------

 Calculation of the energy with effective potential

 Energy of the reference strucure : -1.3716141297600001E+02 Hartree
 Energy of the ifc part :  7.4441040626503474E-02 Hartree
 Energy of the elastic part :  0.0000000000000000E+00 Hartree

 Total energy : -1.3708697193537350E+02 Hartree

---OUTPUT-----------------------------------------------------------------------

--- Iteration: ( 8/50) Internal Cycle: (1/1)
--------------------------------------------------------------------------------

---EFFECTIVE POTENTIAL CALCULATION--------------------------------------------

 Calculation of the energy with effective potential

 Energy of the reference strucure : -1.3716141297600001E+02 Hartree
 Energy of the ifc part :  9.3978454187875884E-02 Hartree
 Energy of the elastic part :  0.0000000000000000E+00 Hartree

 Total energy : -1.3706743452181215E+02 Hartree

---OUTPUT-----------------------------------------------------------------------

--- Iteration: ( 9/50) Internal Cycle: (1/1)
--------------------------------------------------------------------------------

---EFFECTIVE POTENTIAL CALCULATION--------------------------------------------

 Calculation of the energy with effective potential

 Energy of the reference strucure : -1.3716141297600001E+02 Hartree
 Energy of the ifc part :  1.1155831996558598E-01 Hartree
 Energy of the elastic part :  0.0000000000000000E+00 Hartree

 Total energy : -1.3704985465603443E+02 Hartree

---OUTPUT-----------------------------------------------------------------------

--- Iteration: (10/50) Internal Cycle: (1/1)
--------------------------------------------------------------------------------

---EFFECTIVE POTENTIAL CALCULATION--------------------------------------------

 Calculation of the energy with effective potential

 Energy of the reference strucure : -1.3716141297600001E+02 Hartree
 Energy of the ifc part :  1.2534315601734908E-01 Hartree
 Energy of the elastic part :  0.0000000000000000E+00 Hartree

 Total energy : -1.3703606981998266E+02 Hartree

---OUTPUT-----------------------------------------------------------------------

--- Iteration: (11/50) Internal Cycle: (1/1)
--------------------------------------------------------------------------------

---EFFECTIVE POTENTIAL CALCULATION--------------------------------------------

 Calculation of the energy with effective potential

 Energy of the reference strucure : -1.3716141297600001E+02 Hartree
 Energy of the ifc part :  1.3384602904204254E-01 Hartree
 Energy of the elastic part :  0.0000000000000000E+00 Hartree

 Total energy : -1.3702756694695796E+02 Hartree

---OUTPUT-----------------------------------------------------------------------

--- Iteration: (12/50) Internal Cycle: (1/1)
--------------------------------------------------------------------------------

---EFFECTIVE POTENTIAL CALCULATION--------------------------------------------

 Calculation of the energy with effective potential

 Energy of the reference strucure : -1.3716141297600001E+02 Hartree
 Energy of the ifc part :  1.3629958806720455E-01 Hartree
 Energy of the elastic part :  0.0000000000000000E+00 Hartree

 Total energy : -1.3702511338793281E+02 Hartree

---OUTPUT-----------------------------------------------------------------------

--- Iteration: (13/50) Internal Cycle: (1/1)
--------------------------------------------------------------------------------

---EFFECTIVE POTENTIAL CALCULATION--------------------------------------------

 Calculation of the energy with effective potential

 Energy of the reference strucure : -1.3716141297600001E+02 Hartree
 Energy of the ifc part :  1.3287599871117167E-01 Hartree
 Energy of the elastic part :  0.0000000000000000E+00 Hartree

 Total energy : -1.3702853697728884E+02 Hartree

---OUTPUT-----------------------------------------------------------------------

--- Iteration: (14/50) Internal Cycle: (1/1)
--------------------------------------------------------------------------------

---EFFECTIVE POTENTIAL CALCULATION--------------------------------------------

 Calculation of the energy with effective potential

 Energy of the reference strucure : -1.3716141297600001E+02 Hartree
 Energy of the ifc part :  1.2463296991678602E-01 Hartree
 Energy of the elastic part :  0.0000000000000000E+00 Hartree

 Total energy : -1.3703678000608323E+02 Hartree

---OUTPUT-----------------------------------------------------------------------

--- Iteration: (15/50) Internal Cycle: (1/1)
--------------------------------------------------------------------------------

---EFFECTIVE POTENTIAL CALCULATION--------------------------------------------

 Calculation of the energy with effective potential

 Energy of the reference strucure : -1.3716141297600001E+02 Hartree
 Energy of the ifc part :  1.1321651081425439E-01 Hartree
 Energy of the elastic part :  0.0000000000000000E+00 Hartree

 Total energy : -1.3704819646518575E+02 Hartree

---OUTPUT-----------------------------------------------------------------------

--- Iteration: (16/50) Internal Cycle: (1/1)
--------------------------------------------------------------------------------

---EFFECTIVE POTENTIAL CALCULATION--------------------------------------------

 Calculation of the energy with effective potential

 Energy of the reference strucure : -1.3716141297600001E+02 Hartree
 Energy of the ifc part :  1.0047820474460284E-01 Hartree
 Energy of the elastic part :  0.0000000000000000E+00 Hartree

 Total energy : -1.3706093477125540E+02 Hartree

---OUTPUT-----------------------------------------------------------------------

--- Iteration: (17/50) Internal Cycle: (1/1)
--------------------------------------------------------------------------------

---EFFECTIVE POTENTIAL CALCULATION--------------------------------------------

 Calculation of the energy with effective potential

 Energy of the reference strucure : -1.3716141297600001E+02 Hartree
 Energy of the ifc part :  8.8161160182499129E-02 Hartree
 Energy of the elastic part :  0.0000000000000000E+00 Hartree

 Total energy : -1.3707325181581751E+02 Hartree

---OUTPUT-----------------------------------------------------------------------

--- Iteration: (18/50) Internal Cycle: (1/1)
--------------------------------------------------------------------------------

---EFFECTIVE POTENTIAL CALCULATION--------------------------------------------

 Calculation of the energy with effective potential

 Energy of the reference strucure : -1.3716141297600001E+02 Hartree
 Energy of the ifc part :  7.7718068359483888E-02 Hartree
 Energy of the elastic part :  0.0000000000000000E+00 Hartree

 Total energy : -1.3708369490764053E+02 Hartree

---OUTPUT-----------------------------------------------------------------------

--- Iteration: (19/50) Internal Cycle: (1/1)
--------------------------------------------------------------------------------

---EFFECTIVE POTENTIAL CALCULATION--------------------------------------------

 Calculation of the energy with effective potential

 Energy of the reference strucure : -1.3716141297600001E+02 Hartree
 Energy of the ifc part :  7.0244034230804955E-02 Hartree
 Energy of the elastic part :  0.0000000000000000E+00 Hartree

 Total energy : -1.3709116894176921E+02 Hartree

---OUTPUT-----------------------------------------------------------------------

--- Iteration: (20/50) Internal Cycle: (1/1)
--------------------------------------------------------------------------------

---EFFECTIVE POTENTIAL CALCULATION--------------------------------------------

 Calculation of the energy with effective potential

 Energy of the reference strucure : -1.3716141297600001E+02 Hartree
 Energy of the ifc part :  6.6476550623060057E-02 Hartree
 Energy of the elastic part :  0.0000000000000000E+00 Hartree

 Total energy : -1.3709493642537694E+02 Hartree

---OUTPUT-----------------------------------------------------------------------

--- Iteration: (21/50) Internal Cycle: (1/1)
--------------------------------------------------------------------------------

---EFFECTIVE POTENTIAL CALCULATION--------------------------------------------

 Calculation of the energy with effective potential

 Energy of the reference strucure : -1.3716141297600001E+02 Hartree
 Energy of the ifc part :  6.6820225718945997E-02 Hartree
 Energy of the elastic part :  0.0000000000000000E+00 Hartree

 Total energy : -1.3709459275028107E+02 Hartree

---OUTPUT-----------------------------------------------------------------------

--- Iteration: (22/50) Internal Cycle: (1/1)
--------------------------------------------------------------------------------

---EFFECTIVE POTENTIAL CALCULATION--------------------------------------------

 Calculation of the energy with effective potential

 Energy of the reference strucure : -1.3716141297600001E+02 Hartree
 Energy of the ifc part :  7.1369798832826153E-02 Hartree
 Energy of the elastic part :  0.0000000000000000E+00 Hartree

 Total energy : -1.3709004317716719E+02 Hartree

---OUTPUT-----------------------------------------------------------------------

--- Iteration: (23/50) Internal Cycle: (1/1)
--------------------------------------------------------------------------------

---EFFECTIVE POTENTIAL CALCULATION--------------------------------------------

 Calculation of the energy with effective potential

 Energy of the reference strucure : -1.3716141297600001E+02 Hartree
 Energy of the ifc part :  7.9918698260608920E-02 Hartree
 Energy of the elastic part :  0.0000000000000000E+00 Hartree

 Total energy : -1.3708149427773941E+02 Hartree

---OUTPUT-----------------------------------------------------------------------

--- Iteration: (24/50) Internal Cycle: (1/1)
--------------------------------------------------------------------------------

---EFFECTIVE POTENTIAL CALCULATION--------------------------------------------

 Calculation of the energy with effective potential

 Energy of the reference strucure : -1.3716141297600001E+02 Hartree
 Energy of the ifc part :  9.1949804097556445E-02 Hartree
 Energy of the elastic part :  0.0000000000000000E+00 Hartree

 Total energy : -1.3706946317190244E+02 Hartree

---OUTPUT-----------------------------------------------------------------------

--- Iteration: (25/50) Internal Cycle: (1/1)
--------------------------------------------------------------------------------

---EFFECTIVE POTENTIAL CALCULATION--------------------------------------------

 Calculation of the energy with effective potential

 Energy of the reference strucure : -1.3716141297600001E+02 Hartree
 Energy of the ifc part :  1.0661281045519175E-01 Hartree
 Energy of the elastic part :  0.0000000000000000E+00 Hartree

 Total energy : -1.3705480016554480E+02 Hartree

---OUTPUT-----------------------------------------------------------------------

--- Iteration: (26/50) Internal Cycle: (1/1)
--------------------------------------------------------------------------------

---EFFECTIVE POTENTIAL CALCULATION--------------------------------------------

 Calculation of the energy with effective potential

 Energy of the reference strucure : -1.3716141297600001E+02 Hartree
 Energy of the ifc part :  1.2270227564125452E-01 Hartree
 Energy of the elastic part :  0.0000000000000000E+00 Hartree

 Total energy : -1.3703871070035876E+02 Hartree

---OUTPUT-----------------------------------------------------------------------

--- Iteration: (27/50) Internal Cycle: (1/1)
--------------------------------------------------------------------------------

---EFFECTIVE POTENTIAL CALCULATION--------------------------------------------

 Calculation of the energy with effective potential

 Energy of the reference strucure : -1.3716141297600001E+02 Hartree
 Energy of the ifc part :  1.3866434500262320E-01 Hartree
 Energy of the elastic part :  0.0000000000000000E+00 Hartree

 Total energy : -1.3702274863099740E+02 Hartree

---OUTPUT-----------------------------------------------------------------------

--- Iteration: (28/50) Internal Cycle: (1/1)
--------------------------------------------------------------------------------

---EFFECTIVE POTENTIAL CALCULATION--------------------------------------------

 Calculation of the energy with effective potential

 Energy of the reference strucure : -1.3716141297600001E+02 Hartree
 Energy of the ifc part :  1.5267512839166689E-01 Hartree
 Energy of the elastic part :  0.0000000000000000E+00 Hartree

 Total energy : -1.3700873784760833E+02 Hartree

---OUTPUT-----------------------------------------------------------------------

--- Iteration: (29/50) Internal Cycle: (1/1)
--------------------------------------------------------------------------------

---EFFECTIVE POTENTIAL CALCULATION--------------------------------------------

 Calculation of the energy with effective potential

 Energy of the reference strucure : -1.3716141297600001E+02 Hartree
 Energy of the ifc part :  1.6283556774021160E-01 Hartree
 Energy of the elastic part :  0.0000000000000000E+00 Hartree

 Total energy : -1.3699857740825979E+02 Hartree

---OUTPUT-----------------------------------------------------------------------

--- Iteration: (30/50) Internal Cycle: (1/1)
--------------------------------------------------------------------------------

---EFFECTIVE POTENTIAL CALCULATION--------------------------------------------

 Calculation of the energy with effective potential

 Energy of the reference strucure : -1.3716141297600001E+02 Hartree
 Energy of the ifc part :  1.6749177992936268E-01 Hartree
 Energy of the elastic part :  0.0000000000000000E+00 Hartree

 Total energy : -1.3699392119607066E+02 Hartree

---OUTPUT-----------------------------------------------------------------------

--- Iteration: (31/50) Internal Cycle: (1/1)
--------------------------------------------------------------------------------

---EFFECTIVE POTENTIAL CALCULATION--------------------------------------------

 Calculation of the energy with effective potential

 Energy of the reference strucure : -1.3716141297600001E+02 Hartree
 Energy of the ifc part :  1.6560652255590508E-01 Hartree
 Energy of the elastic part :  0.0000000000000000E+00 Hartree

 Total energy : -1.3699580645344409E+02 Hartree

---OUTPUT-----------------------------------------------------------------------

--- Iteration: (32/50) Internal Cycle: (1/1)
--------------------------------------------------------------------------------

---EFFECTIVE POTENTIAL CALCULATION--------------------------------------------

 Calculation of the energy with effective potential

 Energy of the reference strucure : -1.3716141297600001E+02 Hartree
 Energy of the ifc part :  1.5702481342372715E-01 Hartree
 Energy of the elastic part :  0.0000000000000000E+00 Hartree

 Total energy : -1.3700438816257628E+02 Hartree

---OUTPUT-----------------------------------------------------------------------

--- Iteration: (33/50) Internal Cycle: (1/1)
--------------------------------------------------------------------------------

---EFFECTIVE POTENTIAL CALCULATION--------------------------------------------

 Calculation of the energy with effective potential

 Energy of the reference strucure : -1.3716141297600001E+02 Hartree
 Energy of the ifc part :  1.4248951076478147E-01 Hartree
 Energy of the elastic part :  0.0000000000000000E+00 Hartree

 Total energy : -1.3701892346523522E+02 Hartree

---OUTPUT-----------------------------------------------------------------------

--- Iteration: (34/50) Internal Cycle: (1/1)
--------------------------------------------------------------------------------

---EFFECTIVE POTENTIAL CALCULATION--------------------------------------------

 Calculation of the energy with effective potential

 Energy of the reference strucure : -1.3716141297600001E+02 Hartree
 Energy of the ifc part :  1.2339716286782858E-01 Hartree
 Energy of the elastic part :  0.0000000000000000E+00 Hartree

 Total energy : -1.3703801581313218E+02 Hartree

---OUTPUT-----------------------------------------------------------------------

--- Iteration: (35/50) Internal Cycle: (1/1)
--------------------------------------------------------------------------------

---EFFECTIVE POTENTIAL CALCULATION--------------------------------------------

 Calculation of the energy with effective potential

 Energy of the reference strucure : -1.3716141297600001E+02 Hartree
 Energy of the ifc part :  1.0142816919318395E-01 Hartree
 Energy of the elastic part :  0.0000000000000000E+00 Hartree

 Total energy : -1.3705998480680682E+02 Hartree

---OUTPUT-----------------------------------------------------------------------

--- Iteration: (36/50) Internal Cycle: (1/1)
--------------------------------------------------------------------------------

---EFFECTIVE POTENTIAL CALCULATION--------------------------------------------

 Calculation of the energy with effective potential

 Energy of the reference strucure : -1.3716141297600001E+02 Hartree
 Energy of the ifc part :  7.8214142136690479E-02 Hartree
 Energy of the elastic part :  0.0000000000000000E+00 Hartree

 Total energy : -1.3708319883386332E+02 Hartree

---OUTPUT-----------------------------------------------------------------------

--- Iteration: (37/50) Internal Cycle: (1/1)
--------------------------------------------------------------------------------

---EFFECTIVE POTENTIAL CALCULATION--------------------------------------------

 Calculation of the energy with effective potential

 Energy of the reference strucure : -1.3716141297600001E+02 Hartree
 Energy of the ifc part :  5.5129103533914536E-02 Hartree
 Energy of the elastic part :  0.0000000000000000E+00 Hartree

 Total energy : -1.3710628387246609E+02 Hartree

---OUTPUT-----------------------------------------------------------------------

--- Iteration: (38/50) Internal Cycle: (1/1)
--------------------------------------------------------------------------------

---EFFECTIVE POTENTIAL CALCULATION--------------------------------------------

 Calculation of the energy with effective potential

 Energy of the reference strucure : -1.3716141297600001E+02 Hartree
 Energy of the ifc part :  3.3203891093139232E-02 Hartree
 Energy of the elastic part :  0.0000000000000000E+00 Hartree

 Total energy : -1.3712820908490687E+02 Hartree

---OUTPUT-----------------------------------------------------------------------

--- Iteration: (39/50) Internal Cycle: (1/1)
--------------------------------------------------------------------------------

---EFFECTIVE POTENTIAL CALCULATION--------------------------------------------

 Calculation of the energy with effective potential

 Energy of the reference strucure : -1.3716141297600001E+02 Hartree
 Energy of the ifc part :  1.3121675718412409E-02 Hartree
 Energy of the elastic part :  0.0000000000000000E+00 Hartree

 Total energy : -1.3714829130028158E+02 Hartree

---OUTPUT-----------------------------------------------------------------------

--- Iteration: (40/50) Internal Cycle: (1/1)
--------------------------------------------------------------------------------

---EFFECTIVE POTENTIAL CALCULATION--------------------------------------------

 Calculation of the energy with effective potential

 Energy of the reference strucure : -1.3716141297600001E+02 Hartree
 Energy of the ifc part : -4.7481510633981712E-03 Hartree
 Energy of the elastic part :  0.0000000000000000E+00 Hartree

 Total energy : -1.3716616112706342E+02 Hartree

---OUTPUT-----------------------------------------------------------------------

--- Iteration: (41/50) Internal Cycle: (1/1)
--------------------------------------------------------------------------------

---EFFECTIVE POTENTIAL CALCULATION--------------------------------------------

 Calculation of the energy with effective potential

 Energy of the reference strucure : -1.3716141297600001E+02 Hartree
 Energy of the ifc part : -2.0305208933062164E-02 Hartree
 Energy of the elastic part :  0.0000000000000000E+00 Hartree

 Total energy : -1.3718171818493306E+02 Hartree

---OUTPUT-----------------------------------------------------------------------

--- Iteration: (42/50) Internal Cycle: (1/1)
--------------------------------------------------------------------------------

---EFFECTIVE POTENTIAL CALCULATION--------------------------------------------

 Calculation of the energy with effective potential

 Energy of the reference strucure : -1.3716141297600001E+02 Hartree
 Energy of the ifc part : -3.3675016685557814E-02 Hartree
 Energy of the elastic part :  0.0000000000000000E+00 Hartree

 Total energy : -1.3719508799268556E+02 Hartree

---OUTPUT-----------------------------------------------------------------------

--- Iteration: (43/50) Internal Cycle: (1/1)
--------------------------------------------------------------------------------

---EFFECTIVE POTENTIAL CALCULATION--------------------------------------------

 Calculation of the energy with effective potential

 Energy of the reference strucure : -1.3716141297600001E+02 Hartree
 Energy of the ifc part : -4.5170249910018348E-02 Hartree
 Energy of the elastic part :  0.0000000000000000E+00 Hartree

 Total energy : -1.3720658322591004E+02 Hartree

---OUTPUT-----------------------------------------------------------------------

--- Iteration: (44/50) Internal Cycle: (1/1)
--------------------------------------------------------------------------------

---EFFECTIVE POTENTIAL CALCULATION--------------------------------------------

 Calculation of the energy with effective potential

 Energy of the reference strucure : -1.3716141297600001E+02 Hartree
 Energy of the ifc part : -5.5253876634743307E-02 Hartree
 Energy of the elastic part :  0.0000000000000000E+00 Hartree

 Total energy : -1.3721666685263475E+02 Hartree

---OUTPUT-----------------------------------------------------------------------

--- Iteration: (45/50) Internal Cycle: (1/1)
--------------------------------------------------------------------------------

---EFFECTIVE POTENTIAL CALCULATION--------------------------------------------

 Calculation of the energy with effective potential

 Energy of the reference strucure : -1.3716141297600001E+02 Hartree
 Energy of the ifc part : -6.4499625155067575E-02 Hartree
 Energy of the elastic part :  0.0000000000000000E+00 Hartree

 Total energy : -1.3722591260115507E+02 Hartree

---OUTPUT-----------------------------------------------------------------------

--- Iteration: (46/50) Internal Cycle: (1/1)
--------------------------------------------------------------------------------

---EFFECTIVE POTENTIAL CALCULATION--------------------------------------------

 Calculation of the energy with effective potential

 Energy of the reference strucure : -1.3716141297600001E+02 Hartree
 Energy of the ifc part : -7.3545493564802777E-02 Hartree
 Energy of the elastic part :  0.0000000000000000E+00 Hartree

 Total energy : -1.3723495846956482E+02 Hartree

---OUTPUT-----------------------------------------------------------------------

--- Iteration: (47/50) Internal Cycle: (1/1)
--------------------------------------------------------------------------------

---EFFECTIVE POTENTIAL CALCULATION--------------------------------------------

 Calculation of the energy with effective potential

 Energy of the reference strucure : -1.3716141297600001E+02 Hartree
 Energy of the ifc part : -8.3038376398903352E-02 Hartree
 Energy of the elastic part :  0.0000000000000000E+00 Hartree

 Total energy : -1.3724445135239893E+02 Hartree

---OUTPUT-----------------------------------------------------------------------

--- Iteration: (48/50) Internal Cycle: (1/1)
--------------------------------------------------------------------------------

---EFFECTIVE POTENTIAL CALCULATION--------------------------------------------

 Calculation of the energy with effective potential

 Energy of the reference strucure : -1.3716141297600001E+02 Hartree
 Energy of the ifc part : -9.3572154004827768E-02 Hartree
 Energy of the elastic part :  0.0000000000000000E+00 Hartree

 Total energy : -1.3725498513000483E+02 Hartree

---OUTPUT-----------------------------------------------------------------------

--- Iteration: (49/50) Internal Cycle: (1/1)
--------------------------------------------------------------------------------

---EFFECTIVE POTENTIAL CALCULATION--------------------------------------------

 Calculation of the energy with effective potential

 Energy of the reference strucure : -1.3716141297600001E+02 Hartree
 Energy of the ifc part : -1.0562673616788808E-01 Hartree
 Energy of the elastic part :  0.0000000000000000E+00 Hartree

 Total energy : -1.3726703971216790E+02 Hartree

---OUTPUT-----------------------------------------------------------------------

--- Iteration: (50/50) Internal Cycle: (1/1)
--------------------------------------------------------------------------------

---EFFECTIVE POTENTIAL CALCULATION--------------------------------------------

 Calculation of the energy with effective potential

 Energy of the reference strucure : -1.3716141297600001E+02 Hartree
 Energy of the ifc part : -1.1951937470464306E-01 Hartree
 Energy of the elastic part :  0.0000000000000000E+00 Hartree

 Total energy : -1.3728093235070466E+02 Hartree

---OUTPUT-----------------------------------------------------------------------

================================================================================


================================================================================

-
- Proc.   0 individual time (sec): cpu=          0.8  wall=          0.8

================================================================================

+Total cpu time      0.794  and wall time      0.794 sec

 multibinit : the run completed succesfully.