
.Version 8.9.4 of ABINIT 
.(MPI version, prepared for a x86_64_darwin15.3.0_gnu6.4 computer) 

.Copyright (C) 1998-2018 ABINIT group . 
 ABINIT comes with ABSOLUTELY NO WARRANTY.
 It is free software, and you are welcome to redistribute it
 under certain conditions (GNU General Public License,
 see ~abinit/COPYING or http://www.gnu.org/copyleft/gpl.txt).

 ABINIT is a project of the Universite Catholique de Louvain,
 Corning Inc. and other collaborators, see ~abinit/doc/developers/contributors.txt .
 Please read https://docs.abinit.org/theory/acknowledgments for suggested
 acknowledgments of the ABINIT effort.
 For more information, see https://www.abinit.org .

.Starting date : Tue 14 Aug 2018.
- ( at 07h13 )
  
- input  file    -> t19.in
- output file    -> t19.out
- root for input  files -> t19i
- root for output files -> t19o


 Symmetries : space group Pm m m (# 47); Bravais oP (primitive ortho.)
================================================================================
 Values of the parameters that define the memory need of the present run
     intxc =       0    ionmov =       2      iscf =       7    lmnmax =       1
     lnmax =       1     mgfft =      36  mpssoang =       2    mqgrid =    3001
     natom =       2  nloc_mem =       1    nspden =       2   nspinor =       1
    nsppol =       2      nsym =       8    n1xccc =    2501    ntypat =       1
    occopt =       0   xclevel =       1
-    mband =           8        mffmem =           1         mkmem =           1
       mpw =         502          nfft =       19440          nkpt =           1
================================================================================
P This job should need less than                       9.076 Mbytes of memory.
  Rough estimation (10% accuracy) of disk space for files :
_ WF disk file :      0.125 Mbytes ; DEN or POT disk file :      0.299 Mbytes.
================================================================================

--------------------------------------------------------------------------------
------------- Echo of variables that govern the present computation ------------
--------------------------------------------------------------------------------
-
- outvars: echo of selected default values                                      
-   iomode0 =  0 , fftalg0 =312 , wfoptalg0 =  0
-
- outvars: echo of global parameters not present in the input file              
-  max_nthreads =    0
-
 -outvars: echo values of preprocessed input variables --------
            acell      5.0000000000E+00  9.0000000000E+00  1.0000000000E+01 Bohr
              amu      1.59994000E+01
           diemac      2.00000000E+00
             ecut      1.30000000E+01 Hartree
-          fftalg         312
           getwfk          -1
           ionmov           2
           istwfk        2
           kptopt           0
P           mkmem           1
            natom           2
            nband           8
            ngfft          18      30      36
             nkpt           1
           nspden           2
           nsppol           2
             nsym           8
            ntime          10
           ntypat           1
              occ      1.000000  1.000000  1.000000  1.000000  1.000000  1.000000
                       1.000000  0.000000
                       1.000000  1.000000  1.000000  1.000000  1.000000  0.000000
                       0.000000  0.000000
           occopt           0
          spgroup          47
           symrel      1  0  0   0  1  0   0  0  1      -1  0  0   0 -1  0   0  0 -1
                      -1  0  0   0  1  0   0  0 -1       1  0  0   0 -1  0   0  0  1
                      -1  0  0   0 -1  0   0  0  1       1  0  0   0  1  0   0  0 -1
                       1  0  0   0 -1  0   0  0 -1      -1  0  0   0  1  0   0  0  1
           tolmxf      1.00000000E-05
           tolvrs      1.00000000E-16
            typat      1  1
           xangst      0.0000000000E+00  0.0000000000E+00  6.6676328282E-01
                       0.0000000000E+00  0.0000000000E+00 -6.6676328282E-01
            xcart      0.0000000000E+00  0.0000000000E+00  1.2600000000E+00
                       0.0000000000E+00  0.0000000000E+00 -1.2600000000E+00
             xred      0.0000000000E+00  0.0000000000E+00  1.2600000000E-01
                       0.0000000000E+00  0.0000000000E+00 -1.2600000000E-01
            znucl        8.00000

================================================================================

 chkinp: Checking input parameters for consistency.

================================================================================
== DATASET  1 ==================================================================
-   nproc =    1

 Exchange-correlation functional for the present dataset will be:
  LDA: new Teter (4/93) with spin-polarized option - ixc=1
 Citation for XC functional:
  S. Goedecker, M. Teter, J. Huetter, PRB 54, 1703 (1996)

 Real(R)+Recip(G) space primitive vectors, cartesian coordinates (Bohr,Bohr^-1):
 R(1)=  5.0000000  0.0000000  0.0000000  G(1)=  0.2000000  0.0000000  0.0000000
 R(2)=  0.0000000  9.0000000  0.0000000  G(2)=  0.0000000  0.1111111  0.0000000
 R(3)=  0.0000000  0.0000000 10.0000000  G(3)=  0.0000000  0.0000000  0.1000000
 Unit cell volume ucvol=  4.5000000E+02 bohr^3
 Angles (23,13,12)=  9.00000000E+01  9.00000000E+01  9.00000000E+01 degrees

 getcut: wavevector=  0.0000  0.0000  0.0000  ngfft=  18  30  36
         ecut(hartree)=     13.000   => boxcut(ratio)=   2.05372

--- Pseudopotential description ------------------------------------------------
- pspini: atom type   1  psp file is /Users/gonze/_Research/ABINIT_git/linimages/tests/Psps_for_tests/8o.pspnc
- pspatm: opening atomic psp file    /Users/gonze/_Research/ABINIT_git/linimages/tests/Psps_for_tests/8o.pspnc
-  Troullier-Martins psp for element  O         Thu Oct 27 17:29:57 EDT 1994
-  8.00000   6.00000    940714                znucl, zion, pspdat
    1    1    1    1      2001   0.00000      pspcod,pspxc,lmax,lloc,mmax,r2well
    0   5.480  16.893    1   1.4482335        l,e99.0,e99.9,nproj,rcpsp
   0.00000000   0.00000000   0.00000000   0.00000000     rms, ekb1, ekb2, epsatm
    1  20.911  28.075    0   1.4482335        l,e99.0,e99.9,nproj,rcpsp
   0.00000000   0.00000000   0.00000000   0.00000000     rms, ekb1, ekb2, epsatm
    0.56990156784787    3.95561236318184    0.63894027514378   rchrg,fchrg,qchrg
  pspatm : epsatm=    1.57752239
         --- l  ekb(1:nproj) -->
             0    5.670783
 pspatm: atomic psp has been read  and splines computed

   3.78605374E+01                                ecore*ucvol(ha*bohr**3)
--------------------------------------------------------------------------------

_setup2: Arith. and geom. avg. npw (full set) are    1003.000    1003.000

================================================================================

=== [ionmov= 2] Broyden-Fletcher-Goldfard-Shanno method (forces)            
================================================================================

--- Iteration: ( 1/10) Internal Cycle: (1/1)
--------------------------------------------------------------------------------

---SELF-CONSISTENT-FIELD CONVERGENCE--------------------------------------------

     iter   Etot(hartree)      deltaE(h)  residm     vres2
 ETOT  1  -31.365080646679    -3.137E+01 3.414E-02 1.215E+03
 ETOT  2  -31.706243667378    -3.412E-01 8.952E-03 8.859E+02
 ETOT  3  -31.923905946534    -2.177E-01 7.257E-03 9.293E+01
 ETOT  4  -31.930734228022    -6.828E-03 1.115E-02 4.838E+01
 ETOT  5  -31.939609277632    -8.875E-03 1.128E-03 2.656E-01
 ETOT  6  -31.939667649433    -5.837E-05 5.999E-05 2.048E-01
 ETOT  7  -31.939695124340    -2.747E-05 1.657E-06 2.000E-02
 ETOT  8  -31.939697510391    -2.386E-06 2.166E-07 1.185E-04
 ETOT  9  -31.939697521606    -1.121E-08 1.195E-08 3.650E-06
 ETOT 10  -31.939697521848    -2.417E-10 1.514E-09 8.292E-08
 ETOT 11  -31.939697521864    -1.628E-11 9.243E-11 6.770E-09
 ETOT 12  -31.939697521867    -3.208E-12 1.259E-11 9.270E-11
 ETOT 13  -31.939697521869    -1.343E-12 7.803E-13 3.427E-12
 ETOT 14  -31.939697521868     1.208E-12 1.053E-13 1.509E-13
 ETOT 15  -31.939697521868    -4.690E-13 6.478E-15 8.277E-15
 ETOT 16  -31.939697521869    -8.491E-13 8.823E-16 6.354E-17

 At SCF step   16       vres2   =  6.35E-17 < tolvrs=  1.00E-16 =>converged.

 Cartesian components of stress tensor (hartree/bohr^3)
  sigma(1 1)=  3.73700167E-03  sigma(3 2)=  0.00000000E+00
  sigma(2 2)=  3.61776887E-03  sigma(3 1)=  0.00000000E+00
  sigma(3 3)=  3.25914163E-03  sigma(2 1)=  0.00000000E+00

 Integrated electronic and magnetization densities in atomic spheres:
 ---------------------------------------------------------------------
 Note: Diff(up-dn) is a rough approximation of local magnetic moment
 Atom    Radius    up_density   dn_density  Total(up+dn)  Diff(up-dn)
    1   2.00000     3.548486     2.602362      6.150848     0.946124
    2   2.00000     3.548486     2.602362      6.150848     0.946124
 ---------------------------------------------------------------------
  Sum:              7.096972     5.204724     12.301696     1.892249
 Total magnetization (from the atomic spheres):             1.892249
 Total magnetization (exact up - dn):                       2.000000

---OUTPUT-----------------------------------------------------------------------

 Cartesian coordinates (xcart) [bohr]
  0.00000000000000E+00  0.00000000000000E+00  1.26000000000000E+00
  0.00000000000000E+00  0.00000000000000E+00 -1.26000000000000E+00
 Reduced coordinates (xred)
  0.00000000000000E+00  0.00000000000000E+00  1.26000000000000E-01
  0.00000000000000E+00  0.00000000000000E+00 -1.26000000000000E-01
 Cartesian forces (fcart) [Ha/bohr]; max,rms= 1.16188E-02 6.70809E-03 (free atoms)
 -0.00000000000000E+00 -0.00000000000000E+00  1.16187590438919E-02
 -0.00000000000000E+00 -0.00000000000000E+00 -1.16187590438919E-02
 Reduced forces (fred)
 -0.00000000000000E+00 -0.00000000000000E+00 -1.16187590438919E-01
  0.00000000000000E+00  0.00000000000000E+00  1.16187590438919E-01
 Total energy (etotal) [Ha]= -3.19396975218688E+01

--- Iteration: ( 2/10) Internal Cycle: (1/1)
--------------------------------------------------------------------------------

---SELF-CONSISTENT-FIELD CONVERGENCE--------------------------------------------

     iter   Etot(hartree)      deltaE(h)  residm     vres2
 ETOT  1  -31.939575118281    -3.194E+01 2.739E-08 1.047E-01
 ETOT  2  -31.939629294565    -5.418E-05 4.289E-10 2.126E-02
 ETOT  3  -31.939640716942    -1.142E-05 1.049E-06 4.590E-04
 ETOT  4  -31.939640861128    -1.442E-07 6.350E-09 6.085E-05
 ETOT  5  -31.939640877508    -1.638E-08 6.019E-10 8.412E-06
 ETOT  6  -31.939640879306    -1.798E-09 1.269E-10 1.866E-08
 ETOT  7  -31.939640879310    -3.848E-12 3.710E-14 5.965E-10
 ETOT  8  -31.939640879311    -1.538E-12 7.895E-15 6.743E-12
 ETOT  9  -31.939640879310     1.453E-12 1.521E-16 1.872E-13
 ETOT 10  -31.939640879310    -4.619E-14 4.562E-19 3.374E-15
 ETOT 11  -31.939640879311    -7.212E-13 5.504E-20 4.008E-17

 At SCF step   11       vres2   =  4.01E-17 < tolvrs=  1.00E-16 =>converged.

 Cartesian components of stress tensor (hartree/bohr^3)
  sigma(1 1)=  3.72401848E-03  sigma(3 2)=  0.00000000E+00
  sigma(2 2)=  3.60584190E-03  sigma(3 1)=  0.00000000E+00
  sigma(3 3)=  3.33780703E-03  sigma(2 1)=  0.00000000E+00

 Integrated electronic and magnetization densities in atomic spheres:
 ---------------------------------------------------------------------
 Note: Diff(up-dn) is a rough approximation of local magnetic moment
 Atom    Radius    up_density   dn_density  Total(up+dn)  Diff(up-dn)
    1   2.00000     3.512039     2.572551      6.084590     0.939488
    2   2.00000     3.512039     2.572551      6.084590     0.939488
 ---------------------------------------------------------------------
  Sum:              7.024079     5.145102     12.169180     1.878977
 Total magnetization (from the atomic spheres):             1.878977
 Total magnetization (exact up - dn):                       2.000000

---OUTPUT-----------------------------------------------------------------------

 Cartesian coordinates (xcart) [bohr]
  0.00000000000000E+00  0.00000000000000E+00  1.27161875904389E+00
  0.00000000000000E+00  0.00000000000000E+00 -1.27161875904389E+00
 Reduced coordinates (xred)
  0.00000000000000E+00  0.00000000000000E+00  1.27161875904389E-01
  0.00000000000000E+00  0.00000000000000E+00 -1.27161875904389E-01
 Cartesian forces (fcart) [Ha/bohr]; max,rms= 1.62217E-02 9.36562E-03 (free atoms)
 -0.00000000000000E+00 -0.00000000000000E+00 -1.62217257229938E-02
 -0.00000000000000E+00 -0.00000000000000E+00  1.62217257229938E-02
 Reduced forces (fred)
  0.00000000000000E+00  0.00000000000000E+00  1.62217257229938E-01
 -0.00000000000000E+00 -0.00000000000000E+00 -1.62217257229938E-01
 Total energy (etotal) [Ha]= -3.19396408793107E+01

 Difference of energy with previous step (new-old):
           Absolute (Ha)= 5.66426E-05
           Relative     = 1.77342E-06

--- Iteration: ( 3/10) Internal Cycle: (1/1)
--------------------------------------------------------------------------------

---SELF-CONSISTENT-FIELD CONVERGENCE--------------------------------------------

     iter   Etot(hartree)      deltaE(h)  residm     vres2
 ETOT  1  -31.939739351862    -3.194E+01 1.088E-08 4.814E-02
 ETOT  2  -31.939749154169    -9.802E-06 1.616E-11 9.454E-03
 ETOT  3  -31.939752615556    -3.461E-06 3.180E-07 1.898E-04
 ETOT  4  -31.939752674821    -5.927E-08 1.156E-09 2.286E-06
 ETOT  5  -31.939752676094    -1.273E-09 1.443E-10 3.493E-07
 ETOT  6  -31.939752676175    -8.092E-11 3.270E-12 2.239E-09
 ETOT  7  -31.939752676175    -2.593E-13 1.570E-14 3.941E-11
 ETOT  8  -31.939752676177    -1.137E-12 1.356E-16 5.733E-13
 ETOT  9  -31.939752676175     1.688E-12 3.937E-18 1.919E-14
 ETOT 10  -31.939752676177    -2.249E-12 3.310E-19 5.877E-16
 ETOT 11  -31.939752676177     3.517E-13 1.156E-20 4.824E-18

 At SCF step   11       vres2   =  4.82E-18 < tolvrs=  1.00E-16 =>converged.

 Cartesian components of stress tensor (hartree/bohr^3)
  sigma(1 1)=  3.73156291E-03  sigma(3 2)=  0.00000000E+00
  sigma(2 2)=  3.61282432E-03  sigma(3 1)=  0.00000000E+00
  sigma(3 3)=  3.29214827E-03  sigma(2 1)=  0.00000000E+00

 Integrated electronic and magnetization densities in atomic spheres:
 ---------------------------------------------------------------------
 Note: Diff(up-dn) is a rough approximation of local magnetic moment
 Atom    Radius    up_density   dn_density  Total(up+dn)  Diff(up-dn)
    1   2.00000     3.535660     2.591937      6.127597     0.943723
    2   2.00000     3.535660     2.591937      6.127597     0.943723
 ---------------------------------------------------------------------
  Sum:              7.071320     5.183874     12.255194     1.887446
 Total magnetization (from the atomic spheres):             1.887446
 Total magnetization (exact up - dn):                       2.000000

---OUTPUT-----------------------------------------------------------------------

 Cartesian coordinates (xcart) [bohr]
  0.00000000000000E+00  0.00000000000000E+00  1.26484889407819E+00
  0.00000000000000E+00  0.00000000000000E+00 -1.26484889407819E+00
 Reduced coordinates (xred)
  0.00000000000000E+00  0.00000000000000E+00  1.26484889407819E-01
  0.00000000000000E+00  0.00000000000000E+00 -1.26484889407819E-01
 Cartesian forces (fcart) [Ha/bohr]; max,rms= 1.98023E-04 1.14329E-04 (free atoms)
 -0.00000000000000E+00 -0.00000000000000E+00 -1.98023324517002E-04
 -0.00000000000000E+00 -0.00000000000000E+00  1.98023324517002E-04
 Reduced forces (fred)
  0.00000000000000E+00  0.00000000000000E+00  1.98023324517002E-03
 -0.00000000000000E+00 -0.00000000000000E+00 -1.98023324517002E-03
 Total energy (etotal) [Ha]= -3.19397526761767E+01

 Difference of energy with previous step (new-old):
           Absolute (Ha)=-1.11797E-04
           Relative     =-3.50025E-06

--- Iteration: ( 4/10) Internal Cycle: (1/1)
--------------------------------------------------------------------------------

---SELF-CONSISTENT-FIELD CONVERGENCE--------------------------------------------

     iter   Etot(hartree)      deltaE(h)  residm     vres2
 ETOT  1  -31.939752690294    -3.194E+01 1.697E-12 7.767E-06
 ETOT  2  -31.939752691883    -1.589E-09 2.518E-15 1.525E-06
 ETOT  3  -31.939752692443    -5.600E-10 5.193E-11 3.004E-08
 ETOT  4  -31.939752692451    -8.715E-12 1.813E-13 3.755E-10
 ETOT  5  -31.939752692451     4.050E-13 2.310E-14 5.535E-11
 ETOT  6  -31.939752692451    -2.593E-13 4.882E-16 3.449E-13
 ETOT  7  -31.939752692451     2.451E-13 2.597E-18 5.772E-15
 ETOT  8  -31.939752692452    -1.126E-12 1.789E-20 9.433E-17

 At SCF step    8       vres2   =  9.43E-17 < tolvrs=  1.00E-16 =>converged.

 Cartesian components of stress tensor (hartree/bohr^3)
  sigma(1 1)=  3.73165652E-03  sigma(3 2)=  0.00000000E+00
  sigma(2 2)=  3.61291006E-03  sigma(3 1)=  0.00000000E+00
  sigma(3 3)=  3.29158087E-03  sigma(2 1)=  0.00000000E+00

 Integrated electronic and magnetization densities in atomic spheres:
 ---------------------------------------------------------------------
 Note: Diff(up-dn) is a rough approximation of local magnetic moment
 Atom    Radius    up_density   dn_density  Total(up+dn)  Diff(up-dn)
    1   2.00000     3.535742     2.592010      6.127752     0.943732
    2   2.00000     3.535742     2.592010      6.127752     0.943732
 ---------------------------------------------------------------------
  Sum:              7.071484     5.184019     12.255504     1.887465
 Total magnetization (from the atomic spheres):             1.887465
 Total magnetization (exact up - dn):                       2.000000

---OUTPUT-----------------------------------------------------------------------

 Cartesian coordinates (xcart) [bohr]
  0.00000000000000E+00  0.00000000000000E+00  1.26476523106862E+00
  0.00000000000000E+00  0.00000000000000E+00 -1.26476523106862E+00
 Reduced coordinates (xred)
  0.00000000000000E+00  0.00000000000000E+00  1.26476523106862E-01
  0.00000000000000E+00  0.00000000000000E+00 -1.26476523106862E-01
 Cartesian forces (fcart) [Ha/bohr]; max,rms= 3.50262E-06 2.02224E-06 (free atoms)
 -0.00000000000000E+00 -0.00000000000000E+00  3.50262237872679E-06
 -0.00000000000000E+00 -0.00000000000000E+00 -3.50262237872679E-06
 Reduced forces (fred)
 -0.00000000000000E+00 -0.00000000000000E+00 -3.50262237872679E-05
  0.00000000000000E+00  0.00000000000000E+00  3.50262237872679E-05
 Total energy (etotal) [Ha]= -3.19397526924520E+01

 Difference of energy with previous step (new-old):
           Absolute (Ha)=-1.62753E-08
           Relative     =-5.09562E-10

 At Broyd/MD step   4, gradients are converged : 
  max grad (force/stress) = 3.5026E-06 < tolmxf= 1.0000E-05 ha/bohr (free atoms)

================================================================================

 ----iterations are completed or convergence reached----

 Mean square residual over all n,k,spin=   3.9450E-21; max=  1.7895E-20
 reduced coordinates (array xred) for    2 atoms
       0.000000000000      0.000000000000      0.126476523107
       0.000000000000      0.000000000000     -0.126476523107
 rms dE/dt=  2.0222E-05; max dE/dt=  3.5026E-05; dE/dt below (all hartree)
    1       0.000000000000      0.000000000000     -0.000035026224
    2       0.000000000000      0.000000000000      0.000035026224

 cartesian coordinates (angstrom) at end:
    1      0.00000000000000     0.00000000000000     0.66928493449858
    2      0.00000000000000     0.00000000000000    -0.66928493449858

 cartesian forces (hartree/bohr) at end:
    1     -0.00000000000000    -0.00000000000000     0.00000350262238
    2     -0.00000000000000    -0.00000000000000    -0.00000350262238
 frms,max,avg= 2.0222400E-06 3.5026224E-06   0.000E+00  0.000E+00  0.000E+00 h/b

 cartesian forces (eV/Angstrom) at end:
    1     -0.00000000000000    -0.00000000000000     0.00018011206930
    2     -0.00000000000000    -0.00000000000000    -0.00018011206930
 frms,max,avg= 1.0398775E-04 1.8011207E-04   0.000E+00  0.000E+00  0.000E+00 e/A
 length scales=  5.000000000000  9.000000000000 10.000000000000 bohr
              =  2.645886042950  4.762594877310  5.291772085900 angstroms
 prteigrs : about to open file t19o_EIG
 Fermi (or HOMO) energy (hartree) =  -0.05701   Average Vxc (hartree)=  -0.19364
 Eigenvalues (hartree) for nkpt=   1  k points, SPIN UP:
 kpt#   1, nband=  8, wtk=  1.00000, kpt=  0.0000  0.0000  0.0000 (reduced coord)
  -1.09401   -0.77102   -0.38141   -0.34133   -0.25971   -0.13335   -0.05701    0.05339
 Eigenvalues (hartree) for nkpt=   1  k points, SPIN DOWN:
 kpt#   1, nband=  8, wtk=  1.00000, kpt=  0.0000  0.0000  0.0000 (reduced coord)
  -1.04398   -0.70700   -0.34334   -0.28328   -0.19160   -0.06409    0.02193    0.06124

--------------------------------------------------------------------------------
 Components of total free energy (in Hartree) :

    Kinetic energy  =  1.88147521614558E+01
    Hartree energy  =  1.84321750973083E+01
    XC energy       = -7.87213929585727E+00
    Ewald energy    = -8.76446581393727E+00
    PspCore energy  =  8.41345275786368E-02
    Loc. psp. energy= -5.74443822632856E+01
    NL   psp  energy=  4.81017289428542E+00
    >>>>>>>>> Etotal= -3.19397526924520E+01

 Other information on the energy :
    Total energy(eV)= -8.69124870907779E+02 ; Band energy (Ha)=  -5.6070365453E+00
--------------------------------------------------------------------------------
 rms coord change=  2.7512E-04   atom, delta coord (reduced):
     1        0.000000000000      0.000000000000      0.000476523107
     2        0.000000000000      0.000000000000     -0.000476523107

 Cartesian components of stress tensor (hartree/bohr^3)
  sigma(1 1)=  3.73165652E-03  sigma(3 2)=  0.00000000E+00
  sigma(2 2)=  3.61291006E-03  sigma(3 1)=  0.00000000E+00
  sigma(3 3)=  3.29158087E-03  sigma(2 1)=  0.00000000E+00

-Cartesian components of stress tensor (GPa)         [Pressure= -1.0431E+02 GPa]
- sigma(1 1)=  1.09789107E+02  sigma(3 2)=  0.00000000E+00
- sigma(2 2)=  1.06295466E+02  sigma(3 1)=  0.00000000E+00
- sigma(3 3)=  9.68416362E+01  sigma(2 1)=  0.00000000E+00

== END DATASET(S) ==============================================================
================================================================================
  
 -outvars: echo values of variables after computation  --------
            acell      5.0000000000E+00  9.0000000000E+00  1.0000000000E+01 Bohr
              amu      1.59994000E+01
           diemac      2.00000000E+00
             ecut      1.30000000E+01 Hartree
           etotal     -3.1939752692E+01
            fcart     -0.0000000000E+00 -0.0000000000E+00  3.5026223787E-06
                      -0.0000000000E+00 -0.0000000000E+00 -3.5026223787E-06
-          fftalg         312
           getwfk          -1
           ionmov           2
           istwfk        2
           kptopt           0
P           mkmem           1
            natom           2
            nband           8
            ngfft          18      30      36
             nkpt           1
           nspden           2
           nsppol           2
             nsym           8
            ntime          10
           ntypat           1
              occ      1.000000  1.000000  1.000000  1.000000  1.000000  1.000000
                       1.000000  0.000000
                       1.000000  1.000000  1.000000  1.000000  1.000000  0.000000
                       0.000000  0.000000
           occopt           0
          spgroup          47
           strten      3.7316565202E-03  3.6129100559E-03  3.2915808654E-03
                       0.0000000000E+00  0.0000000000E+00  0.0000000000E+00
           symrel      1  0  0   0  1  0   0  0  1      -1  0  0   0 -1  0   0  0 -1
                      -1  0  0   0  1  0   0  0 -1       1  0  0   0 -1  0   0  0  1
                      -1  0  0   0 -1  0   0  0  1       1  0  0   0  1  0   0  0 -1
                       1  0  0   0 -1  0   0  0 -1      -1  0  0   0  1  0   0  0  1
           tolmxf      1.00000000E-05
           tolvrs      1.00000000E-16
            typat      1  1
           xangst      0.0000000000E+00  0.0000000000E+00  6.6928493450E-01
                       0.0000000000E+00  0.0000000000E+00 -6.6928493450E-01
            xcart      0.0000000000E+00  0.0000000000E+00  1.2647652311E+00
                       0.0000000000E+00  0.0000000000E+00 -1.2647652311E+00
             xred      0.0000000000E+00  0.0000000000E+00  1.2647652311E-01
                       0.0000000000E+00  0.0000000000E+00 -1.2647652311E-01
            znucl        8.00000

================================================================================


- Timing analysis has been suppressed with timopt=0



================================================================================

 Suggested references for the acknowledgment of ABINIT usage.

 The users of ABINIT have little formal obligations with respect to the ABINIT group
 (those specified in the GNU General Public License, http://www.gnu.org/copyleft/gpl.txt).
 However, it is common practice in the scientific literature,
 to acknowledge the efforts of people that have made the research possible.
 In this spirit, please find below suggested citations of work written by ABINIT developers,
 corresponding to implementations inside of ABINIT that you have used in the present run.
 Note also that it will be of great value to readers of publications presenting these results,
 to read papers enabling them to understand the theoretical formalism and details
 of the ABINIT implementation.
 For information on why they are suggested, see also https://docs.abinit.org/theory/acknowledgments.
-
- [1] Recent developments in the ABINIT software package.
- Computer Phys. Comm. 205, 106 (2016).
- X.Gonze, F.Jollet, F.Abreu Araujo, D.Adams, B.Amadon, T.Applencourt,
- C.Audouze, J.-M.Beuken, J.Bieder, A.Bokhanchuk, E.Bousquet, F.Bruneval
- D.Caliste, M.Cote, F.Dahm, F.Da Pieve, M.Delaveau, M.Di Gennaro,
- B.Dorado, C.Espejo, G.Geneste, L.Genovese, A.Gerossier, M.Giantomassi,
- Y.Gillet, D.R.Hamann, L.He, G.Jomard, J.Laflamme Janssen, S.Le Roux,
- A.Levitt, A.Lherbier, F.Liu, I.Lukacevic, A.Martin, C.Martins,
- M.J.T.Oliveira, S.Ponce, Y.Pouillon, T.Rangel, G.-M.Rignanese,
- A.H.Romero, B.Rousseau, O.Rubel, A.A.Shukri, M.Stankovski, M.Torrent,
- M.J.Van Setten, B.Van Troeye, M.J.Verstraete, D.Waroquier, J.Wiktor,
- B.Xu, A.Zhou, J.W.Zwanziger.
- Comment : the fourth generic paper describing the ABINIT project.
- Note that a version of this paper, that is not formatted for Computer Phys. Comm. 
- is available at https://www.abinit.org/about/ABINIT16.pdf .
- The licence allows the authors to put it on the Web.
- DOI and bibtex : see https://docs.abinit.org/theory/bibliography/#gonze2016
-
- [2] ABINIT : First-principles approach of materials and nanosystem properties.
- Computer Phys. Comm. 180, 2582-2615 (2009).
- X. Gonze, B. Amadon, P.-M. Anglade, J.-M. Beuken, F. Bottin, P. Boulanger, F. Bruneval,
- D. Caliste, R. Caracas, M. Cote, T. Deutsch, L. Genovese, Ph. Ghosez, M. Giantomassi
- S. Goedecker, D.R. Hamann, P. Hermet, F. Jollet, G. Jomard, S. Leroux, M. Mancini, S. Mazevet,
- M.J.T. Oliveira, G. Onida, Y. Pouillon, T. Rangel, G.-M. Rignanese, D. Sangalli, R. Shaltaf,
- M. Torrent, M.J. Verstraete, G. Zerah, J.W. Zwanziger
- Comment : the third generic paper describing the ABINIT project.
- Note that a version of this paper, that is not formatted for Computer Phys. Comm. 
- is available at https://www.abinit.org/about/ABINIT_CPC_v10.pdf .
- The licence allows the authors to put it on the Web.
- DOI and bibtex : see https://docs.abinit.org/theory/bibliography/#gonze2009
-
- [3] A brief introduction to the ABINIT software package.
- Z. Kristallogr. 220, 558-562 (2005).
- X. Gonze, G.-M. Rignanese, M. Verstraete, J.-M. Beuken, Y. Pouillon, R. Caracas, F. Jollet,
- M. Torrent, G. Zerah, M. Mikami, Ph. Ghosez, M. Veithen, J.-Y. Raty, V. Olevano, F. Bruneval,
- L. Reining, R. Godby, G. Onida, D.R. Hamann, and D.C. Allan.
- Comment : the second generic paper describing the ABINIT project. Note that this paper
- should be cited especially if you are using the GW part of ABINIT, as several authors
- of this part are not in the list of authors of the first or third paper.
- The .pdf of the latter paper is available at https://www.abinit.org/about/zfk_0505-06_558-562.pdf.
- Note that it should not redistributed (Copyright by Oldenburg Wissenshaftverlag,
- the licence allows the authors to put it on the Web).
- DOI and bibtex : see https://docs.abinit.org/theory/bibliography/#gonze2005
-
- And optionally:
-
- [4] First-principles computation of material properties : the ABINIT software project. 
- X. Gonze, J.-M. Beuken, R. Caracas, F. Detraux, M. Fuchs, G.-M. Rignanese, L. Sindic,
- M. Verstraete, G. Zerah, F. Jollet, M. Torrent, A. Roy, M. Mikami, Ph. Ghosez, J.-Y. Raty, D.C. Allan.
- Computational Materials Science 25, 478-492 (2002). http://dx.doi.org/10.1016/S0927-0256(02)00325-7
- Comment : the original paper describing the ABINIT project.
- DOI and bibtex : see https://docs.abinit.org/theory/bibliography/#gonze2002
-
- Proc.   0 individual time (sec): cpu=          2.7  wall=          2.7

================================================================================

 Calculation completed.
.Delivered   3 WARNINGs and   1 COMMENTs to log file.
+Overall time at end (sec) : cpu=          2.7  wall=          2.7
