
.Version 8.3.1 of ABINIT 
.(MPI version, prepared for a x86_64_linux_gnu5.3 computer) 

.Copyright (C) 1998-2017 ABINIT group . 
 ABINIT comes with ABSOLUTELY NO WARRANTY.
 It is free software, and you are welcome to redistribute it
 under certain conditions (GNU General Public License,
 see ~abinit/COPYING or http://www.gnu.org/copyleft/gpl.txt).

 ABINIT is a project of the Universite Catholique de Louvain,
 Corning Inc. and other collaborators, see ~abinit/doc/developers/contributors.txt .
 Please read ~abinit/doc/users/acknowledgments.html for suggested
 acknowledgments of the ABINIT effort.
 For more information, see http://www.abinit.org .

.Starting date : Wed  8 Mar 2017.
- ( at 08h32 )
  
- input  file    -> t31.in
- output file    -> t31.out
- root for input  files -> t31i
- root for output files -> t31o


 DATASET    1 : space group P4 m m (# 99); Bravais tP (primitive tetrag.)
================================================================================
 Values of the parameters that define the memory need for DATASET  1.
     intxc =       0    ionmov =       2      iscf =       7    lmnmax =       2
     lnmax =       2     mgfft =      30  mpssoang =       2    mqgrid =    3001
     natom =       2  nloc_mem =       1    nspden =       1   nspinor =       1
    nsppol =       1      nsym =       8    n1xccc =       0    ntypat =       2
    occopt =       1   xclevel =       1
-    mband =           2        mffmem =           1         mkmem =           1
       mpw =         736          nfft =       27000          nkpt =           1
================================================================================
P This job should need less than                       8.010 Mbytes of memory.
  Rough estimation (10% accuracy) of disk space for files :
_ WF disk file :      0.024 Mbytes ; DEN or POT disk file :      0.208 Mbytes.
================================================================================


 DATASET    2 : space group Pm (#  6); Bravais mP (primitive monocl.)
================================================================================
 Values of the parameters that define the memory need for DATASET  2.
     intxc =       0    ionmov =       2      iscf =       7    lmnmax =       2
     lnmax =       2     mgfft =      30  mpssoang =       2    mqgrid =    3001
     natom =       2  nloc_mem =       1    nspden =       1   nspinor =       1
    nsppol =       1      nsym =       2    n1xccc =       0    ntypat =       2
    occopt =       1   xclevel =       1
-    mband =           2        mffmem =           1         mkmem =           1
       mpw =         736          nfft =       27000          nkpt =           1
================================================================================
P This job should need less than                       8.010 Mbytes of memory.
  Rough estimation (10% accuracy) of disk space for files :
_ WF disk file :      0.024 Mbytes ; DEN or POT disk file :      0.208 Mbytes.
================================================================================

--------------------------------------------------------------------------------
------------- Echo of variables that govern the present computation ------------
--------------------------------------------------------------------------------
-
- outvars: echo of selected default values                                      
-   iomode0 =  0 , fftalg0 =312 , wfoptalg0 =  0
-
- outvars: echo of global parameters not present in the input file              
-  max_nthreads =    0
-
 -outvars: echo values of preprocessed input variables --------
            acell      1.0000000000E+01  1.0000000000E+01  1.0000000000E+01 Bohr
              amu      6.94100000E+00  1.00794000E+00
          chempot2    -2.00000000E-01 -1.00000000E-02  5.00000000E-02
                       2.00000000E-01  1.00000000E-02  5.00000000E-02
                      -2.00000000E-01  1.00000000E-02 -5.00000000E-02
                       2.00000000E-01 -1.00000000E-02 -5.00000000E-02
           diemac      1.00000000E+00
           diemix      5.00000000E-01
            dtion1     1.00000000E+02
            dtion2     1.00000000E+01
             ecut      1.00000000E+01 Hartree
-          fftalg         312
           ionmov           2
           istwfk        9
           jdtset        1    2
              kpt      5.00000000E-01  5.00000000E-01  5.00000000E-01
         kptrlatt        1    0    0      0    1    0      0    0    1
          kptrlen      1.00000000E+01
P           mkmem           1
            natom           2
            nband           2
           ndtset           2
            ngfft          30      30      30
             nkpt           1
            nstep          10
             nsym1          8
             nsym2          2
            ntime1         10
            ntime2         50
           ntypat           2
        nzchempot1       0
        nzchempot2       2
              occ      2.000000  0.000000
        optforces           1
          pawovlp1     5.0000000000E+00
          pawovlp2     3.0000000000E+01
           shiftk      5.00000000E-01  5.00000000E-01  5.00000000E-01
          spgroup1         99
          spgroup2          6
           symafm1       1    1    1    1    1    1    1    1
           symafm2       1    1
           symrel1     1  0  0   0  1  0   0  0  1       1  0  0   0 -1  0   0  0  1
                       1  0  0   0  1  0   0  0 -1       1  0  0   0 -1  0   0  0 -1
                       1  0  0   0  0  1   0  1  0       1  0  0   0  0 -1   0  1  0
                       1  0  0   0  0  1   0 -1  0       1  0  0   0  0 -1   0 -1  0
           symrel2     1  0  0   0  1  0   0  0  1       1  0  0   0 -1  0   0  0  1
            tnons1     0.0000000  0.0000000  0.0000000     0.0000000  0.0000000  0.0000000
                       0.0000000  0.0000000  0.0000000     0.0000000  0.0000000  0.0000000
                       0.0000000  0.0000000  0.0000000     0.0000000  0.0000000  0.0000000
                       0.0000000  0.0000000  0.0000000     0.0000000  0.0000000  0.0000000
            tnons2     0.0000000  0.0000000  0.0000000     0.0000000  0.0000000  0.0000000
           tolmxf      1.00000000E-05
           tolrff      1.00000000E-02
            typat      1  2
           xangst     -7.9376581289E-01  0.0000000000E+00  0.0000000000E+00
                       7.9376581289E-01  0.0000000000E+00  0.0000000000E+00
            xcart     -1.5000000000E+00  0.0000000000E+00  0.0000000000E+00
                       1.5000000000E+00  0.0000000000E+00  0.0000000000E+00
             xred     -1.5000000000E-01  0.0000000000E+00  0.0000000000E+00
                       1.5000000000E-01  0.0000000000E+00  0.0000000000E+00
            znucl        3.00000    1.00000

================================================================================

 chkinp: Checking input parameters for consistency, jdtset=   1.

 chkinp: Checking input parameters for consistency, jdtset=   2.
