
.Version 8.7.2 of ABINIT 
.(MPI version, prepared for a x86_64_linux_gnu5.4 computer) 

.Copyright (C) 1998-2017 ABINIT group . 
 ABINIT comes with ABSOLUTELY NO WARRANTY.
 It is free software, and you are welcome to redistribute it
 under certain conditions (GNU General Public License,
 see ~abinit/COPYING or http://www.gnu.org/copyleft/gpl.txt).

 ABINIT is a project of the Universite Catholique de Louvain,
 Corning Inc. and other collaborators, see ~abinit/doc/developers/contributors.txt .
 Please read ~abinit/doc/users/acknowledgments.html for suggested
 acknowledgments of the ABINIT effort.
 For more information, see https://www.abinit.org .

.Starting date : Mon  4 Dec 2017.
- ( at 19h46 )
  
- input  file    -> t68.in
- output file    -> t68.out
- root for input  files -> t68i
- root for output files -> t68o


 DATASET    1 : space group I4 m m (#107); Bravais tI (body-center tetrag.)
================================================================================
 Values of the parameters that define the memory need for DATASET  1.
     intxc =       0    ionmov =       0      iscf =       7    lmnmax =       2
     lnmax =       2     mgfft =      24  mpssoang =       3    mqgrid =    3001
     natom =       1  nloc_mem =       1    nspden =       4   nspinor =       2
    nsppol =       1      nsym =       8    n1xccc =    2501    ntypat =       1
    occopt =       3   xclevel =       1
-    mband =          22        mffmem =           1         mkmem =           8
       mpw =         630          nfft =       13824          nkpt =           8
================================================================================
P This job should need less than                      15.894 Mbytes of memory.
  Rough estimation (10% accuracy) of disk space for files :
_ WF disk file :      1.694 Mbytes ; DEN or POT disk file :      0.107 Mbytes.
================================================================================


 DATASET    2 : space group I4 m m (#107); Bravais tI (body-center tetrag.)
================================================================================
 Values of the parameters that define the memory need for DATASET  2 (RF).
     intxc =       0      iscf =       7    lmnmax =       2     lnmax =       2
     mgfft =      24  mpssoang =       3    mqgrid =    3001     natom =       1
  nloc_mem =       1    nspden =       4   nspinor =       2    nsppol =       1
      nsym =       8    n1xccc =    2501    ntypat =       1    occopt =       3
   xclevel =       1
-    mband =          22        mffmem =           1         mkmem =           8
-   mkqmem =           8        mk1mem =           8           mpw =         630
      nfft =       13824          nkpt =           8
================================================================================
P This job should need less than                      17.283 Mbytes of memory.
  Rough estimation (10% accuracy) of disk space for files :
_ WF disk file :      1.694 Mbytes ; DEN or POT disk file :      0.107 Mbytes.
================================================================================

--------------------------------------------------------------------------------
------------- Echo of variables that govern the present computation ------------
--------------------------------------------------------------------------------
-
- outvars: echo of selected default values                                      
-   iomode0 =  0 , fftalg0 =312 , wfoptalg0 =  0
-
- outvars: echo of global parameters not present in the input file              
-  max_nthreads =    0
-
 -outvars: echo values of preprocessed input variables --------
            acell      5.4200000000E+00  5.4200000000E+00  5.4200000000E+00 Bohr
              amu      5.58470000E+01
             ecut      3.00000000E+01 Hartree
-          fftalg         312
           getwfk1          0
           getwfk2          1
           istwfk        1    1    1    1    1    1    1    1
              ixc           7
           jdtset        1    2
              kpt      0.00000000E+00  0.00000000E+00  0.00000000E+00
                       5.00000000E-01  0.00000000E+00  0.00000000E+00
                       0.00000000E+00  5.00000000E-01  0.00000000E+00
                       5.00000000E-01  5.00000000E-01  0.00000000E+00
                       0.00000000E+00  0.00000000E+00  5.00000000E-01
                       5.00000000E-01  0.00000000E+00  5.00000000E-01
                       0.00000000E+00  5.00000000E-01  5.00000000E-01
                       5.00000000E-01  5.00000000E-01  5.00000000E-01
           kptopt           3
         kptrlatt        2    0    0      0    2    0      0    0    2
          kptrlen      9.38771538E+00
P           mkmem           8
P          mkqmem           8
P          mk1mem           8
            natom           1
            nband          22
           ndtset           2
            ngfft          24      24      24
             nkpt           8
             nqpt1          0
             nqpt2          1
           nspden           4
          nspinor           2
            nstep          50
             nsym           8
           ntypat           1
              occ      1.000000  1.000000  1.000000  1.000000  1.000000  1.000000
                       1.000000  1.000000  0.000000  0.000000  0.000000  0.000000
                       0.000000  0.000000  0.000000  0.000000  0.000000  0.000000
                       0.000000  0.000000  0.000000  0.000000
                       1.000000  1.000000  1.000000  1.000000  1.000000  1.000000
                       1.000000  1.000000  0.000000  0.000000  0.000000  0.000000
                       0.000000  0.000000  0.000000  0.000000  0.000000  0.000000
                       0.000000  0.000000  0.000000  0.000000
                       1.000000  1.000000  1.000000  1.000000  1.000000  1.000000
                       1.000000  1.000000  0.000000  0.000000  0.000000  0.000000
                       0.000000  0.000000  0.000000  0.000000  0.000000  0.000000
                       0.000000  0.000000  0.000000  0.000000
                       1.000000  1.000000  1.000000  1.000000  1.000000  1.000000
                       1.000000  1.000000  0.000000  0.000000  0.000000  0.000000
                       0.000000  0.000000  0.000000  0.000000  0.000000  0.000000
                       0.000000  0.000000  0.000000  0.000000
                       1.000000  1.000000  1.000000  1.000000  1.000000  1.000000
                       1.000000  1.000000  0.000000  0.000000  0.000000  0.000000
                       0.000000  0.000000  0.000000  0.000000  0.000000  0.000000
                       0.000000  0.000000  0.000000  0.000000
                       1.000000  1.000000  1.000000  1.000000  1.000000  1.000000
                       1.000000  1.000000  0.000000  0.000000  0.000000  0.000000
                       0.000000  0.000000  0.000000  0.000000  0.000000  0.000000
                       0.000000  0.000000  0.000000  0.000000
                       1.000000  1.000000  1.000000  1.000000  1.000000  1.000000
                       1.000000  1.000000  0.000000  0.000000  0.000000  0.000000
                       0.000000  0.000000  0.000000  0.000000  0.000000  0.000000
                       0.000000  0.000000  0.000000  0.000000
                       1.000000  1.000000  1.000000  1.000000  1.000000  1.000000
                       1.000000  1.000000  0.000000  0.000000  0.000000  0.000000
                       0.000000  0.000000  0.000000  0.000000  0.000000  0.000000
                       0.000000  0.000000  0.000000  0.000000
           occopt           3
        optdriver1          0
        optdriver2          1
           prtvol           1
            prtwf1          1
            prtwf2         -1
            rfdir1          0       0       0
            rfdir2          1       0       0
           rfmagn1          0
           rfmagn2          1
            rprim     -5.0000000000E-01  5.0000000000E-01  5.0000000000E-01
                       5.0000000000E-01 -5.0000000000E-01  5.0000000000E-01
                       5.0000000000E-01  5.0000000000E-01 -5.0000000000E-01
           so_psp           0
          spgroup         107
           spinat      2.5000000000E+00  0.0000000000E+00  0.0000000000E+00
           symrel      1  0  0   0  1  0   0  0  1      -1 -1 -1   0  0  1   0  1  0
                       0 -1  0  -1  0  0   1  1  1       0  0 -1   1  1  1  -1  0  0
                      -1 -1 -1   0  1  0   0  0  1       1  0  0   0  0  1   0  1  0
                       0 -1  0   1  1  1  -1  0  0       0  0 -1  -1  0  0   1  1  1
           toldfe1     0.00000000E+00 Hartree
           toldfe2     1.00000000E-06 Hartree
           tolvrs1     1.00000000E-16
           tolvrs2     0.00000000E+00
            typat      1
              wtk        0.12500    0.12500    0.12500    0.12500    0.12500    0.12500
                         0.12500    0.12500
            znucl       26.00000

================================================================================

 chkinp: Checking input parameters for consistency, jdtset=   1.

 chkinp: Checking input parameters for consistency, jdtset=   2.

================================================================================
== DATASET  1 ==================================================================
-   nproc =    1

 Exchange-correlation functional for the present dataset will be:
  LDA: Perdew-Wang 92 LSD fit to Ceperley-Alder data - ixc=7
 Citation for XC functional:
  J.P.Perdew and Y.Wang, PRB 45, 13244 (1992)

 Real(R)+Recip(G) space primitive vectors, cartesian coordinates (Bohr,Bohr^-1):
 R(1)= -2.7100000  2.7100000  2.7100000  G(1)=  0.0000000  0.1845018  0.1845018
 R(2)=  2.7100000 -2.7100000  2.7100000  G(2)=  0.1845018  0.0000000  0.1845018
 R(3)=  2.7100000  2.7100000 -2.7100000  G(3)=  0.1845018  0.1845018  0.0000000
 Unit cell volume ucvol=  7.9610044E+01 bohr^3
 Angles (23,13,12)=  1.09471221E+02  1.09471221E+02  1.09471221E+02 degrees

 getcut: wavevector=  0.0000  0.0000  0.0000  ngfft=  24  24  24
         ecut(hartree)=     30.000   => boxcut(ratio)=   2.07375

--- Pseudopotential description ------------------------------------------------
- pspini: atom type   1  psp file is 26fe.pspnc
- pspatm: opening atomic psp file    26fe.pspnc
-  Troullier-Martins psp for element  Fe        Thu Oct 27 17:35:05 EDT 1994
- 26.00000   8.00000    940714                znucl, zion, pspdat
    1    1    2    0      2001   0.00000      pspcod,pspxc,lmax,lloc,mmax,r2well
    0   4.333  10.868    0   2.2918558        l,e99.0,e99.9,nproj,rcpsp
   0.00000000   0.00000000   0.00000000   0.00000000     rms, ekb1, ekb2, epsatm
    1   1.213   4.197    1   2.8345121        l,e99.0,e99.9,nproj,rcpsp
   0.00000000   0.00000000   0.00000000   0.00000000     rms, ekb1, ekb2, epsatm
    2  18.664  23.972    1   2.2918558        l,e99.0,e99.9,nproj,rcpsp
   0.00000000   0.00000000   0.00000000   0.00000000     rms, ekb1, ekb2, epsatm
    1.56404770202776    2.06158206779471    6.88331421535388   rchrg,fchrg,qchrg
  pspatm : epsatm=   62.03296659
         --- l  ekb(1:nproj) -->
             1    1.561134
             2   -8.115829
 pspatm: atomic psp has been read  and splines computed

   4.96263733E+02                                ecore*ucvol(ha*bohr**3)
--------------------------------------------------------------------------------

P newkpt: treating     22 bands with npw=     627 for ikpt=   1 by node    0
P newkpt: treating     22 bands with npw=     630 for ikpt=   2 by node    0
P newkpt: treating     22 bands with npw=     630 for ikpt=   3 by node    0
P newkpt: treating     22 bands with npw=     630 for ikpt=   4 by node    0
P newkpt: treating     22 bands with npw=     630 for ikpt=   5 by node    0
P newkpt: treating     22 bands with npw=     630 for ikpt=   6 by node    0
P newkpt: treating     22 bands with npw=     630 for ikpt=   7 by node    0
P newkpt: treating     22 bands with npw=     610 for ikpt=   8 by node    0
_setup2: Arith. and geom. avg. npw (full set) are     627.125     627.090

================================================================================

     iter   Etot(hartree)      deltaE(h)  residm     vres2
 ETOT  1  -23.741612578835    -2.374E+01 1.623E-01 5.939E+03
 ETOT  2  -24.339483396143    -5.979E-01 3.309E-03 2.864E+03
 ETOT  3  -24.901761529061    -5.623E-01 3.739E-02 7.555E+01
 ETOT  4  -24.908447905684    -6.686E-03 2.072E-02 7.766E+01
 ETOT  5  -24.925322262158    -1.687E-02 8.610E-04 3.320E+01
 ETOT  6  -24.931508578528    -6.186E-03 1.097E-02 9.365E+00
 ETOT  7  -24.928750727552     2.758E-03 3.454E-04 1.725E+01
 ETOT  8  -24.921806989063     6.944E-03 1.026E-04 3.500E+01
 ETOT  9  -24.918658863348     3.148E-03 3.628E-05 4.393E+01
 ETOT 10  -24.924677093013    -6.018E-03 3.904E-05 2.412E+01
 ETOT 11  -24.932798147972    -8.121E-03 8.912E-05 1.314E+00
 ETOT 12  -24.933774612473    -9.765E-04 1.147E-05 1.557E-01
 ETOT 13  -24.933860946068    -8.633E-05 1.407E-06 1.934E-01
 ETOT 14  -24.933754389888     1.066E-04 6.991E-07 5.871E-01
 ETOT 15  -24.933686343913     6.805E-05 5.504E-07 7.968E-01
 ETOT 16  -24.933763840856    -7.750E-05 6.860E-07 5.104E-01
 ETOT 17  -24.933524924409     2.389E-04 1.489E-06 1.339E+00
 ETOT 18  -24.933736095847    -2.112E-04 1.300E-06 5.830E-01
 ETOT 19  -24.933844042530    -1.079E-04 5.732E-07 2.248E-01
 ETOT 20  -24.933913825269    -6.978E-05 1.657E-06 7.188E-03
 ETOT 21  -24.933917087080    -3.262E-06 1.157E-07 3.334E-04
 ETOT 22  -24.933917227554    -1.405E-07 1.675E-09 3.276E-04
 ETOT 23  -24.933917321994    -9.444E-08 2.401E-09 1.368E-05
 ETOT 24  -24.933917326011    -4.016E-09 1.717E-10 4.516E-09
 ETOT 25  -24.933917326013    -2.633E-12 8.233E-13 1.056E-10
 ETOT 26  -24.933917326013     7.816E-14 1.160E-13 1.343E-09
 ETOT 27  -24.933917326014    -2.771E-13 2.312E-14 7.517E-11
 ETOT 28  -24.933917326014    -2.487E-14 2.830E-14 2.067E-11
 ETOT 29  -24.933917326014    -4.263E-14 5.509E-15 4.266E-14
 ETOT 30  -24.933917326014     6.040E-14 4.699E-15 6.804E-14
 ETOT 31  -24.933917326014    -7.461E-14 1.140E-15 5.526E-15
 ETOT 32  -24.933917326013     2.416E-13 9.188E-16 1.098E-15
 ETOT 33  -24.933917326014    -4.192E-13 2.852E-16 4.348E-18

 At SCF step   33       vres2   =  4.35E-18 < tolvrs=  1.00E-16 =>converged.

 Cartesian components of stress tensor (hartree/bohr^3)
  sigma(1 1)= -6.35875037E-04  sigma(3 2)=  0.00000000E+00
  sigma(2 2)= -6.35875037E-04  sigma(3 1)=  0.00000000E+00
  sigma(3 3)= -6.35875037E-04  sigma(2 1)=  0.00000000E+00

 Integrated electronic and magnetization densities in atomic spheres:
 ---------------------------------------------------------------------
 Note:      this is a rough approximation of local magnetic moments
 Atom   Radius      Total density     mag(x)      mag(y)      mag(z)
    1   2.00000        6.153505      2.882720   -0.000000   -0.000000
 ---------------------------------------------------------------------
 Total magnetization (spheres)       2.882720   -0.000000   -0.000000
 Total magnetization (exact)         3.362460   -0.000000   -0.000000
================================================================================

 ----iterations are completed or convergence reached----

 Mean square residual over all n,k,spin=   2.9608E-18; max=  2.8524E-16
 reduced coordinates (array xred) for    1 atoms
       0.000000000000      0.000000000000      0.000000000000
 rms dE/dt=  6.2631E-12; max dE/dt=  6.2631E-12; dE/dt below (all hartree)
    1      -0.000000000006      0.000000000006      0.000000000006

 cartesian coordinates (angstrom) at end:
    1      0.00000000000000     0.00000000000000     0.00000000000000

 cartesian forces (hartree/bohr) at end:
    1      0.00000000000000     0.00000000000000     0.00000000000000
 frms,max,avg= 0.0000000E+00 0.0000000E+00  -2.311E-12  0.000E+00  0.000E+00 h/b

 cartesian forces (eV/Angstrom) at end:
    1      0.00000000000000     0.00000000000000     0.00000000000000
 frms,max,avg= 0.0000000E+00 0.0000000E+00  -1.188E-10  0.000E+00  0.000E+00 e/A
 length scales=  5.420000000000  5.420000000000  5.420000000000 bohr
              =  2.868140470558  2.868140470558  2.868140470558 angstroms
 prteigrs : about to open file t68o_DS1_EIG
 Fermi (or HOMO) energy (hartree) =  -0.26569   Average Vxc (hartree)=  -0.51153
 Eigenvalues (hartree) for nkpt=   8  k points:
 kpt#   1, nband= 22, wtk=  0.12500, kpt=  0.0000  0.0000  0.0000 (reduced coord)
  -0.62444   -0.57324   -0.37962   -0.37962   -0.37962   -0.33507   -0.33507   -0.27940
  -0.27940   -0.27940   -0.21008   -0.21008    0.64125    0.64125    0.64125    0.68555
   0.68555    0.68555    0.84614    0.84614    0.84614    0.86538
      occupation numbers for kpt#   1
   1.00000    1.00000    0.99999    0.99999    0.99999    0.99903    0.99903    0.79765
   0.79765    0.79765    0.00383    0.00383    0.00000    0.00000    0.00000    0.00000
   0.00000    0.00000    0.00000    0.00000    0.00000    0.00000
 prteigrs : prtvol=0 or 1, do not print more k-points.


--------------------------------------------------------------------------------
 Components of total free energy (in Hartree) :

    Kinetic energy  =  2.54672483989763E+01
    Hartree energy  =  2.70963388559255E+00
    XC energy       = -1.06154146767229E+01
    Ewald energy    = -2.14862491483900E+01
    PspCore energy  =  6.23368243229720E+00
    Loc. psp. energy=  2.17159417034444E+00
    NL   psp  energy= -2.94025096427092E+01
    >>>>> Internal E= -2.49220145806116E+01

    -kT*entropy     = -1.19027454021890E-02
    >>>>>>>>> Etotal= -2.49339173260138E+01

 Other information on the energy :
    Total energy(eV)= -6.78486395491666E+02 ; Band energy (Ha)=  -2.8989596721E+00
--------------------------------------------------------------------------------

 Cartesian components of stress tensor (hartree/bohr^3)
  sigma(1 1)= -6.35875037E-04  sigma(3 2)=  0.00000000E+00
  sigma(2 2)= -6.35875037E-04  sigma(3 1)=  0.00000000E+00
  sigma(3 3)= -6.35875037E-04  sigma(2 1)=  0.00000000E+00

-Cartesian components of stress tensor (GPa)         [Pressure=  1.8708E+01 GPa]
- sigma(1 1)= -1.87080863E+01  sigma(3 2)=  0.00000000E+00
- sigma(2 2)= -1.87080863E+01  sigma(3 1)=  0.00000000E+00
- sigma(3 3)= -1.87080863E+01  sigma(2 1)=  0.00000000E+00

================================================================================
== DATASET  2 ==================================================================
-   nproc =    1

 mkfilename : getwfk/=0, take file _WFK from output of DATASET   1.

 Exchange-correlation functional for the present dataset will be:
  LDA: Perdew-Wang 92 LSD fit to Ceperley-Alder data - ixc=7
 Citation for XC functional:
  J.P.Perdew and Y.Wang, PRB 45, 13244 (1992)

 Real(R)+Recip(G) space primitive vectors, cartesian coordinates (Bohr,Bohr^-1):
 R(1)= -2.7100000  2.7100000  2.7100000  G(1)=  0.0000000  0.1845018  0.1845018
 R(2)=  2.7100000 -2.7100000  2.7100000  G(2)=  0.1845018  0.0000000  0.1845018
 R(3)=  2.7100000  2.7100000 -2.7100000  G(3)=  0.1845018  0.1845018  0.0000000
 Unit cell volume ucvol=  7.9610044E+01 bohr^3
 Angles (23,13,12)=  1.09471221E+02  1.09471221E+02  1.09471221E+02 degrees
 setup1 : take into account q-point for computing boxcut.

 getcut: wavevector=  0.0000  0.0000  0.0000  ngfft=  24  24  24
         ecut(hartree)=     30.000   => boxcut(ratio)=   2.07375
--------------------------------------------------------------------------------

-inwffil : will read wavefunctions from disk file t68o_DS1_WFK
P newkpt: treating     22 bands with npw=     627 for ikpt=   1 by node    0
P newkpt: treating     22 bands with npw=     630 for ikpt=   2 by node    0
P newkpt: treating     22 bands with npw=     630 for ikpt=   3 by node    0
P newkpt: treating     22 bands with npw=     630 for ikpt=   4 by node    0
P newkpt: treating     22 bands with npw=     630 for ikpt=   5 by node    0
P newkpt: treating     22 bands with npw=     630 for ikpt=   6 by node    0
P newkpt: treating     22 bands with npw=     630 for ikpt=   7 by node    0
P newkpt: treating     22 bands with npw=     610 for ikpt=   8 by node    0

 ==>  initialize data related to q vector <== 

 The list of irreducible perturbations for this q vector is:
    1)    idir= 1    ipert=   6

================================================================================

--------------------------------------------------------------------------------
 Perturbation wavevector (in red.coord.)   0.000000  0.000000  0.000000
 The set of symmetries contains only one element for this perturbation.
 symkpt : not enough symmetry to change the number of k points.

--------------------------------------------------------------------------------

-inwffil : will read wavefunctions from disk file t68o_DS1_WFK
P newkpt: treating     22 bands with npw=     627 for ikpt=   1 by node    0
P newkpt: treating     22 bands with npw=     630 for ikpt=   2 by node    0
P newkpt: treating     22 bands with npw=     630 for ikpt=   3 by node    0
P newkpt: treating     22 bands with npw=     630 for ikpt=   4 by node    0
P newkpt: treating     22 bands with npw=     630 for ikpt=   5 by node    0
P newkpt: treating     22 bands with npw=     630 for ikpt=   6 by node    0
P newkpt: treating     22 bands with npw=     630 for ikpt=   7 by node    0
P newkpt: treating     22 bands with npw=     610 for ikpt=   8 by node    0
--------------------------------------------------------------------------------

 dfpt_looppert : total number of electrons, from k and k+q
  fully or partially occupied states are    8.000000E+00 and    8.000000E+00.
 Initialisation of the first-order wave-functions :
  ireadwf=   0
P newkpt: treating     22 bands with npw=     627 for ikpt=   1 by node    0
P newkpt: treating     22 bands with npw=     630 for ikpt=   2 by node    0
P newkpt: treating     22 bands with npw=     630 for ikpt=   3 by node    0
P newkpt: treating     22 bands with npw=     630 for ikpt=   4 by node    0
P newkpt: treating     22 bands with npw=     630 for ikpt=   5 by node    0
P newkpt: treating     22 bands with npw=     630 for ikpt=   6 by node    0
P newkpt: treating     22 bands with npw=     630 for ikpt=   7 by node    0
P newkpt: treating     22 bands with npw=     610 for ikpt=   8 by node    0

     iter   2DEtotal(Ha)        deltaE(Ha) residm    vres2
-ETOT  1   9.9439130061350      9.944E+00 1.550E-17 9.121E+03
 ETOT  2   12.963677593528      3.020E+00 1.744E-03 1.364E+04
 ETOT  3   11.087734721856     -1.876E+00 1.307E-03 1.391E+03
 ETOT  4   11.979553514993      8.918E-01 9.589E-05 2.552E+00
 ETOT  5   12.313655817556      3.341E-01 3.029E-06 8.415E-02
 ETOT  6   12.380246679695      6.659E-02 1.259E-07 4.015E-05
 ETOT  7   12.381554255021      1.308E-03 6.757E-11 3.179E-07
 ETOT  8   12.381608289924      5.403E-05 1.291E-13 6.755E-10
 ETOT  9   12.381609532067      1.242E-06 1.099E-14 4.288E-12
 ETOT 10   12.381609743978      2.119E-07 9.593E-17 2.799E-13
 ETOT 11   12.381609779017      3.504E-08 4.147E-17 5.595E-14

 At SCF step   11, etot is converged : 
  for the second time, diff in etot=  3.504E-08 < toldfe=  1.000E-06

 ------------------------------------------------------------------------
 Integrals of the first order density n^(1) and magnetization m^(1):
 ------------------------------------------------------------------------

     n^(1)    =   0.00000000E+00
     mx^(1)   =   0.24763220E+02
     my^(1)   =  -0.19691682E-12
     mz^(1)   =   0.12219706E-11

 ------------------------------------------------------------------------

================================================================================

 ----iterations are completed or convergence reached----

 dfpt_looppert: DFPT cycle converged with prtwf=-1. Will skip output of the 1st-order WFK file.

 Eight components of 2nd-order total energy (hartree) are
 1,2,3: 0th-order hamiltonian combined with 1st-order wavefunctions
     kin0=   3.79501615E-01 eigvalue=   3.38425183E-02  local=  -2.95141317E-02
 4,5,6: 1st-order hamiltonian combined with 1st and 0th-order wfs
 loc psp =   0.00000000E+00  Hartree=   1.52145256E+00     xc=  -9.57937464E+00
 note that "loc psp" includes a xc core correction that could be resolved
 7,8,9: eventually, occupation + non-local contributions
    edocc=   2.02212040E+01     enl0=  -1.65502108E-01   enl1=   0.00000000E+00
 1-9 gives the relaxation energy (to be shifted if some occ is /=2.0)
   erelax=   0.00000000E+00
================================================================================

 ---- first-order wavefunction calculations are completed ----


 ==> Compute Derivative Database <==
  
  2nd-order matrix (non-cartesian coordinates, masses not included,
   asr not included )
     j1       j2             matrix element
  dir pert dir pert     real part     imaginary part
  
   2    1   1    3         0.0000000000         0.0000000000
  
   3    1   1    3         0.0000000000         0.0000000000
  
   1    3   2    1         0.0000000000         0.0000000000
   1    3   3    1         0.0000000000         0.0000000000
  

== END DATASET(S) ==============================================================
================================================================================
  
 -outvars: echo values of variables after computation  --------
            acell      5.4200000000E+00  5.4200000000E+00  5.4200000000E+00 Bohr
              amu      5.58470000E+01
             ecut      3.00000000E+01 Hartree
           etotal1    -2.4933917326E+01
           etotal2     1.2381609779E+01
            fcart1     0.0000000000E+00  0.0000000000E+00  0.0000000000E+00
            fcart2     0.0000000000E+00  0.0000000000E+00  0.0000000000E+00
-          fftalg         312
           getwfk1          0
           getwfk2          1
           istwfk        1    1    1    1    1    1    1    1
              ixc           7
           jdtset        1    2
              kpt      0.00000000E+00  0.00000000E+00  0.00000000E+00
                       5.00000000E-01  0.00000000E+00  0.00000000E+00
                       0.00000000E+00  5.00000000E-01  0.00000000E+00
                       5.00000000E-01  5.00000000E-01  0.00000000E+00
                       0.00000000E+00  0.00000000E+00  5.00000000E-01
                       5.00000000E-01  0.00000000E+00  5.00000000E-01
                       0.00000000E+00  5.00000000E-01  5.00000000E-01
                       5.00000000E-01  5.00000000E-01  5.00000000E-01
           kptopt           3
         kptrlatt        2    0    0      0    2    0      0    0    2
          kptrlen      9.38771538E+00
P           mkmem           8
P          mkqmem           8
P          mk1mem           8
            natom           1
            nband          22
           ndtset           2
            ngfft          24      24      24
             nkpt           8
             nqpt1          0
             nqpt2          1
           nspden           4
          nspinor           2
            nstep          50
             nsym           8
           ntypat           1
              occ      1.000000  1.000000  0.999989  0.999989  0.999989  0.999031
                       0.999031  0.797646  0.797646  0.797646  0.003834  0.003834
                       0.000000  0.000000  0.000000  0.000000  0.000000  0.000000
                       0.000000  0.000000  0.000000  0.000000
                       1.000000  1.000000  0.999997  0.998825  0.997978  0.996733
                       0.972509  0.810998  0.187070  0.006048  0.001565  0.000075
                       0.000000  0.000000  0.000000  0.000000  0.000000  0.000000
                       0.000000  0.000000  0.000000  0.000000
                       1.000000  1.000000  0.999997  0.998825  0.997978  0.996733
                       0.972509  0.810998  0.187070  0.006048  0.001565  0.000075
                       0.000000  0.000000  0.000000  0.000000  0.000000  0.000000
                       0.000000  0.000000  0.000000  0.000000
                       1.000000  1.000000  0.999997  0.998825  0.997978  0.996733
                       0.972509  0.810998  0.187070  0.006048  0.001565  0.000075
                       0.000000  0.000000  0.000000  0.000000  0.000000  0.000000
                       0.000000  0.000000  0.000000  0.000000
                       1.000000  1.000000  0.999997  0.998825  0.997978  0.996733
                       0.972509  0.810998  0.187070  0.006048  0.001565  0.000075
                       0.000000  0.000000  0.000000  0.000000  0.000000  0.000000
                       0.000000  0.000000  0.000000  0.000000
                       1.000000  1.000000  0.999997  0.998825  0.997978  0.996733
                       0.972509  0.810998  0.187070  0.006048  0.001565  0.000075
                       0.000000  0.000000  0.000000  0.000000  0.000000  0.000000
                       0.000000  0.000000  0.000000  0.000000
                       1.000000  1.000000  0.999997  0.998825  0.997978  0.996733
                       0.972509  0.810998  0.187070  0.006048  0.001565  0.000075
                       0.000000  0.000000  0.000000  0.000000  0.000000  0.000000
                       0.000000  0.000000  0.000000  0.000000
                       1.000000  1.000000  0.999966  0.999966  0.923320  0.923320
                       0.923320  0.000231  0.000231  0.000231  0.000000  0.000000
                       0.000000  0.000000  0.000000  0.000000  0.000000  0.000000
                       0.000000  0.000000  0.000000  0.000000
           occopt           3
        optdriver1          0
        optdriver2          1
           prtvol           1
            prtwf1          1
            prtwf2         -1
            rfdir1          0       0       0
            rfdir2          1       0       0
           rfmagn1          0
           rfmagn2          1
            rprim     -5.0000000000E-01  5.0000000000E-01  5.0000000000E-01
                       5.0000000000E-01 -5.0000000000E-01  5.0000000000E-01
                       5.0000000000E-01  5.0000000000E-01 -5.0000000000E-01
           so_psp           0
          spgroup         107
           spinat      2.5000000000E+00  0.0000000000E+00  0.0000000000E+00
           strten1    -6.3587503720E-04 -6.3587503721E-04 -6.3587503721E-04
                       0.0000000000E+00  0.0000000000E+00  0.0000000000E+00
           strten2     0.0000000000E+00  0.0000000000E+00  0.0000000000E+00
                       0.0000000000E+00  0.0000000000E+00  0.0000000000E+00
           symrel      1  0  0   0  1  0   0  0  1      -1 -1 -1   0  0  1   0  1  0
                       0 -1  0  -1  0  0   1  1  1       0  0 -1   1  1  1  -1  0  0
                      -1 -1 -1   0  1  0   0  0  1       1  0  0   0  0  1   0  1  0
                       0 -1  0   1  1  1  -1  0  0       0  0 -1  -1  0  0   1  1  1
           toldfe1     0.00000000E+00 Hartree
           toldfe2     1.00000000E-06 Hartree
           tolvrs1     1.00000000E-16
           tolvrs2     0.00000000E+00
            typat      1
              wtk        0.12500    0.12500    0.12500    0.12500    0.12500    0.12500
                         0.12500    0.12500
            znucl       26.00000

================================================================================


- Timing analysis has been suppressed with timopt=0



================================================================================

 Suggested references for the acknowledgment of ABINIT usage.

 The users of ABINIT have little formal obligations with respect to the ABINIT group
 (those specified in the GNU General Public License, http://www.gnu.org/copyleft/gpl.txt).
 However, it is common practice in the scientific literature,
 to acknowledge the efforts of people that have made the research possible.
 In this spirit, please find below suggested citations of work written by ABINIT developers,
 corresponding to implementations inside of ABINIT that you have used in the present run.
 Note also that it will be of great value to readers of publications presenting these results,
 to read papers enabling them to understand the theoretical formalism and details
 of the ABINIT implementation.
 For information on why they are suggested, see also https://www.abinit.org/about/?text=acknowledgments.
-
- [1] Recent developments in the ABINIT software package.
- Computer Phys. Comm. 205, 106 (2016).
- X.Gonze, F.Jollet, F.Abreu Araujo, D.Adams, B.Amadon, T.Applencourt,
- C.Audouze, J.-M.Beuken, J.Bieder, A.Bokhanchuk, E.Bousquet, F.Bruneval
- D.Caliste, M.Cote, F.Dahm, F.Da Pieve, M.Delaveau, M.Di Gennaro,
- B.Dorado, C.Espejo, G.Geneste, L.Genovese, A.Gerossier, M.Giantomassi,
- Y.Gillet, D.R.Hamann, L.He, G.Jomard, J.Laflamme Janssen, S.Le Roux,
- A.Levitt, A.Lherbier, F.Liu, I.Lukacevic, A.Martin, C.Martins,
- M.J.T.Oliveira, S.Ponce, Y.Pouillon, T.Rangel, G.-M.Rignanese,
- A.H.Romero, B.Rousseau, O.Rubel, A.A.Shukri, M.Stankovski, M.Torrent,
- M.J.Van Setten, B.Van Troeye, M.J.Verstraete, D.Waroquier, J.Wiktor,
- B.Xue, A.Zhou, J.W.Zwanziger.
- Comment : the fourth generic paper describing the ABINIT project.
- Note that a version of this paper, that is not formatted for Computer Phys. Comm. 
- is available at https://www.abinit.org/about/ABINIT16.pdf .
- The licence allows the authors to put it on the Web.
-
- [2] ABINIT : First-principles approach of materials and nanosystem properties.
- Computer Phys. Comm. 180, 2582-2615 (2009).
- X. Gonze, B. Amadon, P.-M. Anglade, J.-M. Beuken, F. Bottin, P. Boulanger, F. Bruneval,
- D. Caliste, R. Caracas, M. Cote, T. Deutsch, L. Genovese, Ph. Ghosez, M. Giantomassi
- S. Goedecker, D.R. Hamann, P. Hermet, F. Jollet, G. Jomard, S. Leroux, M. Mancini, S. Mazevet,
- M.J.T. Oliveira, G. Onida, Y. Pouillon, T. Rangel, G.-M. Rignanese, D. Sangalli, R. Shaltaf,
- M. Torrent, M.J. Verstraete, G. Zerah, J.W. Zwanziger
- Comment : the third generic paper describing the ABINIT project.
- Note that a version of this paper, that is not formatted for Computer Phys. Comm. 
- is available at https://www.abinit.org/about/ABINIT_CPC_v10.pdf .
- The licence allows the authors to put it on the Web.
-
- [3] A brief introduction to the ABINIT software package.
- Z. Kristallogr. 220, 558-562 (2005).
- X. Gonze, G.-M. Rignanese, M. Verstraete, J.-M. Beuken, Y. Pouillon, R. Caracas, F. Jollet,
- M. Torrent, G. Zerah, M. Mikami, Ph. Ghosez, M. Veithen, J.-Y. Raty, V. Olevano, F. Bruneval,
- L. Reining, R. Godby, G. Onida, D.R. Hamann, and D.C. Allan.
- Comment : the second generic paper describing the ABINIT project. Note that this paper
- should be cited especially if you are using the GW part of ABINIT, as several authors
- of this part are not in the list of authors of the first or third paper.
- The .pdf of the latter paper is available at https://www.abinit.org/about/zfk_0505-06_558-562.pdf.
- Note that it should not redistributed (Copyright by Oldenburg Wissenshaftverlag,
- the licence allows the authors to put it on the Web).
-
- And optionally:
-
- [4] First-principles computation of material properties : the ABINIT software project. 
- X. Gonze, J.-M. Beuken, R. Caracas, F. Detraux, M. Fuchs, G.-M. Rignanese, L. Sindic,
- M. Verstraete, G. Zerah, F. Jollet, M. Torrent, A. Roy, M. Mikami, Ph. Ghosez, J.-Y. Raty, D.C. Allan.
- Computational Materials Science 25, 478-492 (2002). http://dx.doi.org/10.1016/S0927-0256(02)00325-7
- Comment : the original paper describing the ABINIT project.
-
- Proc.   0 individual time (sec): cpu=         48.0  wall=         48.0

================================================================================

 Calculation completed.
.Delivered   7 WARNINGs and   2 COMMENTs to log file.
+Overall time at end (sec) : cpu=         48.0  wall=         48.0
