
.Version 8.7.3 of ABINIT 
.(MPI version, prepared for a x86_64_linux_gnu5.4 computer) 

.Copyright (C) 1998-2017 ABINIT group . 
 ABINIT comes with ABSOLUTELY NO WARRANTY.
 It is free software, and you are welcome to redistribute it
 under certain conditions (GNU General Public License,
 see ~abinit/COPYING or http://www.gnu.org/copyleft/gpl.txt).

 ABINIT is a project of the Universite Catholique de Louvain,
 Corning Inc. and other collaborators, see ~abinit/doc/developers/contributors.txt .
 Please read ~abinit/doc/users/acknowledgments.html for suggested
 acknowledgments of the ABINIT effort.
 For more information, see https://www.abinit.org .

.Starting date : Wed 10 Jan 2018.
- ( at 14h02 )
  
- input  file    -> abi.in
- output file    -> abi.out
- root for input  files -> abi-i
- root for output files -> abi-o


 Symmetries : space group P1 (#  1); Bravais aP (primitive triclinic)
================================================================================
 Values of the parameters that define the memory need of the present run
     intxc =       0    ionmov =       0      iscf =       7    lmnmax =      13
     lnmax =      13     mgfft =      27  mpssoang =       5    mqgrid =    3001
     natom =       4  nloc_mem =       1    nspden =       4   nspinor =       2
    nsppol =       1      nsym =       1    n1xccc =    2501    ntypat =       2
    occopt =       1   xclevel =       1
-    mband =          44        mffmem =           1         mkmem =           8
       mpw =         167          nfft =        6075          nkpt =           8
================================================================================
P This job should need less than                       8.407 Mbytes of memory.
  Rough estimation (10% accuracy) of disk space for files :
_ WF disk file :      0.899 Mbytes ; DEN or POT disk file :      0.048 Mbytes.
================================================================================

--------------------------------------------------------------------------------
------------- Echo of variables that govern the present computation ------------
--------------------------------------------------------------------------------
-
- outvars: echo of selected default values                                      
-   iomode0 =  0 , fftalg0 =112 , wfoptalg0 =  0
-
- outvars: echo of global parameters not present in the input file              
-  max_nthreads =    0
-
 -outvars: echo values of preprocessed input variables --------
            acell      8.5037675980E+00  8.5037675980E+00  8.5037675980E+00 Bohr
              amu      5.49380500E+01  1.59994000E+01
      chksymbreak           0
           diemac      2.00000000E+01
           diemix      8.00000000E-01
             ecut      5.00000000E+00 Hartree
-          fftalg         112
              ixc       -1012
              kpt      2.50000000E-01  2.50000000E-01  2.50000000E-01
                      -2.50000000E-01  2.50000000E-01  2.50000000E-01
                       2.50000000E-01 -2.50000000E-01  2.50000000E-01
                      -2.50000000E-01 -2.50000000E-01  2.50000000E-01
                       2.50000000E-01  2.50000000E-01 -2.50000000E-01
                      -2.50000000E-01  2.50000000E-01 -2.50000000E-01
                       2.50000000E-01 -2.50000000E-01 -2.50000000E-01
                      -2.50000000E-01 -2.50000000E-01 -2.50000000E-01
           kptopt           3
         kptrlatt        2    0    0      0    2    0      0    0    2
          kptrlen      1.20261435E+01
P           mkmem           8
            natom           4
            nband          44
            ngfft          15      15      27
             nkpt           8
            nline           8
           nspden           4
          nspinor           2
             nsym           1
           ntypat           2
              occ      1.000000  1.000000  1.000000  1.000000  1.000000  1.000000
                       1.000000  1.000000  1.000000  1.000000  1.000000  1.000000
                       1.000000  1.000000  1.000000  1.000000  1.000000  1.000000
                       1.000000  1.000000  1.000000  1.000000  1.000000  1.000000
                       1.000000  1.000000  1.000000  1.000000  1.000000  1.000000
                       1.000000  1.000000  1.000000  1.000000  1.000000  1.000000
                       1.000000  1.000000  1.000000  1.000000  1.000000  1.000000
                       0.000000  0.000000
           prtden           0
           prteig           0
            rprim      0.0000000000E+00  5.0000000000E-01  5.0000000000E-01
                       5.0000000000E-01  0.0000000000E+00  5.0000000000E-01
                       1.0000000000E+00  1.0000000000E+00  0.0000000000E+00
           shiftk      5.00000000E-01  5.00000000E-01  5.00000000E-01
          spgroup           1
           spinat      5.0000000000E+00  5.0000000000E+00  5.0000000000E+00
                      -5.0000000000E+00 -5.0000000000E+00 -5.0000000000E+00
                       0.0000000000E+00  0.0000000000E+00  0.0000000000E+00
                       0.0000000000E+00  0.0000000000E+00  0.0000000000E+00
   spinmagntarget      0.00000000E+00
           tolwfr      1.00000000E-16
            typat      1  1  2  2
              wtk        0.12500    0.12500    0.12500    0.12500    0.12500    0.12500
                         0.12500    0.12500
           xangst      0.0000000000E+00  0.0000000000E+00  0.0000000000E+00
                       2.2500000000E+00  2.2500000000E+00 -4.4916601543E-33
                       2.2500000000E+00  2.2500000000E+00  2.2500000000E+00
                       4.5000000000E+00  4.5000000000E+00  2.2500000000E+00
            xcart      0.0000000000E+00  0.0000000000E+00  0.0000000000E+00
                       4.2518837990E+00  4.2518837990E+00 -8.4880075737E-33
                       4.2518837990E+00  4.2518837990E+00  4.2518837990E+00
                       8.5037675980E+00  8.5037675980E+00  4.2518837990E+00
             xred      0.0000000000E+00  0.0000000000E+00  0.0000000000E+00
                      -5.0720826009E-17  5.0720826009E-17  5.0000000000E-01
                       5.0000000000E-01  5.0000000000E-01  2.5000000000E-01
                       5.0000000000E-01  5.0000000000E-01  7.5000000000E-01
            znucl       25.00000    8.00000

================================================================================

 chkinp: Checking input parameters for consistency.

================================================================================
== DATASET  1 ==================================================================
-   nproc =    1

 Real(R)+Recip(G) space primitive vectors, cartesian coordinates (Bohr,Bohr^-1):
 R(1)=  0.0000000  4.2518838  4.2518838  G(1)= -0.1175949  0.1175949  0.1175949
 R(2)=  4.2518838  0.0000000  4.2518838  G(2)=  0.1175949 -0.1175949  0.1175949
 R(3)=  8.5037676  8.5037676  0.0000000  G(3)=  0.0587975  0.0587975 -0.0587975
 Unit cell volume ucvol=  3.0747099E+02 bohr^3
 Angles (23,13,12)=  6.00000000E+01  6.00000000E+01  6.00000000E+01 degrees

 getcut: wavevector=  0.0000  0.0000  0.0000  ngfft=  15  15  27
         ecut(hartree)=      5.000   => boxcut(ratio)=   2.15099

--- Pseudopotential description ------------------------------------------------
- pspini: atom type   1  psp file is /home/ebousq/CODES/Psp/ABINIT/ONCVPSP_Hamann/Pseudo_Dojo/v0.4/Psp_files/Mn-sp-r_LDA_1012_dojov0.4.psp8
- pspatm: opening atomic psp file    /home/ebousq/CODES/Psp/ABINIT/ONCVPSP_Hamann/Pseudo_Dojo/v0.4/Psp_files/Mn-sp-r_LDA_1012_dojov0.4.psp8
- Mn    ONCVPSP-3.3.0  r_core=   1.41250   1.20960   1.61055
- 25.00000  15.00000    171221                znucl, zion, pspdat
    8   -1012    2    4       600   0.00000   pspcod,pspxc,lmax,lloc,mmax,r2well
    5.99000000000000    4.00000000000000    0.00000000000000   rchrg,fchrg,qchrg
     nproj     2     3     2
     spin-orbit psp, extension_switch     3
        nprojso     4     2
  pspatm : epsatm=   16.34350758
         --- l  ekb(1:nproj) -->
             0    1.541384    9.432343
             1    1.537688   -0.776432    0.000133
             2   -6.716945   -2.190134
  spin-orbit 1    0.132411   -0.012041    0.011217   -0.000060
  spin-orbit 2    0.007940    0.003946
 pspatm: atomic psp has been read  and splines computed

- pspini: atom type   2  psp file is /home/ebousq/CODES/Psp/ABINIT/ONCVPSP_Hamann/Pseudo_Dojo/v0.4/Psp_files/O-r_LDA_1012_dojov0.4.psp8
- pspatm: opening atomic psp file    /home/ebousq/CODES/Psp/ABINIT/ONCVPSP_Hamann/Pseudo_Dojo/v0.4/Psp_files/O-r_LDA_1012_dojov0.4.psp8
- O     ONCVPSP-3.3.0  r_core=   1.35509   1.45563   1.35509
-  8.00000   6.00000    171117                znucl, zion, pspdat
    8   -1012    2    4       600   0.00000   pspcod,pspxc,lmax,lloc,mmax,r2well
    5.99000000000000    4.00000000000000    0.00000000000000   rchrg,fchrg,qchrg
     nproj     2     2     2
     spin-orbit psp, extension_switch     3
        nprojso     2     2
  pspatm : epsatm=    6.27755646
         --- l  ekb(1:nproj) -->
             0    0.816153    6.026020
             1   -4.798834   -1.172475
             2   -1.033585   -0.000000
  spin-orbit 1    0.006456    0.001999
  spin-orbit 2   -0.000451    0.000232
 pspatm: atomic psp has been read  and splines computed

   1.90016938E+03                                ecore*ucvol(ha*bohr**3)
--------------------------------------------------------------------------------

_setup2: Arith. and geom. avg. npw (full set) are     165.000     164.974

================================================================================

     iter   Etot(hartree)      deltaE(h)  residm     vres2
 ETOT  1  -211.62643282754    -2.116E+02 1.510E-02 6.760E+03
 ETOT  2  -215.42604906591    -3.800E+00 2.454E-03 2.463E+02
 ETOT  3  -215.53187124062    -1.058E-01 6.479E-03 4.348E+01
 ETOT  4  -215.58025238771    -4.838E-02 2.689E-03 2.232E+00
 ETOT  5  -215.58516491933    -4.913E-03 5.742E-04 1.206E+00
 ETOT  6  -215.58679691016    -1.632E-03 3.100E-05 2.259E+00
 ETOT  7  -215.58895459316    -2.158E-03 1.384E-05 6.111E-01
 ETOT  8  -215.59039799014    -1.443E-03 6.230E-06 3.279E-01
 ETOT  9  -215.59210366627    -1.706E-03 1.897E-05 1.433E-01
 ETOT 10  -215.59308491786    -9.813E-04 2.428E-05 3.903E-02
 ETOT 11  -215.59319322000    -1.083E-04 1.069E-06 6.404E-02
 ETOT 12  -215.59334911977    -1.559E-04 2.163E-06 5.528E-03
 ETOT 13  -215.59340192953    -5.281E-05 5.364E-07 5.262E-03
 ETOT 14  -215.59344027794    -3.835E-05 5.255E-07 1.373E-03
 ETOT 15  -215.59346724048    -2.696E-05 7.091E-07 2.348E-04
 ETOT 16  -215.59347563995    -8.399E-06 2.025E-07 1.834E-04
 ETOT 17  -215.59348272789    -7.088E-06 2.752E-07 7.210E-05
 ETOT 18  -215.59348577407    -3.046E-06 1.012E-07 2.934E-05
 ETOT 19  -215.59348796890    -2.195E-06 8.515E-08 2.127E-05
 ETOT 20  -215.59348884255    -8.736E-07 2.018E-08 2.152E-05
 ETOT 21  -215.59348972702    -8.845E-07 2.715E-08 1.200E-05
 ETOT 22  -215.59349053560    -8.086E-07 3.296E-08 8.197E-06
 ETOT 23  -215.59349165168    -1.116E-06 1.243E-07 3.988E-06
 ETOT 24  -215.59349200561    -3.539E-07 3.188E-08 2.139E-06
 ETOT 25  -215.59349220757    -2.020E-07 2.398E-08 1.104E-06
 ETOT 26  -215.59349230618    -9.860E-08 1.754E-08 2.965E-07
 ETOT 27  -215.59349233558    -2.940E-08 1.074E-08 1.047E-07
 ETOT 28  -215.59349233695    -1.367E-09 2.327E-10 5.259E-08
 ETOT 29  -215.59349233750    -5.516E-10 3.545E-11 4.968E-08
 ETOT 30  -215.59349233797    -4.753E-10 6.003E-12 3.680E-08

 Cartesian components of stress tensor (hartree/bohr^3)
  sigma(1 1)=  8.82176808E-02  sigma(3 2)= -2.53931347E-04
  sigma(2 2)=  8.82176809E-02  sigma(3 1)= -2.53931238E-04
  sigma(3 3)=  8.66217562E-02  sigma(2 1)= -6.53831552E-04


 scprqt:  WARNING -
  nstep=   30 was not enough SCF cycles to converge;
  maximum residual=  6.003E-12 exceeds tolwfr=  1.000E-16

 Integrated electronic and magnetization densities in atomic spheres:
 ---------------------------------------------------------------------
 Note:      this is a rough approximation of local magnetic moments
 Atom   Radius      Total density     mag(x)      mag(y)      mag(z)
    1   2.00000       11.232452     -0.142195    0.072464    0.055222
    2   2.00000       11.125692     -0.135093    0.069505    0.053034
    3   2.00000        5.540789     -0.002503    0.001313    0.001011
    4   2.00000        5.540789     -0.002503    0.001313    0.001011
 ---------------------------------------------------------------------
 Total magnetization (spheres)      -0.282295    0.144594    0.110279
 Total magnetization (exact)        -0.420343    0.215295    0.164197
================================================================================

 ----iterations are completed or convergence reached----

 Mean square residual over all n,k,spin=   1.2370E-12; max=  6.0031E-12
 reduced coordinates (array xred) for    4 atoms
       0.000000000000      0.000000000000      0.000000000000
      -0.000000000000      0.000000000000      0.500000000000
       0.500000000000      0.500000000000      0.250000000000
       0.500000000000      0.500000000000      0.750000000000
 rms dE/dt=  2.2506E-01; max dE/dt=  5.4115E-01; dE/dt below (all hartree)
    1       0.000000040778      0.000000040724     -0.000001409966
    2      -0.000000040590     -0.000000040841      0.000001410669
    3      -0.074401696963     -0.074401778332     -0.541148637483
    4       0.074401697911      0.074401779610      0.541148641077

 cartesian coordinates (angstrom) at end:
    1      0.00000000000000     0.00000000000000     0.00000000000000
    2      2.25000000000000     2.25000000000000    -0.00000000000000
    3      2.25000000000000     2.25000000000000     2.25000000000000
    4      4.50000000000000     4.50000000000000     2.25000000000000

 cartesian forces (hartree/bohr) at end:
    1      0.00000008297268     0.00000008295850    -0.00000009248230
    2     -0.00000008285030    -0.00000008291088     0.00000009252407
    3      0.03181817912307     0.03181815998450    -0.01431963444514
    4     -0.03181817924545    -0.03181816003211     0.01431963440336
 frms,max,avg= 1.9277983E-02 3.1818179E-02  -6.394E-11 -6.238E-11 -4.345E-12 h/b

 cartesian forces (eV/Angstrom) at end:
    1      0.00000426662650     0.00000426589723    -0.00000475563051
    2     -0.00000426033358    -0.00000426344874     0.00000475777875
    3      1.63615641752810     1.63615543338309    -0.73634514732743
    4     -1.63615642382103    -1.63615543583158     0.73634514517919
 frms,max,avg= 9.9131366E-01 1.6361564E+00  -3.288E-09 -3.208E-09 -2.234E-10 e/A
 length scales=  8.503767597985  8.503767597985  8.503767597985 bohr
              =  4.500000000000  4.500000000000  4.500000000000 angstroms
 Fermi (or HOMO) energy (hartree) =   0.62249   Average Vxc (hartree)=  -0.52079
 Eigenvalues (hartree) for nkpt=   8  k points:
 kpt#   1, nband= 44, wtk=  0.12500, kpt=  0.2500  0.2500  0.2500 (reduced coord)
  -4.85900   -4.85700   -4.77435   -4.77216   -1.77058   -1.76408   -1.71338   -1.71071
  -1.64980   -1.64717   -1.64238   -1.63786   -1.55167   -1.54420   -1.51425   -1.50948
  -0.61896   -0.61884   -0.61812   -0.61808    0.15007    0.15277    0.18519    0.18853
   0.29574    0.29767    0.30664    0.30936    0.38039    0.38226    0.40156    0.40442
   0.45406    0.45724    0.52474    0.53256    0.54054    0.54510    0.56956    0.57582
   0.58833    0.59210    0.60528    0.61114
 prteigrs : prtvol=0 or 1, do not print more k-points.


--------------------------------------------------------------------------------
 Components of total free energy (in Hartree) :

    Kinetic energy  =  6.13404277136440E+01
    Hartree energy  =  2.12183240842990E+01
    XC energy       = -3.52692808381775E+01
    Ewald energy    = -1.63786334065174E+02
    PspCore energy  =  6.17999555550193E+00
    Loc. psp. energy= -1.07802631370146E+02
    NL   psp  energy=  2.52600658207891E+00
    >>>>>>>>> Etotal= -2.15593492337974E+02

 Other information on the energy :
    Total energy(eV)= -5.86659727772657E+03 ; Band energy (Ha)=  -3.2371409720E+01
--------------------------------------------------------------------------------

 Cartesian components of stress tensor (hartree/bohr^3)
  sigma(1 1)=  8.82176808E-02  sigma(3 2)= -2.53931347E-04
  sigma(2 2)=  8.82176809E-02  sigma(3 1)= -2.53931238E-04
  sigma(3 3)=  8.66217562E-02  sigma(2 1)= -6.53831552E-04

-Cartesian components of stress tensor (GPa)         [Pressure= -2.5798E+03 GPa]
- sigma(1 1)=  2.59545334E+03  sigma(3 2)= -7.47091689E+00
- sigma(2 2)=  2.59545334E+03  sigma(3 1)= -7.47091369E+00
- sigma(3 3)=  2.54849963E+03  sigma(2 1)= -1.92363851E+01

== END DATASET(S) ==============================================================
================================================================================
  
 -outvars: echo values of variables after computation  --------
            acell      8.5037675980E+00  8.5037675980E+00  8.5037675980E+00 Bohr
              amu      5.49380500E+01  1.59994000E+01
      chksymbreak           0
           diemac      2.00000000E+01
           diemix      8.00000000E-01
             ecut      5.00000000E+00 Hartree
           etotal     -2.1559349234E+02
            fcart      8.2972682148E-08  8.2958500018E-08 -9.2482296742E-08
                      -8.2850304177E-08 -8.2910884537E-08  9.2524073418E-08
                       3.1818179123E-02  3.1818159984E-02 -1.4319634445E-02
                      -3.1818179245E-02 -3.1818160032E-02  1.4319634403E-02
-          fftalg         112
              ixc       -1012
              kpt      2.50000000E-01  2.50000000E-01  2.50000000E-01
                      -2.50000000E-01  2.50000000E-01  2.50000000E-01
                       2.50000000E-01 -2.50000000E-01  2.50000000E-01
                      -2.50000000E-01 -2.50000000E-01  2.50000000E-01
                       2.50000000E-01  2.50000000E-01 -2.50000000E-01
                      -2.50000000E-01  2.50000000E-01 -2.50000000E-01
                       2.50000000E-01 -2.50000000E-01 -2.50000000E-01
                      -2.50000000E-01 -2.50000000E-01 -2.50000000E-01
           kptopt           3
         kptrlatt        2    0    0      0    2    0      0    0    2
          kptrlen      1.20261435E+01
P           mkmem           8
            natom           4
            nband          44
            ngfft          15      15      27
             nkpt           8
            nline           8
           nspden           4
          nspinor           2
             nsym           1
           ntypat           2
              occ      1.000000  1.000000  1.000000  1.000000  1.000000  1.000000
                       1.000000  1.000000  1.000000  1.000000  1.000000  1.000000
                       1.000000  1.000000  1.000000  1.000000  1.000000  1.000000
                       1.000000  1.000000  1.000000  1.000000  1.000000  1.000000
                       1.000000  1.000000  1.000000  1.000000  1.000000  1.000000
                       1.000000  1.000000  1.000000  1.000000  1.000000  1.000000
                       1.000000  1.000000  1.000000  1.000000  1.000000  1.000000
                       0.000000  0.000000
           prtden           0
           prteig           0
            rprim      0.0000000000E+00  5.0000000000E-01  5.0000000000E-01
                       5.0000000000E-01  0.0000000000E+00  5.0000000000E-01
                       1.0000000000E+00  1.0000000000E+00  0.0000000000E+00
           shiftk      5.00000000E-01  5.00000000E-01  5.00000000E-01
          spgroup           1
           spinat      5.0000000000E+00  5.0000000000E+00  5.0000000000E+00
                      -5.0000000000E+00 -5.0000000000E+00 -5.0000000000E+00
                       0.0000000000E+00  0.0000000000E+00  0.0000000000E+00
                       0.0000000000E+00  0.0000000000E+00  0.0000000000E+00
   spinmagntarget      0.00000000E+00
           strten      8.8217680829E-02  8.8217680928E-02  8.6621756209E-02
                      -2.5393134655E-04 -2.5393123767E-04 -6.5383155154E-04
           tolwfr      1.00000000E-16
            typat      1  1  2  2
              wtk        0.12500    0.12500    0.12500    0.12500    0.12500    0.12500
                         0.12500    0.12500
           xangst      0.0000000000E+00  0.0000000000E+00  0.0000000000E+00
                       2.2500000000E+00  2.2500000000E+00 -4.4916601543E-33
                       2.2500000000E+00  2.2500000000E+00  2.2500000000E+00
                       4.5000000000E+00  4.5000000000E+00  2.2500000000E+00
            xcart      0.0000000000E+00  0.0000000000E+00  0.0000000000E+00
                       4.2518837990E+00  4.2518837990E+00 -8.4880075737E-33
                       4.2518837990E+00  4.2518837990E+00  4.2518837990E+00
                       8.5037675980E+00  8.5037675980E+00  4.2518837990E+00
             xred      0.0000000000E+00  0.0000000000E+00  0.0000000000E+00
                      -5.0720826009E-17  5.0720826009E-17  5.0000000000E-01
                       5.0000000000E-01  5.0000000000E-01  2.5000000000E-01
                       5.0000000000E-01  5.0000000000E-01  7.5000000000E-01
            znucl       25.00000    8.00000

================================================================================


- Timing analysis has been suppressed with timopt=0



================================================================================

 Suggested references for the acknowledgment of ABINIT usage.

 The users of ABINIT have little formal obligations with respect to the ABINIT group
 (those specified in the GNU General Public License, http://www.gnu.org/copyleft/gpl.txt).
 However, it is common practice in the scientific literature,
 to acknowledge the efforts of people that have made the research possible.
 In this spirit, please find below suggested citations of work written by ABINIT developers,
 corresponding to implementations inside of ABINIT that you have used in the present run.
 Note also that it will be of great value to readers of publications presenting these results,
 to read papers enabling them to understand the theoretical formalism and details
 of the ABINIT implementation.
 For information on why they are suggested, see also https://www.abinit.org/about/?text=acknowledgments.
-
- [1] Libxc: A library of exchange and correlation functionals for density functional theory.
- M.A.L. Marques, M.J.T. Oliveira, T. Burnus, Computer Physics Communications 183, 2227 (2012).
- Comment : to be cited when LibXC is used (negative value of ixc)
- Strong suggestion to cite this paper.
-
- [2] Recent developments in the ABINIT software package.
- Computer Phys. Comm. 205, 106 (2016).
- X.Gonze, F.Jollet, F.Abreu Araujo, D.Adams, B.Amadon, T.Applencourt,
- C.Audouze, J.-M.Beuken, J.Bieder, A.Bokhanchuk, E.Bousquet, F.Bruneval
- D.Caliste, M.Cote, F.Dahm, F.Da Pieve, M.Delaveau, M.Di Gennaro,
- B.Dorado, C.Espejo, G.Geneste, L.Genovese, A.Gerossier, M.Giantomassi,
- Y.Gillet, D.R.Hamann, L.He, G.Jomard, J.Laflamme Janssen, S.Le Roux,
- A.Levitt, A.Lherbier, F.Liu, I.Lukacevic, A.Martin, C.Martins,
- M.J.T.Oliveira, S.Ponce, Y.Pouillon, T.Rangel, G.-M.Rignanese,
- A.H.Romero, B.Rousseau, O.Rubel, A.A.Shukri, M.Stankovski, M.Torrent,
- M.J.Van Setten, B.Van Troeye, M.J.Verstraete, D.Waroquier, J.Wiktor,
- B.Xue, A.Zhou, J.W.Zwanziger.
- Comment : the fourth generic paper describing the ABINIT project.
- Note that a version of this paper, that is not formatted for Computer Phys. Comm. 
- is available at https://www.abinit.org/about/ABINIT16.pdf .
- The licence allows the authors to put it on the Web.
-
- [3] Optimized norm-conserving Vanderbilt pseudopotentials.
- D.R. Hamann, Phys. Rev. B 88, 085117 (2013).
- Comment: Some pseudopotential generated using the ONCVPSP code were used.
-
- [4] ABINIT : First-principles approach of materials and nanosystem properties.
- Computer Phys. Comm. 180, 2582-2615 (2009).
- X. Gonze, B. Amadon, P.-M. Anglade, J.-M. Beuken, F. Bottin, P. Boulanger, F. Bruneval,
- D. Caliste, R. Caracas, M. Cote, T. Deutsch, L. Genovese, Ph. Ghosez, M. Giantomassi
- S. Goedecker, D.R. Hamann, P. Hermet, F. Jollet, G. Jomard, S. Leroux, M. Mancini, S. Mazevet,
- M.J.T. Oliveira, G. Onida, Y. Pouillon, T. Rangel, G.-M. Rignanese, D. Sangalli, R. Shaltaf,
- M. Torrent, M.J. Verstraete, G. Zerah, J.W. Zwanziger
- Comment : the third generic paper describing the ABINIT project.
- Note that a version of this paper, that is not formatted for Computer Phys. Comm. 
- is available at https://www.abinit.org/about/ABINIT_CPC_v10.pdf .
- The licence allows the authors to put it on the Web.
-
- [5] A brief introduction to the ABINIT software package.
- Z. Kristallogr. 220, 558-562 (2005).
- X. Gonze, G.-M. Rignanese, M. Verstraete, J.-M. Beuken, Y. Pouillon, R. Caracas, F. Jollet,
- M. Torrent, G. Zerah, M. Mikami, Ph. Ghosez, M. Veithen, J.-Y. Raty, V. Olevano, F. Bruneval,
- L. Reining, R. Godby, G. Onida, D.R. Hamann, and D.C. Allan.
- Comment : the second generic paper describing the ABINIT project. Note that this paper
- should be cited especially if you are using the GW part of ABINIT, as several authors
- of this part are not in the list of authors of the first or third paper.
- The .pdf of the latter paper is available at https://www.abinit.org/about/zfk_0505-06_558-562.pdf.
- Note that it should not redistributed (Copyright by Oldenburg Wissenshaftverlag,
- the licence allows the authors to put it on the Web).
-
- Proc.   0 individual time (sec): cpu=         43.3  wall=         43.3

================================================================================

 Calculation completed.
.Delivered   2 WARNINGs and   2 COMMENTs to log file.
+Overall time at end (sec) : cpu=         43.3  wall=         43.3
