
.Version 8.7.3 of ABINIT 
.(MPI version, prepared for a x86_64_linux_gnu5.4 computer) 

.Copyright (C) 1998-2017 ABINIT group . 
 ABINIT comes with ABSOLUTELY NO WARRANTY.
 It is free software, and you are welcome to redistribute it
 under certain conditions (GNU General Public License,
 see ~abinit/COPYING or http://www.gnu.org/copyleft/gpl.txt).

 ABINIT is a project of the Universite Catholique de Louvain,
 Corning Inc. and other collaborators, see ~abinit/doc/developers/contributors.txt .
 Please read ~abinit/doc/users/acknowledgments.html for suggested
 acknowledgments of the ABINIT effort.
 For more information, see https://www.abinit.org .

.Starting date : Sun 14 Jan 2018.
- ( at 20h24 )
  
- input  file    -> abi.in
- output file    -> abi.out
- root for input  files -> abi-i
- root for output files -> abi-o


 Symmetries : space group P1 (#  1); Bravais aP (primitive triclinic)
================================================================================
 Values of the parameters that define the memory need of the present run (RF).
     intxc =       0      iscf =      -3    lmnmax =      13     lnmax =      13
     mgfft =      27  mpssoang =       5    mqgrid =    3001     natom =       4
  nloc_mem =       1    nspden =       4   nspinor =       2    nsppol =       1
      nsym =       1    n1xccc =    2501    ntypat =       2    occopt =       1
   xclevel =       1
-    mband =          42        mffmem =           1         mkmem =           8
-   mkqmem =           8        mk1mem =           8           mpw =         167
      nfft =        6075          nkpt =           8
================================================================================
P This job should need less than                       9.562 Mbytes of memory.
  Rough estimation (10% accuracy) of disk space for files :
_ WF disk file :      0.858 Mbytes ; DEN or POT disk file :      0.048 Mbytes.
================================================================================

--------------------------------------------------------------------------------
------------- Echo of variables that govern the present computation ------------
--------------------------------------------------------------------------------
-
- outvars: echo of selected default values                                      
-   iomode0 =  0 , fftalg0 =112 , wfoptalg0 =  0
-
- outvars: echo of global parameters not present in the input file              
-  max_nthreads =    0
-
 -outvars: echo values of preprocessed input variables --------
            acell      8.5037675980E+00  8.5037675980E+00  8.5037675980E+00 Bohr
              amu      5.49380500E+01  1.59994000E+01
      chksymbreak           0
           diemac      2.00000000E+01
           diemix      8.00000000E-01
             ecut      5.00000000E+00 Hartree
-          fftalg         112
           irdwfk          -1
             iscf          -3
              ixc           7
              kpt      2.50000000E-01  2.50000000E-01  2.50000000E-01
                      -2.50000000E-01  2.50000000E-01  2.50000000E-01
                       2.50000000E-01 -2.50000000E-01  2.50000000E-01
                      -2.50000000E-01 -2.50000000E-01  2.50000000E-01
                       2.50000000E-01  2.50000000E-01 -2.50000000E-01
                      -2.50000000E-01  2.50000000E-01 -2.50000000E-01
                       2.50000000E-01 -2.50000000E-01 -2.50000000E-01
                      -2.50000000E-01 -2.50000000E-01 -2.50000000E-01
           kptopt           3
         kptrlatt        2    0    0      0    2    0      0    0    2
          kptrlen      1.20261435E+01
P           mkmem           8
P          mkqmem           8
P          mk1mem           8
            natom           4
            nband          42
            ngfft          15      15      27
             nkpt           8
            nline          12
             nqpt           1
           nspden           4
          nspinor           2
            nstep          20
             nsym           1
           ntypat           2
              occ      1.000000  1.000000  1.000000  1.000000  1.000000  1.000000
                       1.000000  1.000000  1.000000  1.000000  1.000000  1.000000
                       1.000000  1.000000  1.000000  1.000000  1.000000  1.000000
                       1.000000  1.000000  1.000000  1.000000  1.000000  1.000000
                       1.000000  1.000000  1.000000  1.000000  1.000000  1.000000
                       1.000000  1.000000  1.000000  1.000000  1.000000  1.000000
                       1.000000  1.000000  1.000000  1.000000  1.000000  1.000000
        optdriver           1
           prtden           0
           prteig           0
            rfdir           1       1       1
           rfelfd           2
            rprim      0.0000000000E+00  5.0000000000E-01  5.0000000000E-01
                       5.0000000000E-01  0.0000000000E+00  5.0000000000E-01
                       1.0000000000E+00  1.0000000000E+00  0.0000000000E+00
           shiftk      5.00000000E-01  5.00000000E-01  5.00000000E-01
          spgroup           1
           spinat      5.0000000000E+00  5.0000000000E+00  5.0000000000E+00
                      -5.0000000000E+00 -5.0000000000E+00 -5.0000000000E+00
                       0.0000000000E+00  0.0000000000E+00  0.0000000000E+00
                       0.0000000000E+00  0.0000000000E+00  0.0000000000E+00
   spinmagntarget      0.00000000E+00
           tolwfr      1.00000000E-16
            typat      1  1  2  2
              wtk        0.12500    0.12500    0.12500    0.12500    0.12500    0.12500
                         0.12500    0.12500
           xangst      0.0000000000E+00  0.0000000000E+00  0.0000000000E+00
                       2.2500000000E+00  2.2500000000E+00 -4.4916601543E-33
                       2.2500000000E+00  2.2500000000E+00  2.2500000000E+00
                       4.5000000000E+00  4.5000000000E+00  2.2500000000E+00
            xcart      0.0000000000E+00  0.0000000000E+00  0.0000000000E+00
                       4.2518837990E+00  4.2518837990E+00 -8.4880075737E-33
                       4.2518837990E+00  4.2518837990E+00  4.2518837990E+00
                       8.5037675980E+00  8.5037675980E+00  4.2518837990E+00
             xred      0.0000000000E+00  0.0000000000E+00  0.0000000000E+00
                      -5.0720826009E-17  5.0720826009E-17  5.0000000000E-01
                       5.0000000000E-01  5.0000000000E-01  2.5000000000E-01
                       5.0000000000E-01  5.0000000000E-01  7.5000000000E-01
            znucl       25.00000    8.00000

================================================================================

 chkinp: Checking input parameters for consistency.

================================================================================
== DATASET  1 ==================================================================
-   nproc =    1

 Exchange-correlation functional for the present dataset will be:
  LDA: Perdew-Wang 92 LSD fit to Ceperley-Alder data - ixc=7
 Citation for XC functional:
  J.P.Perdew and Y.Wang, PRB 45, 13244 (1992)

 Real(R)+Recip(G) space primitive vectors, cartesian coordinates (Bohr,Bohr^-1):
 R(1)=  0.0000000  4.2518838  4.2518838  G(1)= -0.1175949  0.1175949  0.1175949
 R(2)=  4.2518838  0.0000000  4.2518838  G(2)=  0.1175949 -0.1175949  0.1175949
 R(3)=  8.5037676  8.5037676  0.0000000  G(3)=  0.0587975  0.0587975 -0.0587975
 Unit cell volume ucvol=  3.0747099E+02 bohr^3
 Angles (23,13,12)=  6.00000000E+01  6.00000000E+01  6.00000000E+01 degrees
 setup1 : take into account q-point for computing boxcut.

 getcut: wavevector=  0.0000  0.0000  0.0000  ngfft=  15  15  27
         ecut(hartree)=      5.000   => boxcut(ratio)=   2.15099

--- Pseudopotential description ------------------------------------------------
- pspini: atom type   1  psp file is /home/ebousq/CODES/Psp/ABINIT/ONCVPSP_Hamann/Pseudo_Dojo/v0.4/Psp_files/Mn-sp-r_LDA_1012_dojov0.4.psp8
- pspatm: opening atomic psp file    /home/ebousq/CODES/Psp/ABINIT/ONCVPSP_Hamann/Pseudo_Dojo/v0.4/Psp_files/Mn-sp-r_LDA_1012_dojov0.4.psp8
- Mn    ONCVPSP-3.3.0  r_core=   1.41250   1.20960   1.61055
- 25.00000  15.00000    171221                znucl, zion, pspdat
    8   -1012    2    4       600   0.00000   pspcod,pspxc,lmax,lloc,mmax,r2well
    5.99000000000000    4.00000000000000    0.00000000000000   rchrg,fchrg,qchrg
     nproj     2     3     2
     spin-orbit psp, extension_switch     3
        nprojso     4     2
  pspatm : epsatm=   16.34350758
         --- l  ekb(1:nproj) -->
             0    1.541384    9.432343
             1    1.537688   -0.776432    0.000133
             2   -6.716945   -2.190134
  spin-orbit 1    0.132411   -0.012041    0.011217   -0.000060
  spin-orbit 2    0.007940    0.003946
 pspatm: atomic psp has been read  and splines computed

- pspini: atom type   2  psp file is /home/ebousq/CODES/Psp/ABINIT/ONCVPSP_Hamann/Pseudo_Dojo/v0.4/Psp_files/O-r_LDA_1012_dojov0.4.psp8
- pspatm: opening atomic psp file    /home/ebousq/CODES/Psp/ABINIT/ONCVPSP_Hamann/Pseudo_Dojo/v0.4/Psp_files/O-r_LDA_1012_dojov0.4.psp8
- O     ONCVPSP-3.3.0  r_core=   1.35509   1.45563   1.35509
-  8.00000   6.00000    171117                znucl, zion, pspdat
    8   -1012    2    4       600   0.00000   pspcod,pspxc,lmax,lloc,mmax,r2well
    5.99000000000000    4.00000000000000    0.00000000000000   rchrg,fchrg,qchrg
     nproj     2     2     2
     spin-orbit psp, extension_switch     3
        nprojso     2     2
  pspatm : epsatm=    6.27755646
         --- l  ekb(1:nproj) -->
             0    0.816153    6.026020
             1   -4.798834   -1.172475
             2   -1.033585   -0.000000
  spin-orbit 1    0.006456    0.001999
  spin-orbit 2   -0.000451    0.000232
 pspatm: atomic psp has been read  and splines computed

--------------------------------------------------------------------------------

-inwffil : will read wavefunctions from disk file abi-i_WFK

 ==>  initialize data related to q vector <== 

 The list of irreducible perturbations for this q vector is:
    1)    idir= 1    ipert=   5
    2)    idir= 2    ipert=   5
    3)    idir= 3    ipert=   5

================================================================================

--------------------------------------------------------------------------------
 Perturbation wavevector (in red.coord.)   0.000000  0.000000  0.000000
 Perturbation : derivative vs k along direction   1
 The set of symmetries contains only one element for this perturbation.
 symkpt : not enough symmetry to change the number of k points.

--------------------------------------------------------------------------------

-inwffil : will read wavefunctions from disk file abi-i_WFK
--------------------------------------------------------------------------------

 Initialisation of the first-order wave-functions :
  ireadwf=   0

     iter   2DEtotal(Ha)        deltaE(Ha) residm    vres2
-ETOT  1  -52.052392134309     -5.205E+01 1.525E-02 0.000E+00
 ETOT  2  -52.164970528634     -1.126E-01 3.142E-05 0.000E+00
 ETOT  3  -52.165193386198     -2.229E-04 5.573E-07 0.000E+00
 ETOT  4  -52.165194864596     -1.478E-06 6.804E-09 0.000E+00
 ETOT  5  -52.165194878678     -1.408E-08 9.001E-11 0.000E+00
 ETOT  6  -52.165194879036     -3.587E-10 6.660E-12 0.000E+00
 ETOT  7  -52.165194879049     -1.264E-11 1.441E-13 0.000E+00
 ETOT  8  -52.165194879050     -7.674E-13 1.562E-14 0.000E+00
 ETOT  9  -52.165194879050      9.948E-14 1.455E-15 0.000E+00
 ETOT 10  -52.165194879050      5.684E-14 9.980E-17 0.000E+00

 At SCF step   10   max residual=  9.98E-17 < tolwfr=  1.00E-16 =>converged.
================================================================================

 ----iterations are completed or convergence reached----

 Mean square residual over all n,k,spin=   4.3566E-17; max=  9.9795E-17
 dfpt_looppert : ek2=    1.3757436346E+02
          f-sum rule ratio=    7.7836963152E-01
 Expectation of eigenvalue derivatives (hartree) for nkpt=   8  k points:
  (in case of degenerate eigenvalues, averaged derivative)
 kpt#   1, nband= 42, wtk=  0.12500, kpt=  0.2500  0.2500  0.2500 (reduced coord)
  -0.00291   -0.00294   -0.02817   -0.02809   -0.01508   -0.01553    0.00782    0.00822
  -0.03030   -0.03024   -0.00766   -0.00759   -0.04886   -0.04898   -0.03664   -0.03665
   0.01934    0.01917   -0.00262   -0.00262    0.08521    0.08934   -0.08736   -0.08910
   0.04947    0.04773    0.00535    0.00717   -0.09172   -0.09179   -0.08239   -0.08291
   0.05297    0.06053   -0.04104   -0.04285   -0.07853   -0.08776   -0.11656   -0.12597
   0.15351    0.15670
 prteigrs : prtvol=0 or 1, do not print more k-points.


 Eight components of 2nd-order total energy (hartree) are
 1,2,3: 0th-order hamiltonian combined with 1st-order wavefunctions
     kin0=   4.11409106E+02 eigvalue=  -1.42758379E+02  local=  -2.04309751E+02
 4,5,6: 1st-order hamiltonian combined with 1st and 0th-order wfs
     kin1=  -1.07083707E+02  Hartree=   0.00000000E+00     xc=   0.00000000E+00
 7,8,9: eventually, occupation + non-local contributions
    edocc=   0.00000000E+00     enl0=  -1.21757814E+01   enl1=   2.75331695E+00
 1-9 gives the relaxation energy (to be shifted if some occ is /=2.0)
   erelax=  -5.21651949E+01
  No Ewald or frozen-wf contrib.: the relaxation energy is the total one
 2DEtotal=   -0.5216519488E+02 Ha. Also 2DEtotal=   -0.141948714199E+04 eV
    (  non-var. 2DEtotal :   -5.2165194821E+01 Ha)

--------------------------------------------------------------------------------
 Perturbation wavevector (in red.coord.)   0.000000  0.000000  0.000000
 Perturbation : derivative vs k along direction   2
 The set of symmetries contains only one element for this perturbation.
 symkpt : not enough symmetry to change the number of k points.

--------------------------------------------------------------------------------

-inwffil : will read wavefunctions from disk file abi-i_WFK
--------------------------------------------------------------------------------

 Initialisation of the first-order wave-functions :
  ireadwf=   0

     iter   2DEtotal(Ha)        deltaE(Ha) residm    vres2
-ETOT  1  -52.049288998369     -5.205E+01 1.525E-02 0.000E+00
 ETOT  2  -52.164921712428     -1.156E-01 3.143E-05 0.000E+00
 ETOT  3  -52.165148221112     -2.265E-04 5.233E-07 0.000E+00
 ETOT  4  -52.165149706532     -1.485E-06 6.283E-09 0.000E+00
 ETOT  5  -52.165149720451     -1.392E-08 9.024E-11 0.000E+00
 ETOT  6  -52.165149720859     -4.080E-10 6.231E-12 0.000E+00
 ETOT  7  -52.165149720880     -2.066E-11 4.616E-13 0.000E+00
 ETOT  8  -52.165149720882     -1.904E-12 2.941E-14 0.000E+00
 ETOT  9  -52.165149720882     -3.695E-13 8.328E-15 0.000E+00
 ETOT 10  -52.165149720882      1.421E-14 5.702E-16 0.000E+00
 ETOT 11  -52.165149720882     -9.948E-14 1.672E-16 0.000E+00
 ETOT 12  -52.165149720882      1.137E-13 9.921E-17 0.000E+00

 At SCF step   12   max residual=  9.92E-17 < tolwfr=  1.00E-16 =>converged.
================================================================================

 ----iterations are completed or convergence reached----

 Mean square residual over all n,k,spin=   4.3329E-17; max=  9.9215E-17
 dfpt_looppert : ek2=    1.3757436346E+02
          f-sum rule ratio=    7.7836928661E-01
 Expectation of eigenvalue derivatives (hartree) for nkpt=   8  k points:
  (in case of degenerate eigenvalues, averaged derivative)
 kpt#   1, nband= 42, wtk=  0.12500, kpt=  0.2500  0.2500  0.2500 (reduced coord)
  -0.00290   -0.00295   -0.02805   -0.02822   -0.01508   -0.01554    0.00783    0.00822
  -0.03026   -0.03028   -0.00766   -0.00759   -0.04884   -0.04900   -0.03662   -0.03667
   0.01934    0.01918   -0.00262   -0.00262    0.08520    0.08935   -0.08736   -0.08910
   0.04946    0.04774    0.00535    0.00717   -0.09172   -0.09178   -0.08239   -0.08290
   0.05295    0.06055   -0.04104   -0.04286   -0.07851   -0.08779   -0.11656   -0.12597
   0.15351    0.15670
 prteigrs : prtvol=0 or 1, do not print more k-points.


 Eight components of 2nd-order total energy (hartree) are
 1,2,3: 0th-order hamiltonian combined with 1st-order wavefunctions
     kin0=   4.11407539E+02 eigvalue=  -1.42757763E+02  local=  -2.04308910E+02
 4,5,6: 1st-order hamiltonian combined with 1st and 0th-order wfs
     kin1=  -1.07083659E+02  Hartree=   0.00000000E+00     xc=   0.00000000E+00
 7,8,9: eventually, occupation + non-local contributions
    edocc=   0.00000000E+00     enl0=  -1.21757162E+01   enl1=   2.75335978E+00
 1-9 gives the relaxation energy (to be shifted if some occ is /=2.0)
   erelax=  -5.21651497E+01
  No Ewald or frozen-wf contrib.: the relaxation energy is the total one
 2DEtotal=   -0.5216514972E+02 Ha. Also 2DEtotal=   -0.141948591317E+04 eV
    (  non-var. 2DEtotal :   -5.2165149682E+01 Ha)

--------------------------------------------------------------------------------
 Perturbation wavevector (in red.coord.)   0.000000  0.000000  0.000000
 Perturbation : derivative vs k along direction   3
 The set of symmetries contains only one element for this perturbation.
 symkpt : not enough symmetry to change the number of k points.

--------------------------------------------------------------------------------

-inwffil : will read wavefunctions from disk file abi-i_WFK
--------------------------------------------------------------------------------

 Initialisation of the first-order wave-functions :
  ireadwf=   0

     iter   2DEtotal(Ha)        deltaE(Ha) residm    vres2
-ETOT  1  -11.270851750117     -1.127E+01 2.254E-03 0.000E+00
 ETOT  2  -11.283855868052     -1.300E-02 3.838E-06 0.000E+00
 ETOT  3  -11.283876270905     -2.040E-05 8.844E-09 0.000E+00
 ETOT  4  -11.283876306241     -3.534E-08 7.074E-11 0.000E+00
 ETOT  5  -11.283876306402     -1.608E-10 7.426E-13 0.000E+00
 ETOT  6  -11.283876306407     -4.924E-12 9.903E-14 0.000E+00
 ETOT  7  -11.283876306407     -2.895E-13 1.996E-15 0.000E+00
 ETOT  8  -11.283876306407     -1.243E-14 3.020E-16 0.000E+00
 ETOT  9  -11.283876306407      1.776E-15 9.831E-17 0.000E+00

 At SCF step    9   max residual=  9.83E-17 < tolwfr=  1.00E-16 =>converged.
================================================================================

 ----iterations are completed or convergence reached----

 Mean square residual over all n,k,spin=   4.7057E-17; max=  9.8308E-17
 dfpt_looppert : ek2=    3.4393590866E+01
          f-sum rule ratio=    6.7297226316E-01
 Expectation of eigenvalue derivatives (hartree) for nkpt=   8  k points:
  (in case of degenerate eigenvalues, averaged derivative)
 kpt#   1, nband= 42, wtk=  0.12500, kpt=  0.2500  0.2500  0.2500 (reduced coord)
   0.01053    0.01058    0.02272    0.02274    0.04052    0.04055   -0.00537   -0.00533
   0.02087    0.02076   -0.00923   -0.00924    0.04172    0.04180    0.01850    0.01852
   0.00304    0.00300    0.00054    0.00060    0.07052    0.06795   -0.01296   -0.01009
  -0.07733   -0.07616    0.06039    0.05858   -0.09978   -0.10173   -0.08379   -0.07985
   0.08236    0.07920   -0.19538   -0.20309    0.14609    0.15729    0.24327    0.25279
  -0.03200   -0.03544
 prteigrs : prtvol=0 or 1, do not print more k-points.


 Eight components of 2nd-order total energy (hartree) are
 1,2,3: 0th-order hamiltonian combined with 1st-order wavefunctions
     kin0=   4.93178293E+01 eigvalue=  -1.43650438E+01  local=  -2.21576477E+01
 4,5,6: 1st-order hamiltonian combined with 1st and 0th-order wfs
     kin1=  -2.31459327E+01  Hartree=   0.00000000E+00     xc=   0.00000000E+00
 7,8,9: eventually, occupation + non-local contributions
    edocc=   0.00000000E+00     enl0=  -1.51126149E+00   enl1=   5.78180113E-01
 1-9 gives the relaxation energy (to be shifted if some occ is /=2.0)
   erelax=  -1.12838763E+01
  No Ewald or frozen-wf contrib.: the relaxation energy is the total one
 2DEtotal=   -0.1128387631E+02 Ha. Also 2DEtotal=   -0.307049889602E+03 eV
    (  non-var. 2DEtotal :   -1.1283876285E+01 Ha)
================================================================================

 ---- first-order wavefunction calculations are completed ----


 Total localisation tensor (bohr^2) in cartesian coordinates
  WARNING : still subject to testing - especially symmetries.
      direction              matrix element
   alpha     beta       real part   imaginary part
     1        1       1.0563130784    0.0000000000
     1        2       0.3352680300    0.0000000000
     1        3       0.7210450484    0.0000000000
     2        1       0.3352680300    0.0000000000
     2        2       1.0563158757    0.0000000000
     2        3       0.7210478457    0.0000000000
     3        1       0.7210450484    0.0000000000
     3        2       0.7210478457    0.0000000000
     3        3       1.4420928941    0.0000000000

 respfn : d/dk was computed, but no 2DTE, so no DDB output.

== END DATASET(S) ==============================================================
================================================================================
  
 -outvars: echo values of variables after computation  --------
            acell      8.5037675980E+00  8.5037675980E+00  8.5037675980E+00 Bohr
              amu      5.49380500E+01  1.59994000E+01
      chksymbreak           0
           diemac      2.00000000E+01
           diemix      8.00000000E-01
             ecut      5.00000000E+00 Hartree
           etotal     -1.1283876306E+01
-          fftalg         112
           irdwfk          -1
             iscf          -3
              ixc           7
              kpt      2.50000000E-01  2.50000000E-01  2.50000000E-01
                      -2.50000000E-01  2.50000000E-01  2.50000000E-01
                       2.50000000E-01 -2.50000000E-01  2.50000000E-01
                      -2.50000000E-01 -2.50000000E-01  2.50000000E-01
                       2.50000000E-01  2.50000000E-01 -2.50000000E-01
                      -2.50000000E-01  2.50000000E-01 -2.50000000E-01
                       2.50000000E-01 -2.50000000E-01 -2.50000000E-01
                      -2.50000000E-01 -2.50000000E-01 -2.50000000E-01
           kptopt           3
         kptrlatt        2    0    0      0    2    0      0    0    2
          kptrlen      1.20261435E+01
P           mkmem           8
P          mkqmem           8
P          mk1mem           8
            natom           4
            nband          42
            ngfft          15      15      27
             nkpt           8
            nline          12
             nqpt           1
           nspden           4
          nspinor           2
            nstep          20
             nsym           1
           ntypat           2
              occ      1.000000  1.000000  1.000000  1.000000  1.000000  1.000000
                       1.000000  1.000000  1.000000  1.000000  1.000000  1.000000
                       1.000000  1.000000  1.000000  1.000000  1.000000  1.000000
                       1.000000  1.000000  1.000000  1.000000  1.000000  1.000000
                       1.000000  1.000000  1.000000  1.000000  1.000000  1.000000
                       1.000000  1.000000  1.000000  1.000000  1.000000  1.000000
                       1.000000  1.000000  1.000000  1.000000  1.000000  1.000000
        optdriver           1
           prtden           0
           prteig           0
            rfdir           1       1       1
           rfelfd           2
            rprim      0.0000000000E+00  5.0000000000E-01  5.0000000000E-01
                       5.0000000000E-01  0.0000000000E+00  5.0000000000E-01
                       1.0000000000E+00  1.0000000000E+00  0.0000000000E+00
           shiftk      5.00000000E-01  5.00000000E-01  5.00000000E-01
          spgroup           1
           spinat      5.0000000000E+00  5.0000000000E+00  5.0000000000E+00
                      -5.0000000000E+00 -5.0000000000E+00 -5.0000000000E+00
                       0.0000000000E+00  0.0000000000E+00  0.0000000000E+00
                       0.0000000000E+00  0.0000000000E+00  0.0000000000E+00
   spinmagntarget      0.00000000E+00
           tolwfr      1.00000000E-16
            typat      1  1  2  2
              wtk        0.12500    0.12500    0.12500    0.12500    0.12500    0.12500
                         0.12500    0.12500
           xangst      0.0000000000E+00  0.0000000000E+00  0.0000000000E+00
                       2.2500000000E+00  2.2500000000E+00 -4.4916601543E-33
                       2.2500000000E+00  2.2500000000E+00  2.2500000000E+00
                       4.5000000000E+00  4.5000000000E+00  2.2500000000E+00
            xcart      0.0000000000E+00  0.0000000000E+00  0.0000000000E+00
                       4.2518837990E+00  4.2518837990E+00 -8.4880075737E-33
                       4.2518837990E+00  4.2518837990E+00  4.2518837990E+00
                       8.5037675980E+00  8.5037675980E+00  4.2518837990E+00
             xred      0.0000000000E+00  0.0000000000E+00  0.0000000000E+00
                      -5.0720826009E-17  5.0720826009E-17  5.0000000000E-01
                       5.0000000000E-01  5.0000000000E-01  2.5000000000E-01
                       5.0000000000E-01  5.0000000000E-01  7.5000000000E-01
            znucl       25.00000    8.00000

================================================================================


- Timing analysis has been suppressed with timopt=0



================================================================================

 Suggested references for the acknowledgment of ABINIT usage.

 The users of ABINIT have little formal obligations with respect to the ABINIT group
 (those specified in the GNU General Public License, http://www.gnu.org/copyleft/gpl.txt).
 However, it is common practice in the scientific literature,
 to acknowledge the efforts of people that have made the research possible.
 In this spirit, please find below suggested citations of work written by ABINIT developers,
 corresponding to implementations inside of ABINIT that you have used in the present run.
 Note also that it will be of great value to readers of publications presenting these results,
 to read papers enabling them to understand the theoretical formalism and details
 of the ABINIT implementation.
 For information on why they are suggested, see also https://www.abinit.org/about/?text=acknowledgments.
-
- [1] Recent developments in the ABINIT software package.
- Computer Phys. Comm. 205, 106 (2016).
- X.Gonze, F.Jollet, F.Abreu Araujo, D.Adams, B.Amadon, T.Applencourt,
- C.Audouze, J.-M.Beuken, J.Bieder, A.Bokhanchuk, E.Bousquet, F.Bruneval
- D.Caliste, M.Cote, F.Dahm, F.Da Pieve, M.Delaveau, M.Di Gennaro,
- B.Dorado, C.Espejo, G.Geneste, L.Genovese, A.Gerossier, M.Giantomassi,
- Y.Gillet, D.R.Hamann, L.He, G.Jomard, J.Laflamme Janssen, S.Le Roux,
- A.Levitt, A.Lherbier, F.Liu, I.Lukacevic, A.Martin, C.Martins,
- M.J.T.Oliveira, S.Ponce, Y.Pouillon, T.Rangel, G.-M.Rignanese,
- A.H.Romero, B.Rousseau, O.Rubel, A.A.Shukri, M.Stankovski, M.Torrent,
- M.J.Van Setten, B.Van Troeye, M.J.Verstraete, D.Waroquier, J.Wiktor,
- B.Xue, A.Zhou, J.W.Zwanziger.
- Comment : the fourth generic paper describing the ABINIT project.
- Note that a version of this paper, that is not formatted for Computer Phys. Comm. 
- is available at https://www.abinit.org/about/ABINIT16.pdf .
- The licence allows the authors to put it on the Web.
-
- [2] First-principles responses of solids to atomic displacements and homogeneous electric fields:,
- implementation of a conjugate-gradient algorithm. X. Gonze, Phys. Rev. B55, 10337 (1997).
- Comment : Non-vanishing rfphon and/or rfelfd, in the norm-conserving case.
-
- [3] Dynamical matrices, Born effective charges, dielectric permittivity tensors, and ,
- interatomic force constants from density-functional perturbation theory,
- X. Gonze and C. Lee, Phys. Rev. B55, 10355 (1997).
- Comment : Non-vanishing rfphon and/or rfelfd, in the norm-conserving case.
-
- [4] Optimized norm-conserving Vanderbilt pseudopotentials.
- D.R. Hamann, Phys. Rev. B 88, 085117 (2013).
- Comment: Some pseudopotential generated using the ONCVPSP code were used.
-
- [5] ABINIT : First-principles approach of materials and nanosystem properties.
- Computer Phys. Comm. 180, 2582-2615 (2009).
- X. Gonze, B. Amadon, P.-M. Anglade, J.-M. Beuken, F. Bottin, P. Boulanger, F. Bruneval,
- D. Caliste, R. Caracas, M. Cote, T. Deutsch, L. Genovese, Ph. Ghosez, M. Giantomassi
- S. Goedecker, D.R. Hamann, P. Hermet, F. Jollet, G. Jomard, S. Leroux, M. Mancini, S. Mazevet,
- M.J.T. Oliveira, G. Onida, Y. Pouillon, T. Rangel, G.-M. Rignanese, D. Sangalli, R. Shaltaf,
- M. Torrent, M.J. Verstraete, G. Zerah, J.W. Zwanziger
- Comment : the third generic paper describing the ABINIT project.
- Note that a version of this paper, that is not formatted for Computer Phys. Comm. 
- is available at https://www.abinit.org/about/ABINIT_CPC_v10.pdf .
- The licence allows the authors to put it on the Web.
-
- [6] A brief introduction to the ABINIT software package.
- Z. Kristallogr. 220, 558-562 (2005).
- X. Gonze, G.-M. Rignanese, M. Verstraete, J.-M. Beuken, Y. Pouillon, R. Caracas, F. Jollet,
- M. Torrent, G. Zerah, M. Mikami, Ph. Ghosez, M. Veithen, J.-Y. Raty, V. Olevano, F. Bruneval,
- L. Reining, R. Godby, G. Onida, D.R. Hamann, and D.C. Allan.
- Comment : the second generic paper describing the ABINIT project. Note that this paper
- should be cited especially if you are using the GW part of ABINIT, as several authors
- of this part are not in the list of authors of the first or third paper.
- The .pdf of the latter paper is available at https://www.abinit.org/about/zfk_0505-06_558-562.pdf.
- Note that it should not redistributed (Copyright by Oldenburg Wissenshaftverlag,
- the licence allows the authors to put it on the Web).
-
- Proc.   0 individual time (sec): cpu=         27.7  wall=         27.7

================================================================================

 Calculation completed.
.Delivered  36 WARNINGs and  34 COMMENTs to log file.
+Overall time at end (sec) : cpu=         27.7  wall=         27.7
