
.Version 8.8.0 of ABINIT 
.(MPI version, prepared for a x86_64_linux_gnu4.8 computer) 

.Copyright (C) 1998-2018 ABINIT group . 
 ABINIT comes with ABSOLUTELY NO WARRANTY.
 It is free software, and you are welcome to redistribute it
 under certain conditions (GNU General Public License,
 see ~abinit/COPYING or http://www.gnu.org/copyleft/gpl.txt).

 ABINIT is a project of the Universite Catholique de Louvain,
 Corning Inc. and other collaborators, see ~abinit/doc/developers/contributors.txt .
 Please read ~abinit/doc/users/acknowledgments.html for suggested
 acknowledgments of the ABINIT effort.
 For more information, see https://www.abinit.org .

.Starting date : Mon  9 Apr 2018.
- ( at 11h17 )
  
- input  file    -> t03.in
- output file    -> t03.out
- root for input  files -> t03i
- root for output files -> t03o


 Symmetries : space group P4/m m m (#123); Bravais tP (primitive tetrag.)
================================================================================
 Values of the parameters that define the memory need of the present run
     intxc =       0    ionmov =       0      iscf =       7    lmnmax =       2
     lnmax =       2     mgfft =      72  mpssoang =       2    mqgrid =    3295
     natom =       2  nloc_mem =       1    nspden =       1   nspinor =       1
    nsppol =       1      nsym =      16    n1xccc =       0    ntypat =       1
    occopt =       1   xclevel =       2
-    mband =           9        mffmem =           1         mkmem =           1
       mpw =        9403          nfft =      373248          nkpt =           1
================================================================================
P This job should need less than                     115.917 Mbytes of memory.
  Rough estimation (10% accuracy) of disk space for files :
_ WF disk file :      1.293 Mbytes ; DEN or POT disk file :      2.850 Mbytes.
================================================================================

--------------------------------------------------------------------------------
------------- Echo of variables that govern the present computation ------------
--------------------------------------------------------------------------------
-
- outvars: echo of selected default values                                      
-   iomode0 =  0 , fftalg0 =312 , wfoptalg0 =  0
-
- outvars: echo of global parameters not present in the input file              
-  max_nthreads =    0
-
 -outvars: echo values of preprocessed input variables --------
            acell      1.8897261329E+01  1.8897261329E+01  1.8897261329E+01 Bohr
              amu      3.99480000E+01
             ecut      1.50000000E+01 Hartree
-          fftalg         312
           irdvdw           1
           istwfk        2
              ixc     -102130
         kptrlatt        1    0    0      0    1    0      0    0    1
          kptrlen      1.88972613E+04
P           mkmem           1
            natom           2
            nband           9
            ngfft          72      72      72
             nkpt           1
            nstep          50
             nsym          16
           ntypat           1
              occ      2.000000  2.000000  2.000000  2.000000  2.000000  2.000000
                       2.000000  2.000000  0.000000
           prtden           0
           prteig           0
            prtwf           0
          spgroup         123
           symrel      1  0  0   0  1  0   0  0  1      -1  0  0   0 -1  0   0  0 -1
                      -1  0  0   0  1  0   0  0 -1       1  0  0   0 -1  0   0  0  1
                      -1  0  0   0 -1  0   0  0  1       1  0  0   0  1  0   0  0 -1
                       1  0  0   0 -1  0   0  0 -1      -1  0  0   0  1  0   0  0  1
                       1  0  0   0  0  1   0  1  0      -1  0  0   0  0 -1   0 -1  0
                      -1  0  0   0  0  1   0 -1  0       1  0  0   0  0 -1   0  1  0
                      -1  0  0   0  0 -1   0  1  0       1  0  0   0  0  1   0 -1  0
                       1  0  0   0  0 -1   0 -1  0      -1  0  0   0  0  1   0  1  0
           toldfe      1.00000000E-06 Hartree
            typat      1  1
           vdw_xc           1
           xangst     -7.9376581288E-01  0.0000000000E+00  0.0000000000E+00
                       7.9376581288E-01  0.0000000000E+00  0.0000000000E+00
            xcart     -1.5000000000E+00  0.0000000000E+00  0.0000000000E+00
                       1.5000000000E+00  0.0000000000E+00  0.0000000000E+00
             xred     -7.9376581289E-02  0.0000000000E+00  0.0000000000E+00
                       7.9376581289E-02  0.0000000000E+00  0.0000000000E+00
            znucl       18.00000

================================================================================

 chkinp: Checking input parameters for consistency.

================================================================================
== DATASET  1 ==================================================================
-   nproc =    1

 Real(R)+Recip(G) space primitive vectors, cartesian coordinates (Bohr,Bohr^-1):
 R(1)= 18.8972613  0.0000000  0.0000000  G(1)=  0.0529177  0.0000000  0.0000000
 R(2)=  0.0000000 18.8972613  0.0000000  G(2)=  0.0000000  0.0529177  0.0000000
 R(3)=  0.0000000  0.0000000 18.8972613  G(3)=  0.0000000  0.0000000  0.0529177
 Unit cell volume ucvol=  6.7483346E+03 bohr^3
 Angles (23,13,12)=  9.00000000E+01  9.00000000E+01  9.00000000E+01 degrees

 getcut: wavevector=  0.0000  0.0000  0.0000  ngfft=  72  72  72
         ecut(hartree)=     15.000   => boxcut(ratio)=   2.18536

--- Pseudopotential description ------------------------------------------------
- pspini: atom type   1  psp file is ./18ar.revpbe
- pspatm: opening atomic psp file    ./18ar.revpbe
-   Ar  APE 1.0 : Troullier-Martins scheme, Perdew-Wang LDA, llocal= 1
- 18.00000   8.00000  20100419                znucl, zion, pspdat
    6    7    1    1       800   0.00000      pspcod,pspxc,lmax,lloc,mmax,r2well
    0.00000000000000    0.00000000000000    0.00000000000000   rchrg,fchrg,qchrg
  1.018841          amesh (Hamman grid)
  pspatm : epsatm=   16.71504544
         --- l  ekb(1:nproj) -->
             0    1.363104
 pspatm: atomic psp has been read  and splines computed

   5.34881454E+02                                ecore*ucvol(ha*bohr**3)
--------------------------------------------------------------------------------

_setup2: Arith. and geom. avg. npw (full set) are   18805.000   18805.000

================================================================================

     iter   Etot(hartree)      deltaE(h)  residm     vres2
 ETOT  1  -40.941194527931    -4.094E+01 6.650E-02 2.665E+03
 ETOT  2  -41.621627425176    -6.804E-01 1.735E-03 9.956E+02
 ETOT  3  -41.773674708674    -1.520E-01 5.312E-04 3.489E+02
 ETOT  4  -41.818228038151    -4.455E-02 8.497E-05 1.698E+02
 ETOT  5  -41.828034413238    -9.806E-03 4.109E-06 1.191E+02
 ETOT  6  -41.834764507476    -6.730E-03 2.414E-06 8.358E+01
 ETOT  7  -41.839877736414    -5.113E-03 2.104E-06 5.631E+01
 ETOT  8  -41.843893216891    -4.015E-03 2.179E-06 3.495E+01
 ETOT  9  -41.846264359222    -2.371E-03 1.462E-06 2.212E+01
 ETOT 10  -41.848812879135    -2.549E-03 9.400E-06 1.089E+01
 ETOT 11  -41.848778530825     3.435E-05 1.111E-06 8.134E+00
 ETOT 12  -41.848818231111    -3.970E-05 5.150E-07 6.066E+00
 ETOT 13  -41.848828563964    -1.033E-05 7.203E-08 3.480E+00
 ETOT 14  -41.848833151447    -4.587E-06 1.000E-07 2.212E+00
 ETOT 15  -41.848837084397    -3.933E-06 6.622E-09 1.725E+00
 ETOT 16  -41.848837713028    -6.286E-07 4.880E-10 1.475E+00
 ETOT 17  -41.848838865027    -1.152E-06 8.311E-09 8.174E-01
 ETOT 18  -41.848838679938     1.851E-07 6.787E-10 6.127E-01
 ETOT 19  -41.848838705055    -2.512E-08 2.364E-10 4.989E-01

 At SCF step   19, etot is converged : 
  for the second time, diff in etot=  2.512E-08 < toldfe=  1.000E-06

 Cartesian components of stress tensor (hartree/bohr^3)
  sigma(1 1)= -4.66291962E-04  sigma(3 2)=  0.00000000E+00
  sigma(2 2)=  1.51729467E-06  sigma(3 1)=  0.00000000E+00
  sigma(3 3)=  1.51729467E-06  sigma(2 1)=  0.00000000E+00

 Integrated electronic density in atomic spheres:
 ------------------------------------------------
 Atom  Sphere_radius  Integrated_density
    1        2.00000          6.67198474
    2        2.00000          6.67198474
================================================================================

 ----iterations are completed or convergence reached----

 Mean square residual over all n,k,spin=   3.4864E-11; max=  2.3644E-10
 reduced coordinates (array xred) for    2 atoms
      -0.079376581289      0.000000000000      0.000000000000
       0.079376581289      0.000000000000      0.000000000000
 rms dE/dt=  1.1456E+01; max dE/dt=  1.9843E+01; dE/dt below (all hartree)
    1      19.843056898029      0.000000000000      0.000000000000
    2     -19.843056898029      0.000000000000      0.000000000000

 cartesian coordinates (angstrom) at end:
    1     -0.79376581288500     0.00000000000000     0.00000000000000
    2      0.79376581288500     0.00000000000000     0.00000000000000

 cartesian forces (hartree/bohr) at end:
    1     -1.05004934591917    -0.00000000000000    -0.00000000000000
    2      1.05004934591917    -0.00000000000000    -0.00000000000000
 frms,max,avg= 6.0624627E-01 1.0500493E+00   0.000E+00  0.000E+00  0.000E+00 h/b

 cartesian forces (eV/Angstrom) at end:
    1    -53.99570382080977    -0.00000000000000    -0.00000000000000
    2     53.99570382080977    -0.00000000000000    -0.00000000000000
 frms,max,avg= 3.1174434E+01 5.3995704E+01   0.000E+00  0.000E+00  0.000E+00 e/A
 length scales= 18.897261328856 18.897261328856 18.897261328856 bohr
              = 10.000000000000 10.000000000000 10.000000000000 angstroms
 Fermi (or HOMO) energy (hartree) =  -0.08296   Average Vxc (hartree)=  -0.04287
 Eigenvalues (hartree) for nkpt=   1  k points:
 kpt#   1, nband=  9, wtk=  1.00000, kpt=  0.0000  0.0000  0.0000 (reduced coord)
  -1.14857   -0.80884   -0.55932   -0.52180   -0.52180   -0.32754   -0.32754   -0.08296
  -0.02846

--------------------------------------------------------------------------------
 Components of total free energy (in Hartree) :

    Kinetic energy  =  1.61860783855552E+01
    Hartree energy  =  3.78371673851112E+01
    XC energy       = -7.54752948337468E+00
    Ewald energy    =  2.30047654014545E+00
    PspCore energy  =  7.92612529069808E-02
    Loc. psp. energy= -9.25988776151890E+01
    NL   psp  energy=  1.89458482979025E+00
    >>>>>>>>> Etotal= -4.18488387050545E+01

 Other information on the energy :
    Total energy(eV)= -1.13876481409846E+03 ; Band energy (Ha)=  -8.5967662988E+00
--------------------------------------------------------------------------------

 Cartesian components of stress tensor (hartree/bohr^3)
  sigma(1 1)= -4.66291962E-04  sigma(3 2)=  0.00000000E+00
  sigma(2 2)=  1.51729467E-06  sigma(3 1)=  0.00000000E+00
  sigma(3 3)=  1.51729467E-06  sigma(2 1)=  0.00000000E+00

-Cartesian components of stress tensor (GPa)         [Pressure=  4.5432E+00 GPa]
- sigma(1 1)= -1.37187809E+01  sigma(3 2)=  0.00000000E+00
- sigma(2 2)=  4.46403429E-02  sigma(3 1)=  0.00000000E+00
- sigma(3 3)=  4.46403429E-02  sigma(2 1)=  0.00000000E+00

== END DATASET(S) ==============================================================
================================================================================
  
 -outvars: echo values of variables after computation  --------
            acell      1.8897261329E+01  1.8897261329E+01  1.8897261329E+01 Bohr
              amu      3.99480000E+01
             ecut      1.50000000E+01 Hartree
           etotal     -4.1848838705E+01
            fcart     -1.0500493459E+00 -0.0000000000E+00 -0.0000000000E+00
                       1.0500493459E+00 -0.0000000000E+00 -0.0000000000E+00
-          fftalg         312
           irdvdw           1
           istwfk        2
              ixc     -102130
         kptrlatt        1    0    0      0    1    0      0    0    1
          kptrlen      1.88972613E+04
P           mkmem           1
            natom           2
            nband           9
            ngfft          72      72      72
             nkpt           1
            nstep          50
             nsym          16
           ntypat           1
              occ      2.000000  2.000000  2.000000  2.000000  2.000000  2.000000
                       2.000000  2.000000  0.000000
           prtden           0
           prteig           0
            prtwf           0
          spgroup         123
           strten     -4.6629196231E-04  1.5172946716E-06  1.5172946716E-06
                       0.0000000000E+00  0.0000000000E+00  0.0000000000E+00
           symrel      1  0  0   0  1  0   0  0  1      -1  0  0   0 -1  0   0  0 -1
                      -1  0  0   0  1  0   0  0 -1       1  0  0   0 -1  0   0  0  1
                      -1  0  0   0 -1  0   0  0  1       1  0  0   0  1  0   0  0 -1
                       1  0  0   0 -1  0   0  0 -1      -1  0  0   0  1  0   0  0  1
                       1  0  0   0  0  1   0  1  0      -1  0  0   0  0 -1   0 -1  0
                      -1  0  0   0  0  1   0 -1  0       1  0  0   0  0 -1   0  1  0
                      -1  0  0   0  0 -1   0  1  0       1  0  0   0  0  1   0 -1  0
                       1  0  0   0  0 -1   0 -1  0      -1  0  0   0  0  1   0  1  0
           toldfe      1.00000000E-06 Hartree
            typat      1  1
           vdw_xc           1
           xangst     -7.9376581288E-01  0.0000000000E+00  0.0000000000E+00
                       7.9376581288E-01  0.0000000000E+00  0.0000000000E+00
            xcart     -1.5000000000E+00  0.0000000000E+00  0.0000000000E+00
                       1.5000000000E+00  0.0000000000E+00  0.0000000000E+00
             xred     -7.9376581289E-02  0.0000000000E+00  0.0000000000E+00
                       7.9376581289E-02  0.0000000000E+00  0.0000000000E+00
            znucl       18.00000

================================================================================


- Timing analysis has been suppressed with timopt=0



================================================================================

 Suggested references for the acknowledgment of ABINIT usage.

 The users of ABINIT have little formal obligations with respect to the ABINIT group
 (those specified in the GNU General Public License, http://www.gnu.org/copyleft/gpl.txt).
 However, it is common practice in the scientific literature,
 to acknowledge the efforts of people that have made the research possible.
 In this spirit, please find below suggested citations of work written by ABINIT developers,
 corresponding to implementations inside of ABINIT that you have used in the present run.
 Note also that it will be of great value to readers of publications presenting these results,
 to read papers enabling them to understand the theoretical formalism and details
 of the ABINIT implementation.
 For information on why they are suggested, see also https://www.abinit.org/about/?text=acknowledgments.
-
- [1] Libxc: A library of exchange and correlation functionals for density functional theory.
- M.A.L. Marques, M.J.T. Oliveira, T. Burnus, Computer Physics Communications 183, 2227 (2012).
- Comment : to be cited when LibXC is used (negative value of ixc)
- Strong suggestion to cite this paper.
-
- [2] Recent developments in the ABINIT software package.
- Computer Phys. Comm. 205, 106 (2016).
- X.Gonze, F.Jollet, F.Abreu Araujo, D.Adams, B.Amadon, T.Applencourt,
- C.Audouze, J.-M.Beuken, J.Bieder, A.Bokhanchuk, E.Bousquet, F.Bruneval
- D.Caliste, M.Cote, F.Dahm, F.Da Pieve, M.Delaveau, M.Di Gennaro,
- B.Dorado, C.Espejo, G.Geneste, L.Genovese, A.Gerossier, M.Giantomassi,
- Y.Gillet, D.R.Hamann, L.He, G.Jomard, J.Laflamme Janssen, S.Le Roux,
- A.Levitt, A.Lherbier, F.Liu, I.Lukacevic, A.Martin, C.Martins,
- M.J.T.Oliveira, S.Ponce, Y.Pouillon, T.Rangel, G.-M.Rignanese,
- A.H.Romero, B.Rousseau, O.Rubel, A.A.Shukri, M.Stankovski, M.Torrent,
- M.J.Van Setten, B.Van Troeye, M.J.Verstraete, D.Waroquier, J.Wiktor,
- B.Xue, A.Zhou, J.W.Zwanziger.
- Comment : the fourth generic paper describing the ABINIT project.
- Note that a version of this paper, that is not formatted for Computer Phys. Comm. 
- is available at https://www.abinit.org/about/ABINIT16.pdf .
- The licence allows the authors to put it on the Web.
-
- [3] Ab initio pseudopotentials for electronic structure calculations of poly-atomic systems, 
- using density-functional theory.
- M. Fuchs, M. Scheffler, Comput. Phys. Commun. 119, 67 (1999).
- Comment : Some pseudopotential generated using the FHI code were used.
-
- [4] ABINIT : First-principles approach of materials and nanosystem properties.
- Computer Phys. Comm. 180, 2582-2615 (2009).
- X. Gonze, B. Amadon, P.-M. Anglade, J.-M. Beuken, F. Bottin, P. Boulanger, F. Bruneval,
- D. Caliste, R. Caracas, M. Cote, T. Deutsch, L. Genovese, Ph. Ghosez, M. Giantomassi
- S. Goedecker, D.R. Hamann, P. Hermet, F. Jollet, G. Jomard, S. Leroux, M. Mancini, S. Mazevet,
- M.J.T. Oliveira, G. Onida, Y. Pouillon, T. Rangel, G.-M. Rignanese, D. Sangalli, R. Shaltaf,
- M. Torrent, M.J. Verstraete, G. Zerah, J.W. Zwanziger
- Comment : the third generic paper describing the ABINIT project.
- Note that a version of this paper, that is not formatted for Computer Phys. Comm. 
- is available at https://www.abinit.org/about/ABINIT_CPC_v10.pdf .
- The licence allows the authors to put it on the Web.
-
- [5] A brief introduction to the ABINIT software package.
- Z. Kristallogr. 220, 558-562 (2005).
- X. Gonze, G.-M. Rignanese, M. Verstraete, J.-M. Beuken, Y. Pouillon, R. Caracas, F. Jollet,
- M. Torrent, G. Zerah, M. Mikami, Ph. Ghosez, M. Veithen, J.-Y. Raty, V. Olevano, F. Bruneval,
- L. Reining, R. Godby, G. Onida, D.R. Hamann, and D.C. Allan.
- Comment : the second generic paper describing the ABINIT project. Note that this paper
- should be cited especially if you are using the GW part of ABINIT, as several authors
- of this part are not in the list of authors of the first or third paper.
- The .pdf of the latter paper is available at https://www.abinit.org/about/zfk_0505-06_558-562.pdf.
- Note that it should not redistributed (Copyright by Oldenburg Wissenshaftverlag,
- the licence allows the authors to put it on the Web).
-
- Proc.   0 individual time (sec): cpu=         27.5  wall=         27.5

================================================================================

 Calculation completed.
.Delivered  26 WARNINGs and   2 COMMENTs to log file.
+Overall time at end (sec) : cpu=         27.5  wall=         27.5
