
.Version 8.1.5 of EPIGENE 
.(MPI version, prepared for a x86_64_linux_gnu4.8 computer) 

.Copyright (C) 1998-2016 ABINIT group . 
 EPIGENE comes with ABSOLUTELY NO WARRANTY.
 It is free software, and you are welcome to redistribute it
 under certain conditions (GNU General Public License,
 see ~abinit/COPYING or http://www.gnu.org/copyleft/gpl.txt).

 ABINIT is a project of the Universite Catholique de Louvain,
 Corning Inc. and other collaborators, see ~abinit/doc/developers/contributors.txt .
 Please read ~abinit/doc/users/acknowledgments.html for suggested
 acknowledgments of the ABINIT effort.
 For more information, see http://www.abinit.org .

.Starting date : Thu 22 Sep 2016.
- ( at 10h44 )
  
-  nproc =    1

================================================================================

 Read the information in the reference structure in 
-system.xml
 to initialize the epigene input

================================================================================

 -outvars_epigene: echo values of input variables ----------------------

 Flags :
     ifcflag         1
   prt_effpo         3
 Molecular Dynamics :
        temp    1000.0
       ncell         2         2         2
 Miscellaneous information :
         asr         2
 Interatomic Force Constants Inputs :
      dipdip         1
      ifcana         0
      ifcout   2000000
      natifc         4
       atifc         1   2   3   4
 Description of grid 1 :
        brav         1
       ngqpt         1         1         1
      nqshft         1
      q1shft
                     0.00000000E+00  0.00000000E+00  0.00000000E+00
 First list of wavevector (reduced coord.) :
       nph1l         1
       qph1l
                     0.00000000E+00  0.00000000E+00  0.00000000E+00    0.000E+00

================================================================================

 Opening the file system.xml
-Reading the file system.xml with Fortran

 This effective potential contains :
  - Reference energy:        -17.1451766220
  - Number of types of atoms:    2
  - Number of atoms:     4
  - Number of cells:    27
  - Number of qpoints:    8
  - Primitive vectors:
    6.528935    3.769482    0.000000
   -6.528935    3.769482    0.000000
    0.000000    0.000000   12.277795
  - acell:
    1.000000    1.000000    1.000000
  - Dielectric tensor:
   25.944545   -0.000000   -0.000000
   -0.000000   25.944545   -0.000000
   -0.000000   -0.000000    8.373944
  - Elastic tensor:
    0.006369    0.001409    0.000605    0.000000    0.000000   -0.000000
    0.001409    0.006369    0.000605    0.000000    0.000000    0.000000
    0.000605    0.000605    0.005643    0.000000    0.000000    0.000000
    0.000000   -0.000000    0.000000    0.001175    0.000000    0.000000
    0.000000    0.000000    0.000000    0.000000    0.001175    0.000000
    0.000000    0.000000    0.000000    0.000000    0.000000    0.002480
  - Atoms   1
    - atomic number:   13.0000
    - atomic mass:   26.9815
    - position:   -2.176312    3.769482    0.000000
    - Effective charges:
      3.872159    0.000000    0.000000
      0.000000    3.872159   -0.000000
      0.000000    0.000000    2.012513
  - Atoms   2
    - atomic number:   13.0000
    - atomic mass:   26.9815
    - position:    2.176312    3.769482    6.138898
    - Effective charges:
      3.872159   -0.000000    0.000000
     -0.000000    3.872159   -0.000000
     -0.000000    0.000000    2.012513
  - Atoms   3
    - atomic number:   33.0000
    - atomic mass:   74.9216
    - position:   -2.176312    3.769482    4.617506
    - Effective charges:
     -3.872159   -0.000000    0.000000
      0.000000   -3.872159    0.000000
      0.000000   -0.000000   -2.012513
  - Atoms   4
    - atomic number:   33.0000
    - atomic mass:   74.9216
    - position:    2.176312    3.769482   10.756403
    - Effective charges:
     -3.872159   -0.000000   -0.000000
     -0.000000   -3.872159   -0.000000
     -0.000000   -0.000000   -2.012513

================================================================================
 Generation of new ifc

 dipdip is set to one, the dipole-dipole interation is recompute.

 New bound for ifc (long+short):

 x=[ -1  1], y=[ -1  1] and z=[ -1  1]

 Computation of new dipole-dipole interaction, should be parallelised :'(.

 Impose acoustic sum rule on total ifc

--------------------------------------------------------------------------------

 Generation of the xml file for the reference structure in system.xml

================================================================================

 Structure parameters of the supercell :

  natom       32

  znucl
   13   33

  ntypat      2

  typat
    1    1    2    2    1    1    2    2    1    1    2    2
    1    1    2    2    1    1    2    2    1    1    2    2
    1    1    2    2    1    1    2    2

  acell 1.0 1.0 1.0

  rprim
   0.13057870095015E+02   0.75389648144000E+01   0.00000000000000E+00
  -0.13057870095015E+02   0.75389648144000E+01   0.00000000000000E+00
   0.00000000000000E+00   0.00000000000000E+00   0.24555590748000E+02

  xcart
  -0.21763116825025E+01   0.37694824072000E+01   0.00000000000000E+00
   0.21763116825025E+01   0.37694824072000E+01   0.61388976870000E+01
  -0.21763116825025E+01   0.37694824072000E+01   0.46175055234869E+01
   0.21763116825025E+01   0.37694824072000E+01   0.10756403210487E+02
  -0.21763116825025E+01   0.37694824072000E+01   0.12277795374000E+02
   0.21763116825025E+01   0.37694824072000E+01   0.18416693061000E+02
  -0.21763116825025E+01   0.37694824072000E+01   0.16895300897487E+02
   0.21763116825025E+01   0.37694824072000E+01   0.23034198584487E+02
  -0.87052467300099E+01   0.75389648144000E+01   0.00000000000000E+00
  -0.43526233650049E+01   0.75389648144000E+01   0.61388976870000E+01
  -0.87052467300099E+01   0.75389648144000E+01   0.46175055234869E+01
  -0.43526233650049E+01   0.75389648144000E+01   0.10756403210487E+02
  -0.87052467300099E+01   0.75389648144000E+01   0.12277795374000E+02
  -0.43526233650049E+01   0.75389648144000E+01   0.18416693061000E+02
  -0.87052467300099E+01   0.75389648144000E+01   0.16895300897487E+02
  -0.43526233650049E+01   0.75389648144000E+01   0.23034198584487E+02
   0.43526233650049E+01   0.75389648144000E+01   0.00000000000000E+00
   0.87052467300099E+01   0.75389648144000E+01   0.61388976870000E+01
   0.43526233650049E+01   0.75389648144000E+01   0.46175055234869E+01
   0.87052467300099E+01   0.75389648144000E+01   0.10756403210487E+02
   0.43526233650049E+01   0.75389648144000E+01   0.12277795374000E+02
   0.87052467300099E+01   0.75389648144000E+01   0.18416693061000E+02
   0.43526233650049E+01   0.75389648144000E+01   0.16895300897487E+02
   0.87052467300099E+01   0.75389648144000E+01   0.23034198584487E+02
  -0.21763116825025E+01   0.11308447221600E+02   0.00000000000000E+00
   0.21763116825025E+01   0.11308447221600E+02   0.61388976870000E+01
  -0.21763116825025E+01   0.11308447221600E+02   0.46175055234869E+01
   0.21763116825025E+01   0.11308447221600E+02   0.10756403210487E+02
  -0.21763116825025E+01   0.11308447221600E+02   0.12277795374000E+02
   0.21763116825025E+01   0.11308447221600E+02   0.18416693061000E+02
  -0.21763116825025E+01   0.11308447221600E+02   0.16895300897487E+02
   0.21763116825025E+01   0.11308447221600E+02   0.23034198584487E+02

  xred
   0.16666666666667E+00   0.33333333333333E+00   0.00000000000000E+00
   0.33333333333333E+00   0.16666666666667E+00   0.25000000000000E+00
   0.16666666666667E+00   0.33333333333333E+00   0.18804294186500E+00
   0.33333333333333E+00   0.16666666666667E+00   0.43804294186500E+00
   0.16666666666667E+00   0.33333333333333E+00   0.50000000000000E+00
   0.33333333333333E+00   0.16666666666667E+00   0.75000000000000E+00
   0.16666666666667E+00   0.33333333333333E+00   0.68804294186500E+00
   0.33333333333333E+00   0.16666666666667E+00   0.93804294186500E+00
   0.16666666666667E+00   0.83333333333333E+00   0.00000000000000E+00
   0.33333333333333E+00   0.66666666666667E+00   0.25000000000000E+00
   0.16666666666667E+00   0.83333333333333E+00   0.18804294186500E+00
   0.33333333333333E+00   0.66666666666667E+00   0.43804294186500E+00
   0.16666666666667E+00   0.83333333333333E+00   0.50000000000000E+00
   0.33333333333333E+00   0.66666666666667E+00   0.75000000000000E+00
   0.16666666666667E+00   0.83333333333333E+00   0.68804294186500E+00
   0.33333333333333E+00   0.66666666666667E+00   0.93804294186500E+00
   0.66666666666667E+00   0.33333333333333E+00   0.00000000000000E+00
   0.83333333333333E+00   0.16666666666667E+00   0.25000000000000E+00
   0.66666666666667E+00   0.33333333333333E+00   0.18804294186500E+00
   0.83333333333333E+00   0.16666666666667E+00   0.43804294186500E+00
   0.66666666666667E+00   0.33333333333333E+00   0.50000000000000E+00
   0.83333333333333E+00   0.16666666666667E+00   0.75000000000000E+00
   0.66666666666667E+00   0.33333333333333E+00   0.68804294186500E+00
   0.83333333333333E+00   0.16666666666667E+00   0.93804294186500E+00
   0.66666666666667E+00   0.83333333333333E+00   0.00000000000000E+00
   0.83333333333333E+00   0.66666666666667E+00   0.25000000000000E+00
   0.66666666666667E+00   0.83333333333333E+00   0.18804294186500E+00
   0.83333333333333E+00   0.66666666666667E+00   0.43804294186500E+00
   0.66666666666667E+00   0.83333333333333E+00   0.50000000000000E+00
   0.83333333333333E+00   0.66666666666667E+00   0.75000000000000E+00
   0.66666666666667E+00   0.83333333333333E+00   0.68804294186500E+00
   0.83333333333333E+00   0.66666666666667E+00   0.93804294186500E+00

--------------------------------------------------------------------------------
-Monte Carlo / Molecular Dynamics 


=== [ionmov=12] Isokinetic ensemble molecular dynamics with effective potential
================================================================================

--- Iteration: ( 1/50) Internal Cycle: (1/1)
--------------------------------------------------------------------------------

---SELF-CONSISTENT-FIELD CONVERGENCE--------------------------------------------

 Calculation of the energy with effective potential

 Energy of the reference strucure : -1.3716141297600001E+02 Hartree
 Energy of the ifc part :  6.4166160732505346E-30 Hartree

 Energy of the elastic part :  0.0000000000000000E+00 Hartree

 Total energy : -1.3716141297600001E+02 Hartree

---OUTPUT-----------------------------------------------------------------------

--- Iteration: ( 2/50) Internal Cycle: (1/1)
--------------------------------------------------------------------------------

---SELF-CONSISTENT-FIELD CONVERGENCE--------------------------------------------

 Calculation of the energy with effective potential

 Energy of the reference strucure : -1.3716141297600001E+02 Hartree
 Energy of the ifc part :  2.4480111174001264E-03 Hartree

 Energy of the elastic part :  0.0000000000000000E+00 Hartree

 Total energy : -1.3715896496488261E+02 Hartree

---OUTPUT-----------------------------------------------------------------------

--- Iteration: ( 3/50) Internal Cycle: (1/1)
--------------------------------------------------------------------------------

---SELF-CONSISTENT-FIELD CONVERGENCE--------------------------------------------

 Calculation of the energy with effective potential

 Energy of the reference strucure : -1.3716141297600001E+02 Hartree
 Energy of the ifc part :  9.6697358535899735E-03 Hartree

 Energy of the elastic part :  0.0000000000000000E+00 Hartree

 Total energy : -1.3715174324014643E+02 Hartree

---OUTPUT-----------------------------------------------------------------------

--- Iteration: ( 4/50) Internal Cycle: (1/1)
--------------------------------------------------------------------------------

---SELF-CONSISTENT-FIELD CONVERGENCE--------------------------------------------

 Calculation of the energy with effective potential

 Energy of the reference strucure : -1.3716141297600001E+02 Hartree
 Energy of the ifc part :  2.1289227381677770E-02 Hartree

 Energy of the elastic part :  0.0000000000000000E+00 Hartree

 Total energy : -1.3714012374861832E+02 Hartree

---OUTPUT-----------------------------------------------------------------------

--- Iteration: ( 5/50) Internal Cycle: (1/1)
--------------------------------------------------------------------------------

---SELF-CONSISTENT-FIELD CONVERGENCE--------------------------------------------

 Calculation of the energy with effective potential

 Energy of the reference strucure : -1.3716141297600001E+02 Hartree
 Energy of the ifc part :  3.6651852580845780E-02 Hartree

 Energy of the elastic part :  0.0000000000000000E+00 Hartree

 Total energy : -1.3712476112341918E+02 Hartree

---OUTPUT-----------------------------------------------------------------------

--- Iteration: ( 6/50) Internal Cycle: (1/1)
--------------------------------------------------------------------------------

---SELF-CONSISTENT-FIELD CONVERGENCE--------------------------------------------

 Calculation of the energy with effective potential

 Energy of the reference strucure : -1.3716141297600001E+02 Hartree
 Energy of the ifc part :  5.4790778738242125E-02 Hartree

 Energy of the elastic part :  0.0000000000000000E+00 Hartree

 Total energy : -1.3710662219726177E+02 Hartree

---OUTPUT-----------------------------------------------------------------------

--- Iteration: ( 7/50) Internal Cycle: (1/1)
--------------------------------------------------------------------------------

---SELF-CONSISTENT-FIELD CONVERGENCE--------------------------------------------

 Calculation of the energy with effective potential

 Energy of the reference strucure : -1.3716141297600001E+02 Hartree
 Energy of the ifc part :  7.4402353350089559E-02 Hartree

 Energy of the elastic part :  0.0000000000000000E+00 Hartree

 Total energy : -1.3708701062264993E+02 Hartree

---OUTPUT-----------------------------------------------------------------------

--- Iteration: ( 8/50) Internal Cycle: (1/1)
--------------------------------------------------------------------------------

---SELF-CONSISTENT-FIELD CONVERGENCE--------------------------------------------

 Calculation of the energy with effective potential

 Energy of the reference strucure : -1.3716141297600001E+02 Hartree
 Energy of the ifc part :  9.3862492320709381E-02 Hartree

 Energy of the elastic part :  0.0000000000000000E+00 Hartree

 Total energy : -1.3706755048367930E+02 Hartree

---OUTPUT-----------------------------------------------------------------------

--- Iteration: ( 9/50) Internal Cycle: (1/1)
--------------------------------------------------------------------------------

---SELF-CONSISTENT-FIELD CONVERGENCE--------------------------------------------

 Calculation of the energy with effective potential

 Energy of the reference strucure : -1.3716141297600001E+02 Hartree
 Energy of the ifc part :  1.1132996939608243E-01 Hartree

 Energy of the elastic part :  0.0000000000000000E+00 Hartree

 Total energy : -1.3705008300660393E+02 Hartree

---OUTPUT-----------------------------------------------------------------------

--- Iteration: (10/50) Internal Cycle: (1/1)
--------------------------------------------------------------------------------

---SELF-CONSISTENT-FIELD CONVERGENCE--------------------------------------------

 Calculation of the energy with effective potential

 Energy of the reference strucure : -1.3716141297600001E+02 Hartree
 Energy of the ifc part :  1.2497701099233843E-01 Hartree

 Energy of the elastic part :  0.0000000000000000E+00 Hartree

 Total energy : -1.3703643596500768E+02 Hartree

---OUTPUT-----------------------------------------------------------------------

--- Iteration: (11/50) Internal Cycle: (1/1)
--------------------------------------------------------------------------------

---SELF-CONSISTENT-FIELD CONVERGENCE--------------------------------------------

 Calculation of the energy with effective potential

 Energy of the reference strucure : -1.3716141297600001E+02 Hartree
 Energy of the ifc part :  1.3333768917987754E-01 Hartree

 Energy of the elastic part :  0.0000000000000000E+00 Hartree

 Total energy : -1.3702807528682013E+02 Hartree

---OUTPUT-----------------------------------------------------------------------

--- Iteration: (12/50) Internal Cycle: (1/1)
--------------------------------------------------------------------------------

---SELF-CONSISTENT-FIELD CONVERGENCE--------------------------------------------

 Calculation of the energy with effective potential

 Energy of the reference strucure : -1.3716141297600001E+02 Hartree
 Energy of the ifc part :  1.3567197461161215E-01 Hartree

 Energy of the elastic part :  0.0000000000000000E+00 Hartree

 Total energy : -1.3702574100138838E+02 Hartree

---OUTPUT-----------------------------------------------------------------------

--- Iteration: (13/50) Internal Cycle: (1/1)
--------------------------------------------------------------------------------

---SELF-CONSISTENT-FIELD CONVERGENCE--------------------------------------------

 Calculation of the energy with effective potential

 Energy of the reference strucure : -1.3716141297600001E+02 Hartree
 Energy of the ifc part :  1.3217587635310860E-01 Hartree

 Energy of the elastic part :  0.0000000000000000E+00 Hartree

 Total energy : -1.3702923709964691E+02 Hartree

---OUTPUT-----------------------------------------------------------------------

--- Iteration: (14/50) Internal Cycle: (1/1)
--------------------------------------------------------------------------------

---SELF-CONSISTENT-FIELD CONVERGENCE--------------------------------------------

 Calculation of the energy with effective potential

 Energy of the reference strucure : -1.3716141297600001E+02 Hartree
 Energy of the ifc part :  1.2391823437201710E-01 Hartree

 Energy of the elastic part :  0.0000000000000000E+00 Hartree

 Total energy : -1.3703749474162800E+02 Hartree

---OUTPUT-----------------------------------------------------------------------

--- Iteration: (15/50) Internal Cycle: (1/1)
--------------------------------------------------------------------------------

---SELF-CONSISTENT-FIELD CONVERGENCE--------------------------------------------

 Calculation of the energy with effective potential

 Energy of the reference strucure : -1.3716141297600001E+02 Hartree
 Energy of the ifc part :  1.1254010987042773E-01 Hartree

 Energy of the elastic part :  0.0000000000000000E+00 Hartree

 Total energy : -1.3704887286612959E+02 Hartree

---OUTPUT-----------------------------------------------------------------------

--- Iteration: (16/50) Internal Cycle: (1/1)
--------------------------------------------------------------------------------

---SELF-CONSISTENT-FIELD CONVERGENCE--------------------------------------------

 Calculation of the energy with effective potential

 Energy of the reference strucure : -1.3716141297600001E+02 Hartree
 Energy of the ifc part :  9.9875051539280238E-02 Hartree

 Energy of the elastic part :  0.0000000000000000E+00 Hartree

 Total energy : -1.3706153792446074E+02 Hartree

---OUTPUT-----------------------------------------------------------------------

--- Iteration: (17/50) Internal Cycle: (1/1)
--------------------------------------------------------------------------------

---SELF-CONSISTENT-FIELD CONVERGENCE--------------------------------------------

 Calculation of the energy with effective potential

 Energy of the reference strucure : -1.3716141297600001E+02 Hartree
 Energy of the ifc part :  8.7640892580384031E-02 Hartree

 Energy of the elastic part :  0.0000000000000000E+00 Hartree

 Total energy : -1.3707377208341961E+02 Hartree

---OUTPUT-----------------------------------------------------------------------

--- Iteration: (18/50) Internal Cycle: (1/1)
--------------------------------------------------------------------------------

---SELF-CONSISTENT-FIELD CONVERGENCE--------------------------------------------

 Calculation of the energy with effective potential

 Energy of the reference strucure : -1.3716141297600001E+02 Hartree
 Energy of the ifc part :  7.7263054163880365E-02 Hartree

 Energy of the elastic part :  0.0000000000000000E+00 Hartree

 Total energy : -1.3708414992183612E+02 Hartree

---OUTPUT-----------------------------------------------------------------------

--- Iteration: (19/50) Internal Cycle: (1/1)
--------------------------------------------------------------------------------

---SELF-CONSISTENT-FIELD CONVERGENCE--------------------------------------------

 Calculation of the energy with effective potential

 Energy of the reference strucure : -1.3716141297600001E+02 Hartree
 Energy of the ifc part :  6.9810739946860309E-02 Hartree

 Energy of the elastic part :  0.0000000000000000E+00 Hartree

 Total energy : -1.3709160223605315E+02 Hartree

---OUTPUT-----------------------------------------------------------------------

--- Iteration: (20/50) Internal Cycle: (1/1)
--------------------------------------------------------------------------------

---SELF-CONSISTENT-FIELD CONVERGENCE--------------------------------------------

 Calculation of the energy with effective potential

 Energy of the reference strucure : -1.3716141297600001E+02 Hartree
 Energy of the ifc part :  6.5998777740696291E-02 Hartree

 Energy of the elastic part :  0.0000000000000000E+00 Hartree

 Total energy : -1.3709541419825931E+02 Hartree

---OUTPUT-----------------------------------------------------------------------

--- Iteration: (21/50) Internal Cycle: (1/1)
--------------------------------------------------------------------------------

---SELF-CONSISTENT-FIELD CONVERGENCE--------------------------------------------

 Calculation of the energy with effective potential

 Energy of the reference strucure : -1.3716141297600001E+02 Hartree
 Energy of the ifc part :  6.6213635513426558E-02 Hartree

 Energy of the elastic part :  0.0000000000000000E+00 Hartree

 Total energy : -1.3709519934048657E+02 Hartree

---OUTPUT-----------------------------------------------------------------------

--- Iteration: (22/50) Internal Cycle: (1/1)
--------------------------------------------------------------------------------

---SELF-CONSISTENT-FIELD CONVERGENCE--------------------------------------------

 Calculation of the energy with effective potential

 Energy of the reference strucure : -1.3716141297600001E+02 Hartree
 Energy of the ifc part :  7.0537973725047720E-02 Hartree

 Energy of the elastic part :  0.0000000000000000E+00 Hartree

 Total energy : -1.3709087500227497E+02 Hartree

---OUTPUT-----------------------------------------------------------------------

--- Iteration: (23/50) Internal Cycle: (1/1)
--------------------------------------------------------------------------------

---SELF-CONSISTENT-FIELD CONVERGENCE--------------------------------------------

 Calculation of the energy with effective potential

 Energy of the reference strucure : -1.3716141297600001E+02 Hartree
 Energy of the ifc part :  7.8761583078857056E-02 Hartree

 Energy of the elastic part :  0.0000000000000000E+00 Hartree

 Total energy : -1.3708265139292115E+02 Hartree

---OUTPUT-----------------------------------------------------------------------

--- Iteration: (24/50) Internal Cycle: (1/1)
--------------------------------------------------------------------------------

---SELF-CONSISTENT-FIELD CONVERGENCE--------------------------------------------

 Calculation of the energy with effective potential

 Energy of the reference strucure : -1.3716141297600001E+02 Hartree
 Energy of the ifc part :  9.0375711158531796E-02 Hartree

 Energy of the elastic part :  0.0000000000000000E+00 Hartree

 Total energy : -1.3707103726484146E+02 Hartree

---OUTPUT-----------------------------------------------------------------------

--- Iteration: (25/50) Internal Cycle: (1/1)
--------------------------------------------------------------------------------

---SELF-CONSISTENT-FIELD CONVERGENCE--------------------------------------------

 Calculation of the energy with effective potential

 Energy of the reference strucure : -1.3716141297600001E+02 Hartree
 Energy of the ifc part :  1.0455507423241560E-01 Hartree

 Energy of the elastic part :  0.0000000000000000E+00 Hartree

 Total energy : -1.3705685790176759E+02 Hartree

---OUTPUT-----------------------------------------------------------------------

--- Iteration: (26/50) Internal Cycle: (1/1)
--------------------------------------------------------------------------------

---SELF-CONSISTENT-FIELD CONVERGENCE--------------------------------------------

 Calculation of the energy with effective potential

 Energy of the reference strucure : -1.3716141297600001E+02 Hartree
 Energy of the ifc part :  1.2014058921304781E-01 Hartree

 Energy of the elastic part :  0.0000000000000000E+00 Hartree

 Total energy : -1.3704127238678697E+02 Hartree

---OUTPUT-----------------------------------------------------------------------

--- Iteration: (27/50) Internal Cycle: (1/1)
--------------------------------------------------------------------------------

---SELF-CONSISTENT-FIELD CONVERGENCE--------------------------------------------

 Calculation of the energy with effective potential

 Energy of the reference strucure : -1.3716141297600001E+02 Hartree
 Energy of the ifc part :  1.3564799211859668E-01 Hartree

 Energy of the elastic part :  0.0000000000000000E+00 Hartree

 Total energy : -1.3702576498388140E+02 Hartree

---OUTPUT-----------------------------------------------------------------------

--- Iteration: (28/50) Internal Cycle: (1/1)
--------------------------------------------------------------------------------

---SELF-CONSISTENT-FIELD CONVERGENCE--------------------------------------------

 Calculation of the energy with effective potential

 Energy of the reference strucure : -1.3716141297600001E+02 Hartree
 Energy of the ifc part :  1.4934033635226429E-01 Hartree

 Energy of the elastic part :  0.0000000000000000E+00 Hartree

 Total energy : -1.3701207263964776E+02 Hartree

---OUTPUT-----------------------------------------------------------------------

--- Iteration: (29/50) Internal Cycle: (1/1)
--------------------------------------------------------------------------------

---SELF-CONSISTENT-FIELD CONVERGENCE--------------------------------------------

 Calculation of the energy with effective potential

 Energy of the reference strucure : -1.3716141297600001E+02 Hartree
 Energy of the ifc part :  1.5940389344078906E-01 Hartree

 Energy of the elastic part :  0.0000000000000000E+00 Hartree

 Total energy : -1.3700200908255923E+02 Hartree

---OUTPUT-----------------------------------------------------------------------

--- Iteration: (30/50) Internal Cycle: (1/1)
--------------------------------------------------------------------------------

---SELF-CONSISTENT-FIELD CONVERGENCE--------------------------------------------

 Calculation of the energy with effective potential

 Energy of the reference strucure : -1.3716141297600001E+02 Hartree
 Energy of the ifc part :  1.6423670130691151E-01 Hartree

 Energy of the elastic part :  0.0000000000000000E+00 Hartree

 Total energy : -1.3699717627469309E+02 Hartree

---OUTPUT-----------------------------------------------------------------------

--- Iteration: (31/50) Internal Cycle: (1/1)
--------------------------------------------------------------------------------

---SELF-CONSISTENT-FIELD CONVERGENCE--------------------------------------------

 Calculation of the energy with effective potential

 Energy of the reference strucure : -1.3716141297600001E+02 Hartree
 Energy of the ifc part :  1.6278804594003096E-01 Hartree

 Energy of the elastic part :  0.0000000000000000E+00 Hartree

 Total energy : -1.3699862493005998E+02 Hartree

---OUTPUT-----------------------------------------------------------------------

--- Iteration: (32/50) Internal Cycle: (1/1)
--------------------------------------------------------------------------------

---SELF-CONSISTENT-FIELD CONVERGENCE--------------------------------------------

 Calculation of the energy with effective potential

 Energy of the reference strucure : -1.3716141297600001E+02 Hartree
 Energy of the ifc part :  1.5481365313639564E-01 Hartree

 Energy of the elastic part :  0.0000000000000000E+00 Hartree

 Total energy : -1.3700659932286362E+02 Hartree

---OUTPUT-----------------------------------------------------------------------

--- Iteration: (33/50) Internal Cycle: (1/1)
--------------------------------------------------------------------------------

---SELF-CONSISTENT-FIELD CONVERGENCE--------------------------------------------

 Calculation of the energy with effective potential

 Energy of the reference strucure : -1.3716141297600001E+02 Hartree
 Energy of the ifc part :  1.4091457625565543E-01 Hartree

 Energy of the elastic part :  0.0000000000000000E+00 Hartree

 Total energy : -1.3702049839974435E+02 Hartree

---OUTPUT-----------------------------------------------------------------------

--- Iteration: (34/50) Internal Cycle: (1/1)
--------------------------------------------------------------------------------

---SELF-CONSISTENT-FIELD CONVERGENCE--------------------------------------------

 Calculation of the energy with effective potential

 Energy of the reference strucure : -1.3716141297600001E+02 Hartree
 Energy of the ifc part :  1.2233755086527248E-01 Hartree

 Energy of the elastic part :  0.0000000000000000E+00 Hartree

 Total energy : -1.3703907542513474E+02 Hartree

---OUTPUT-----------------------------------------------------------------------

--- Iteration: (35/50) Internal Cycle: (1/1)
--------------------------------------------------------------------------------

---SELF-CONSISTENT-FIELD CONVERGENCE--------------------------------------------

 Calculation of the energy with effective potential

 Energy of the reference strucure : -1.3716141297600001E+02 Hartree
 Energy of the ifc part :  1.0064448411630081E-01 Hartree

 Energy of the elastic part :  0.0000000000000000E+00 Hartree

 Total energy : -1.3706076849188372E+02 Hartree

---OUTPUT-----------------------------------------------------------------------

--- Iteration: (36/50) Internal Cycle: (1/1)
--------------------------------------------------------------------------------

---SELF-CONSISTENT-FIELD CONVERGENCE--------------------------------------------

 Calculation of the energy with effective potential

 Energy of the reference strucure : -1.3716141297600001E+02 Hartree
 Energy of the ifc part :  7.7397744758544829E-02 Hartree

 Energy of the elastic part :  0.0000000000000000E+00 Hartree

 Total energy : -1.3708401523124147E+02 Hartree

---OUTPUT-----------------------------------------------------------------------

--- Iteration: (37/50) Internal Cycle: (1/1)
--------------------------------------------------------------------------------

---SELF-CONSISTENT-FIELD CONVERGENCE--------------------------------------------

 Calculation of the energy with effective potential

 Energy of the reference strucure : -1.3716141297600001E+02 Hartree
 Energy of the ifc part :  5.3949849799460374E-02 Hartree

 Energy of the elastic part :  0.0000000000000000E+00 Hartree

 Total energy : -1.3710746312620054E+02 Hartree

---OUTPUT-----------------------------------------------------------------------

--- Iteration: (38/50) Internal Cycle: (1/1)
--------------------------------------------------------------------------------

---SELF-CONSISTENT-FIELD CONVERGENCE--------------------------------------------

 Calculation of the energy with effective potential

 Energy of the reference strucure : -1.3716141297600001E+02 Hartree
 Energy of the ifc part :  3.1347326175572343E-02 Hartree

 Energy of the elastic part :  0.0000000000000000E+00 Hartree

 Total energy : -1.3713006564982445E+02 Hartree

---OUTPUT-----------------------------------------------------------------------

--- Iteration: (39/50) Internal Cycle: (1/1)
--------------------------------------------------------------------------------

---SELF-CONSISTENT-FIELD CONVERGENCE--------------------------------------------

 Calculation of the energy with effective potential

 Energy of the reference strucure : -1.3716141297600001E+02 Hartree
 Energy of the ifc part :  1.0315058594867761E-02 Hartree

 Energy of the elastic part :  0.0000000000000000E+00 Hartree

 Total energy : -1.3715109791740514E+02 Hartree

---OUTPUT-----------------------------------------------------------------------

--- Iteration: (40/50) Internal Cycle: (1/1)
--------------------------------------------------------------------------------

---SELF-CONSISTENT-FIELD CONVERGENCE--------------------------------------------

 Calculation of the energy with effective potential

 Energy of the reference strucure : -1.3716141297600001E+02 Hartree
 Energy of the ifc part : -8.7181868666766135E-03 Hartree

 Energy of the elastic part :  0.0000000000000000E+00 Hartree

 Total energy : -1.3717013116286668E+02 Hartree

---OUTPUT-----------------------------------------------------------------------

--- Iteration: (41/50) Internal Cycle: (1/1)
--------------------------------------------------------------------------------

---SELF-CONSISTENT-FIELD CONVERGENCE--------------------------------------------

 Calculation of the energy with effective potential

 Energy of the reference strucure : -1.3716141297600001E+02 Hartree
 Energy of the ifc part : -2.5580544594801732E-02 Hartree

 Energy of the elastic part :  0.0000000000000000E+00 Hartree

 Total energy : -1.3718699352059480E+02 Hartree

---OUTPUT-----------------------------------------------------------------------

--- Iteration: (42/50) Internal Cycle: (1/1)
--------------------------------------------------------------------------------

---SELF-CONSISTENT-FIELD CONVERGENCE--------------------------------------------

 Calculation of the energy with effective potential

 Energy of the reference strucure : -1.3716141297600001E+02 Hartree
 Energy of the ifc part : -4.0318032770133419E-02 Hartree

 Energy of the elastic part :  0.0000000000000000E+00 Hartree

 Total energy : -1.3720173100877014E+02 Hartree

---OUTPUT-----------------------------------------------------------------------

--- Iteration: (43/50) Internal Cycle: (1/1)
--------------------------------------------------------------------------------

---SELF-CONSISTENT-FIELD CONVERGENCE--------------------------------------------

 Calculation of the energy with effective potential

 Energy of the reference strucure : -1.3716141297600001E+02 Hartree
 Energy of the ifc part : -5.3160011015946827E-02 Hartree

 Energy of the elastic part :  0.0000000000000000E+00 Hartree

 Total energy : -1.3721457298701594E+02 Hartree

---OUTPUT-----------------------------------------------------------------------

--- Iteration: (44/50) Internal Cycle: (1/1)
--------------------------------------------------------------------------------

---SELF-CONSISTENT-FIELD CONVERGENCE--------------------------------------------

 Calculation of the energy with effective potential

 Energy of the reference strucure : -1.3716141297600001E+02 Hartree
 Energy of the ifc part : -6.4487894426933964E-02 Hartree

 Energy of the elastic part :  0.0000000000000000E+00 Hartree

 Total energy : -1.3722590087042695E+02 Hartree

---OUTPUT-----------------------------------------------------------------------

--- Iteration: (45/50) Internal Cycle: (1/1)
--------------------------------------------------------------------------------

---SELF-CONSISTENT-FIELD CONVERGENCE--------------------------------------------

 Calculation of the energy with effective potential

 Energy of the reference strucure : -1.3716141297600001E+02 Hartree
 Energy of the ifc part : -7.4803288850877642E-02 Hartree

 Energy of the elastic part :  0.0000000000000000E+00 Hartree

 Total energy : -1.3723621626485090E+02 Hartree

---OUTPUT-----------------------------------------------------------------------

--- Iteration: (46/50) Internal Cycle: (1/1)
--------------------------------------------------------------------------------

---SELF-CONSISTENT-FIELD CONVERGENCE--------------------------------------------

 Calculation of the energy with effective potential

 Energy of the reference strucure : -1.3716141297600001E+02 Hartree
 Energy of the ifc part : -8.4691067518504096E-02 Hartree

 Energy of the elastic part :  0.0000000000000000E+00 Hartree

 Total energy : -1.3724610404351850E+02 Hartree

---OUTPUT-----------------------------------------------------------------------

--- Iteration: (47/50) Internal Cycle: (1/1)
--------------------------------------------------------------------------------

---SELF-CONSISTENT-FIELD CONVERGENCE--------------------------------------------

 Calculation of the energy with effective potential

 Energy of the reference strucure : -1.3716141297600001E+02 Hartree
 Energy of the ifc part : -9.4774009244045193E-02 Hartree

 Energy of the elastic part :  0.0000000000000000E+00 Hartree

 Total energy : -1.3725618698524406E+02 Hartree

---OUTPUT-----------------------------------------------------------------------

--- Iteration: (48/50) Internal Cycle: (1/1)
--------------------------------------------------------------------------------

---SELF-CONSISTENT-FIELD CONVERGENCE--------------------------------------------

 Calculation of the energy with effective potential

 Energy of the reference strucure : -1.3716141297600001E+02 Hartree
 Energy of the ifc part : -1.0565854718331344E-01 Hartree

 Energy of the elastic part :  0.0000000000000000E+00 Hartree

 Total energy : -1.3726707152318332E+02 Hartree

---OUTPUT-----------------------------------------------------------------------

--- Iteration: (49/50) Internal Cycle: (1/1)
--------------------------------------------------------------------------------

---SELF-CONSISTENT-FIELD CONVERGENCE--------------------------------------------

 Calculation of the energy with effective potential

 Energy of the reference strucure : -1.3716141297600001E+02 Hartree
 Energy of the ifc part : -1.1787564810717516E-01 Hartree

 Energy of the elastic part :  0.0000000000000000E+00 Hartree

 Total energy : -1.3727928862410718E+02 Hartree

---OUTPUT-----------------------------------------------------------------------

--- Iteration: (50/50) Internal Cycle: (1/1)
--------------------------------------------------------------------------------

---SELF-CONSISTENT-FIELD CONVERGENCE--------------------------------------------

 Calculation of the energy with effective potential

 Energy of the reference strucure : -1.3716141297600001E+02 Hartree
 Energy of the ifc part : -1.3182555348135566E-01 Hartree

 Energy of the elastic part :  0.0000000000000000E+00 Hartree

 Total energy : -1.3729323852948136E+02 Hartree

---OUTPUT-----------------------------------------------------------------------

================================================================================


================================================================================

-
- Proc.   0 individual time (sec): cpu=          1.6  wall=          1.6

================================================================================

+Total cpu time      1.564  and wall time      1.564 sec

 epigene : the run completed succesfully.
