
.Version 8.5.3 of ABINIT 
.(MPI version, prepared for a x86_64_linux_gnu6.3 computer) 

.Copyright (C) 1998-2017 ABINIT group . 
 ABINIT comes with ABSOLUTELY NO WARRANTY.
 It is free software, and you are welcome to redistribute it
 under certain conditions (GNU General Public License,
 see ~abinit/COPYING or http://www.gnu.org/copyleft/gpl.txt).

 ABINIT is a project of the Universite Catholique de Louvain,
 Corning Inc. and other collaborators, see ~abinit/doc/developers/contributors.txt .
 Please read ~abinit/doc/users/acknowledgments.html for suggested
 acknowledgments of the ABINIT effort.
 For more information, see http://www.abinit.org .

.Starting date : Tue 12 Sep 2017.
- ( at 10h29 )
  
- input  file    -> t68.in
- output file    -> t68.out
- root for input  files -> t68i
- root for output files -> t68o

- inpspheads : Reading pseudopotential header in XML form from C.xml
- inpspheads : Reading pseudopotential header in XML form from H.xml

 DATASET    1 : space group P4 m m (# 99); Bravais tP (primitive tetrag.)
================================================================================
 Values of the parameters that define the memory need for DATASET  1.
     intxc =       0    ionmov =       2      iscf =      17    lmnmax =       8
     lnmax =       4     mgfft =      40  mpssoang =       2    mqgrid =    3020
     natom =       2  nloc_mem =       2    nspden =       2   nspinor =       1
    nsppol =       2      nsym =       8    n1xccc =       1    ntypat =       2
    occopt =       1   xclevel =       2
-    mband =           4        mffmem =           1         mkmem =           1
       mpw =        2815          nfft =       51840          nkpt =           1
 PAW method is used; the additional fine FFT grid is defined by:
   mgfftf=        64    nfftf =    186624
================================================================================
P This job should need less than                      87.488 Mbytes of memory.
  Rough estimation (10% accuracy) of disk space for files :
_ WF disk file :      0.346 Mbytes ; DEN or POT disk file :      2.850 Mbytes.
================================================================================

--------------------------------------------------------------------------------
------------- Echo of variables that govern the present computation ------------
--------------------------------------------------------------------------------
-
- outvars: echo of selected default values                                      
-   iomode0 =  0 , fftalg0 =312 , wfoptalg0 = 10
-
- outvars: echo of global parameters not present in the input file              
-  max_nthreads =    1
-
 -outvars: echo values of preprocessed input variables --------
            acell      1.1338356797E+01  9.4486306644E+00  9.4486306644E+00 Bohr
              amu      1.20110000E+01  1.00794000E+00
           diemac      1.00000000E+00
           diemix      5.00000000E-01
             ecut      1.50000000E+01 Hartree
-          fftalg         312
           ionmov           2
           istwfk        1
              ixc     -101130
           jdtset        1
         kptrlatt        1    0    0      0    1    0      0    0    1
          kptrlen      9.44863066E+00
P           mkmem           1
            natom           2
            nband           4
           ndtset           1
            ngfft          40      36      36
          ngfftdg          64      54      54
             nkpt           1
           nspden           2
           nsppol           2
            nstep           2
             nsym           8
            ntime           2
           ntypat           2
              occ      1.000000  1.000000  1.000000  0.000000
                       1.000000  1.000000  0.000000  0.000000
        optforces           1
        optstress           0
        pawecutdg      3.50000000E+01 Hartree
          pawovlp      1.0000000000E+01
          spgroup          99
   spinmagntarget      1.00000000E+00
           symrel      1  0  0   0  1  0   0  0  1       1  0  0   0  1  0   0  0 -1
                       1  0  0   0 -1  0   0  0 -1       1  0  0   0 -1  0   0  0  1
                       1  0  0   0  0  1   0  1  0       1  0  0   0  0  1   0 -1  0
                       1  0  0   0  0 -1   0 -1  0       1  0  0   0  0 -1   0  1  0
           tolrff      2.00000000E-02
            typat      1  2
           useylm           1
           xangst     -5.6200000000E-01  0.0000000000E+00  0.0000000000E+00
                       5.6200000000E-01  0.0000000000E+00  0.0000000000E+00
            xcart     -1.0620260867E+00  0.0000000000E+00  0.0000000000E+00
                       1.0620260867E+00  0.0000000000E+00  0.0000000000E+00
             xred     -9.3666666667E-02  0.0000000000E+00  0.0000000000E+00
                       9.3666666667E-02  0.0000000000E+00  0.0000000000E+00
            znucl        6.00000    1.00000

================================================================================

 chkinp: Checking input parameters for consistency, jdtset=   1.

================================================================================
== DATASET  1 ==================================================================
-   nproc =    1

 Real(R)+Recip(G) space primitive vectors, cartesian coordinates (Bohr,Bohr^-1):
 R(1)= 11.3383568  0.0000000  0.0000000  G(1)=  0.0881962  0.0000000  0.0000000
 R(2)=  0.0000000  9.4486307  0.0000000  G(2)=  0.0000000  0.1058354  0.0000000
 R(3)=  0.0000000  0.0000000  9.4486307  G(3)=  0.0000000  0.0000000  0.1058354
 Unit cell volume ucvol=  1.0122502E+03 bohr^3
 Angles (23,13,12)=  9.00000000E+01  9.00000000E+01  9.00000000E+01 degrees

 Coarse grid specifications (used for wave-functions):

 getcut: wavevector=  0.0000  0.0000  0.0000  ngfft=  40  36  36
         ecut(hartree)=     15.000   => boxcut(ratio)=   2.02348

 Fine grid specifications (used for densities):

 getcut: wavevector=  0.0000  0.0000  0.0000  ngfft=  64  54  54
         ecut(hartree)=     35.000   => boxcut(ratio)=   2.11949

--- Pseudopotential description ------------------------------------------------
- pspini: atom type   1  psp file is C.xml
- pspatm: opening atomic psp file    C.xml
- pspatm : Reading pseudopotential header in XML form from C.xml
 Pseudopotential format is: paw10
 basis_size (lnmax)=  4 (lmn_size=  8), orbitals=   0   0   1   1
 Spheres core radius: rc_sph= 1.50736703
 1 radial meshes are used:
  - mesh 1: r(i)=AA*[exp(BB*(i-1))-1], size=2001 , AA= 0.94549E-03 BB= 0.56729E-02
 Shapefunction is SIN type: shapef(r)=[sin(pi*r/rshp)/(pi*r/rshp)]**2
 Radius for shape functions =  1.30052589
 mmax= 2001
 Radial grid used for partial waves is grid 1
 Radial grid used for projectors is grid 1
 Radial grid used for (t)core density is grid 1
 Radial grid used for Vloc is grid 1
 Radial grid used for pseudo valence density is grid 1
 Mesh size for Vloc has been set to 1756 to avoid numerical noise.
 Compensation charge density is not taken into account in XC energy/potential
 pspatm: atomic psp has been read  and splines computed

- pspini: atom type   2  psp file is H.xml
- pspatm: opening atomic psp file    H.xml
- pspatm : Reading pseudopotential header in XML form from H.xml
 Pseudopotential format is: paw10
 basis_size (lnmax)=  3 (lmn_size=  5), orbitals=   0   0   1
 Spheres core radius: rc_sph= 0.89889493
 1 radial meshes are used:
  - mesh 1: r(i)=AA*[exp(BB*(i-1))-1], size=1500 , AA= 0.63034E-02 BB= 0.63034E-02
 Shapefunction is SIN type: shapef(r)=[sin(pi*r/rshp)/(pi*r/rshp)]**2
 Radius for shape functions =  0.79672474
 mmax= 1500
 Radial grid used for partial waves is grid 1
 Radial grid used for projectors is grid 1
 Radial grid used for (t)core density is grid 1
 Radial grid used for Vloc is grid 1
 Radial grid used for pseudo valence density is grid 1
 Mesh size for Vloc has been set to 1280 to avoid numerical noise.
 Compensation charge density is not taken into account in XC energy/potential
 pspatm: atomic psp has been read  and splines computed

   2.22361832E+01                                ecore*ucvol(ha*bohr**3)
--------------------------------------------------------------------------------

_setup2: Arith. and geom. avg. npw (full set) are    2815.000    2815.000

================================================================================

=== [ionmov= 2] Broyden-Fletcher-Goldfard-Shanno method (forces)            
================================================================================

--- Iteration: (1/2) Internal Cycle: (1/1)
--------------------------------------------------------------------------------

---SELF-CONSISTENT-FIELD CONVERGENCE--------------------------------------------

     iter   Etot(hartree)      deltaE(h)  residm     nres2    diffor    maxfor
 ETOT  1  -6.0841037535108    -6.084E+00 5.429E-02 9.699E+00 4.144E-02 4.144E-02
 ETOT  2  -6.0812863940782     2.817E-03 6.457E-06 1.302E+00 3.471E-02 6.731E-03

 scprqt:  WARNING -
  nstep=    2 was not enough SCF cycles to converge;
  maximum force difference=  3.471E-02 exceeds tolrff*maxfor=  1.346E-04

 Integrated electronic and magnetization densities in atomic spheres:
 ---------------------------------------------------------------------
 Note: Diff(up-dn) is a rough approximation of local magnetic moment
 Atom    Radius    up_density   dn_density  Total(up+dn)  Diff(up-dn)
    1   1.50737     1.307390     0.831482      2.138872     0.475908
    2   0.89889     0.235540     0.234964      0.470504     0.000576
 ---------------------------------------------------------------------
  Sum:              1.542930     1.066446      2.609376     0.476485
 Total magnetization (from the atomic spheres):             0.476485
 Total magnetization (exact up - dn):                       0.999995

 PAW TEST:
 ==== Compensation charge inside spheres ============
 The following values must be close to each other ...
 Compensation charge over spherical meshes =      0.042208845994433
 Compensation charge over fine fft grid    =      0.051632127728654

 ==== Results concerning PAW augmentation regions ====

 Total pseudopotential strength Dij (hartree):
 Atom #  1 - Spin component 1
   0.45019  -4.54001   0.00000   0.00000   0.00036   0.00000   0.00000   0.00052
  -4.54001  44.00737   0.00000   0.00000  -0.00525   0.00000   0.00000   0.00532
   0.00000   0.00000  -0.14685   0.00000   0.00000   0.64256   0.00000   0.00000
   0.00000   0.00000   0.00000  -0.14685   0.00000   0.00000   0.64256   0.00000
   0.00036  -0.00525   0.00000   0.00000  -0.14647   0.00000   0.00000   0.63918
   0.00000   0.00000   0.64256   0.00000   0.00000  -0.16367   0.00000   0.00000
   0.00000   0.00000   0.00000   0.64256   0.00000   0.00000  -0.16367   0.00000
   0.00052   0.00532   0.00000   0.00000   0.63918   0.00000   0.00000  -0.13716
 Atom #  1 - Spin component 2
   0.44995  -4.53954   0.00000   0.00000   0.00039   0.00000   0.00000   0.00030
  -4.53954  44.00911   0.00000   0.00000  -0.00555   0.00000   0.00000   0.00723
   0.00000   0.00000  -0.14413   0.00000   0.00000   0.62302   0.00000   0.00000
   0.00000   0.00000   0.00000  -0.14413   0.00000   0.00000   0.62302   0.00000
   0.00039  -0.00555   0.00000   0.00000  -0.14544   0.00000   0.00000   0.63054
   0.00000   0.00000   0.62302   0.00000   0.00000  -0.03473   0.00000   0.00000
   0.00000   0.00000   0.00000   0.62302   0.00000   0.00000  -0.03473   0.00000
   0.00030   0.00723   0.00000   0.00000   0.63054   0.00000   0.00000  -0.07766
 Atom #  2 - Spin component 1
  -0.01899  -0.02821   0.00000   0.00000   0.00032
  -0.02821  -0.04172   0.00000   0.00000   0.00049
   0.00000   0.00000   0.00040   0.00000   0.00000
   0.00000   0.00000   0.00000   0.00040   0.00000
   0.00032   0.00049   0.00000   0.00000   0.00035
 Atom #  2 - Spin component 2
  -0.01897  -0.02818   0.00000   0.00000   0.00030
  -0.02818  -0.04168   0.00000   0.00000   0.00046
   0.00000   0.00000   0.00038   0.00000   0.00000
   0.00000   0.00000   0.00000   0.00038   0.00000
   0.00030   0.00046   0.00000   0.00000   0.00034


 Augmentation waves occupancies Rhoij:
 Atom #  1 - Spin component 1
   0.97561   0.00227   0.00000   0.00000  -0.04313   0.00000   0.00000   0.00425
   0.00227   0.00003   0.00000   0.00000   0.00444   0.00000   0.00000   0.00009
   0.00000   0.00000   0.51241   0.00000   0.00000   0.00163   0.00000   0.00000
   0.00000   0.00000   0.00000   0.51241   0.00000   0.00000   0.00163   0.00000
  -0.04313   0.00444   0.00000   0.00000   0.80063   0.00000   0.00000   0.01346
   0.00000   0.00000   0.00163   0.00000   0.00000   0.00001   0.00000   0.00000
   0.00000   0.00000   0.00000   0.00163   0.00000   0.00000   0.00001   0.00000
   0.00425   0.00009   0.00000   0.00000   0.01346   0.00000   0.00000   0.00025
 Atom #  1 - Spin component 2
   0.96226   0.00253   0.00000   0.00000  -0.04712   0.00000   0.00000   0.00428
   0.00253   0.00003   0.00000   0.00000   0.00435   0.00000   0.00000   0.00009
   0.00000   0.00000   0.00000   0.00000   0.00000   0.00000   0.00000   0.00000
   0.00000   0.00000   0.00000   0.00000   0.00000   0.00000   0.00000   0.00000
  -0.04712   0.00435   0.00000   0.00000   0.79319   0.00000   0.00000   0.01356
   0.00000   0.00000   0.00000   0.00000   0.00000   0.00000   0.00000   0.00000
   0.00000   0.00000   0.00000   0.00000   0.00000   0.00000   0.00000   0.00000
   0.00428   0.00009   0.00000   0.00000   0.01356   0.00000   0.00000   0.00026
 Atom #  2 - Spin component 1
   6.85425  -2.90881   0.00000   0.00000  -0.94271
  -2.90881   1.25152   0.00000   0.00000   0.41258
   0.00000   0.00000   0.03478   0.00000   0.00000
   0.00000   0.00000   0.00000   0.03478   0.00000
  -0.94271   0.41258   0.00000   0.00000   0.13883
 Atom #  2 - Spin component 2
   6.85437  -2.89318   0.00000   0.00000  -0.93415
  -2.89318   1.23771   0.00000   0.00000   0.40652
   0.00000   0.00000   0.00000   0.00000   0.00000
   0.00000   0.00000   0.00000   0.00000   0.00000
  -0.93415   0.40652   0.00000   0.00000   0.13636



---OUTPUT-----------------------------------------------------------------------

 Cartesian coordinates (xcart) [bohr]
 -1.06202608668173E+00  0.00000000000000E+00  0.00000000000000E+00
  1.06202608668173E+00  0.00000000000000E+00  0.00000000000000E+00
 Reduced coordinates (xred)
 -9.36666666666667E-02  0.00000000000000E+00  0.00000000000000E+00
  9.36666666666667E-02  0.00000000000000E+00  0.00000000000000E+00
 Cartesian forces (fcart) [Ha/bohr]; max,rms= 6.73099E-03 3.88614E-03 (free atoms)
  6.73098627919729E-03 -0.00000000000000E+00 -0.00000000000000E+00
 -6.73098627919729E-03 -0.00000000000000E+00 -0.00000000000000E+00
 Reduced forces (fred)
 -7.63183240313629E-02 -0.00000000000000E+00 -0.00000000000000E+00
  7.63183240313629E-02  0.00000000000000E+00  0.00000000000000E+00
 Total energy (etotal) [Ha]= -6.08128639407815E+00

--- Iteration: (2/2) Internal Cycle: (1/1)
--------------------------------------------------------------------------------

---SELF-CONSISTENT-FIELD CONVERGENCE--------------------------------------------

     iter   Etot(hartree)      deltaE(h)  residm     nres2    diffor    maxfor
 ETOT  1  -6.0839093508093    -6.084E+00 6.919E-07 9.202E-02 1.759E-02 1.085E-02
 ETOT  2  -6.0837031560490     2.062E-04 5.433E-08 7.037E-03 1.598E-05 1.087E-02
 Integrated electronic and magnetization densities in atomic spheres:
 ---------------------------------------------------------------------
 Note: Diff(up-dn) is a rough approximation of local magnetic moment
 Atom    Radius    up_density   dn_density  Total(up+dn)  Diff(up-dn)
    1   1.50737     1.329273     0.827864      2.157137     0.501409
    2   0.89889     0.227894     0.232524      0.460418    -0.004630
 ---------------------------------------------------------------------
  Sum:              1.557168     1.060388      2.617555     0.496780
 Total magnetization (from the atomic spheres):             0.496780
 Total magnetization (exact up - dn):                       0.999995

 PAW TEST:
 ==== Compensation charge inside spheres ============
 The following values must be close to each other ...
 Compensation charge over spherical meshes =      0.053841232754223
 Compensation charge over fine fft grid    =      0.054415768867509

 ==== Results concerning PAW augmentation regions ====

 Total pseudopotential strength Dij (hartree):
 Atom #  1 - Spin component 1
   0.45010  -4.53915   0.00000   0.00000   0.00048   0.00000   0.00000   0.00001
  -4.53915  44.00300   0.00000   0.00000  -0.00645   0.00000   0.00000   0.01075
   0.00000   0.00000  -0.14852   0.00000   0.00000   0.65469   0.00000   0.00000
   0.00000   0.00000   0.00000  -0.14852   0.00000   0.00000   0.65469   0.00000
   0.00048  -0.00645   0.00000   0.00000  -0.14717   0.00000   0.00000   0.64402
   0.00000   0.00000   0.65469   0.00000   0.00000  -0.24670   0.00000   0.00000
   0.00000   0.00000   0.00000   0.65469   0.00000   0.00000  -0.24670   0.00000
   0.00001   0.01075   0.00000   0.00000   0.64402   0.00000   0.00000  -0.16923
 Atom #  1 - Spin component 2
   0.44954  -4.53644   0.00000   0.00000   0.00058   0.00000   0.00000  -0.00075
  -4.53644  43.98191   0.00000   0.00000  -0.00735   0.00000   0.00000   0.01687
   0.00000   0.00000  -0.14309   0.00000   0.00000   0.61607   0.00000   0.00000
   0.00000   0.00000   0.00000  -0.14309   0.00000   0.00000   0.61607   0.00000
   0.00058  -0.00735   0.00000   0.00000  -0.14506   0.00000   0.00000   0.62668
   0.00000   0.00000   0.61607   0.00000   0.00000   0.00644   0.00000   0.00000
   0.00000   0.00000   0.00000   0.61607   0.00000   0.00000   0.00644   0.00000
  -0.00075   0.01687   0.00000   0.00000   0.62668   0.00000   0.00000  -0.05050
 Atom #  2 - Spin component 1
  -0.01850  -0.02743   0.00000   0.00000   0.00040
  -0.02743  -0.04047   0.00000   0.00000   0.00062
   0.00000   0.00000   0.00026   0.00000   0.00000
   0.00000   0.00000   0.00000   0.00026   0.00000
   0.00040   0.00062   0.00000   0.00000   0.00020
 Atom #  2 - Spin component 2
  -0.01854  -0.02749   0.00000   0.00000   0.00036
  -0.02749  -0.04056   0.00000   0.00000   0.00056
   0.00000   0.00000   0.00022   0.00000   0.00000
   0.00000   0.00000   0.00000   0.00022   0.00000
   0.00036   0.00056   0.00000   0.00000   0.00017


 Augmentation waves occupancies Rhoij:
 Atom #  1 - Spin component 1
   0.97986   0.00179   0.00000   0.00000  -0.03175   0.00000   0.00000   0.00430
   0.00179   0.00003   0.00000   0.00000   0.00437   0.00000   0.00000   0.00008
   0.00000   0.00000   0.51980   0.00000   0.00000   0.00127   0.00000   0.00000
   0.00000   0.00000   0.00000   0.51980   0.00000   0.00000   0.00127   0.00000
  -0.03175   0.00437   0.00000   0.00000   0.81037   0.00000   0.00000   0.01266
   0.00000   0.00000   0.00127   0.00000   0.00000   0.00000   0.00000   0.00000
   0.00000   0.00000   0.00000   0.00127   0.00000   0.00000   0.00000   0.00000
   0.00430   0.00008   0.00000   0.00000   0.01266   0.00000   0.00000   0.00022
 Atom #  1 - Spin component 2
   0.94659   0.00228   0.00000   0.00000  -0.04268   0.00000   0.00000   0.00432
   0.00228   0.00003   0.00000   0.00000   0.00418   0.00000   0.00000   0.00008
   0.00000   0.00000   0.00000   0.00000   0.00000   0.00000   0.00000   0.00000
   0.00000   0.00000   0.00000   0.00000   0.00000   0.00000   0.00000   0.00000
  -0.04268   0.00418   0.00000   0.00000   0.79476   0.00000   0.00000   0.01301
   0.00000   0.00000   0.00000   0.00000   0.00000   0.00000   0.00000   0.00000
   0.00000   0.00000   0.00000   0.00000   0.00000   0.00000   0.00000   0.00000
   0.00432   0.00008   0.00000   0.00000   0.01301   0.00000   0.00000   0.00024
 Atom #  2 - Spin component 1
   7.28939  -3.17692   0.00000   0.00000  -1.01625
  -3.17692   1.40027   0.00000   0.00000   0.45501
   0.00000   0.00000   0.03487   0.00000   0.00000
   0.00000   0.00000   0.00000   0.03487   0.00000
  -1.01625   0.45501   0.00000   0.00000   0.15102
 Atom #  2 - Spin component 2
   7.29562  -3.14125   0.00000   0.00000  -0.99825
  -3.14125   1.36675   0.00000   0.00000   0.44098
   0.00000   0.00000   0.00000   0.00000   0.00000
   0.00000   0.00000   0.00000   0.00000   0.00000
  -0.99825   0.44098   0.00000   0.00000   0.14536



---OUTPUT-----------------------------------------------------------------------

 Cartesian coordinates (xcart) [bohr]
 -1.05529510040253E+00  0.00000000000000E+00  0.00000000000000E+00
  1.05529510040253E+00  0.00000000000000E+00  0.00000000000000E+00
 Reduced coordinates (xred)
 -9.30730192449528E-02  0.00000000000000E+00  0.00000000000000E+00
  9.30730192449528E-02  0.00000000000000E+00  0.00000000000000E+00
 Cartesian forces (fcart) [Ha/bohr]; max,rms= 1.08709E-02 6.27634E-03 (free atoms)
 -1.08709459864522E-02 -0.00000000000000E+00 -0.00000000000000E+00
  1.08709459864522E-02 -0.00000000000000E+00 -0.00000000000000E+00
 Reduced forces (fred)
  1.23258664318723E-01  0.00000000000000E+00  0.00000000000000E+00
 -1.23258664318723E-01 -0.00000000000000E+00 -0.00000000000000E+00
 Total energy (etotal) [Ha]= -6.08370315604901E+00

 Difference of energy with previous step (new-old):
           Absolute (Ha)=-2.41676E-03
           Relative     =-3.97331E-04

 fconv : WARNING -
  ntime=    2 was not enough Broyd/MD steps to converge gradients: 
  max grad (force/stress) = 1.0871E-02 > tolmxf= 5.0000E-05 ha/bohr (free atoms)

================================================================================

 ----iterations are completed or convergence reached----

 Mean square residual over all n,k,spin=   1.2715E-08; max=  5.4334E-08
 reduced coordinates (array xred) for    2 atoms
      -0.093073019245      0.000000000000      0.000000000000
       0.093073019245      0.000000000000      0.000000000000
 rms dE/dt=  7.1167E-02; max dE/dt=  1.2454E-01; dE/dt below (all hartree)
    1       0.124539495628      0.000000000000      0.000000000000
    2      -0.121977833010      0.000000000000      0.000000000000

 cartesian coordinates (angstrom) at end:
    1     -0.55843811546972     0.00000000000000     0.00000000000000
    2      0.55843811546972     0.00000000000000     0.00000000000000

 cartesian forces (hartree/bohr) at end:
    1     -0.01087094598645    -0.00000000000000    -0.00000000000000
    2      0.01087094598645    -0.00000000000000    -0.00000000000000
 frms,max,avg= 6.2763436E-03 1.0870946E-02  -1.130E-04  0.000E+00  0.000E+00 h/b

 cartesian forces (eV/Angstrom) at end:
    1     -0.55900647147461    -0.00000000000000    -0.00000000000000
    2      0.55900647147461    -0.00000000000000    -0.00000000000000
 frms,max,avg= 3.2274254E-01 5.5900647E-01  -5.809E-03  0.000E+00  0.000E+00 e/A
 length scales= 11.338356797314  9.448630664428  9.448630664428 bohr
              =  6.000000000000  5.000000000000  5.000000000000 angstroms
 prteigrs : about to open file t68o_DS1_EIG
 Fermi (or HOMO) energy (hartree) =  -0.18019   Average Vxc (hartree)=  -0.10325
 Eigenvalues (hartree) for nkpt=   1  k points, SPIN UP:
 kpt#   1, nband=  4, wtk=  1.00000, kpt=  0.0000  0.0000  0.0000 (reduced coord)
  -0.56737   -0.25333   -0.18019   -0.18019
 Eigenvalues (hartree) for nkpt=   1  k points, SPIN DOWN:
 kpt#   1, nband=  4, wtk=  1.00000, kpt=  0.0000  0.0000  0.0000 (reduced coord)
  -0.52503   -0.23192   -0.11507   -0.11507

--------------------------------------------------------------------------------
 Components of total free energy (in Hartree) :

    Kinetic energy  =  3.43636773078929E+00
    Hartree energy  =  3.27988034298141E+00
    XC energy       = -2.32680408554343E+00
    Ewald energy    = -1.57698443805340E+00
    PspCore energy  =  2.19670823250266E-02
    Loc. psp. energy= -9.88534264104972E+00
    Spherical terms =  9.58655181577772E-01
    >>>>>>>>> Etotal= -6.09226082697306E+00

 "Double-counting" decomposition of free energy:
    Band energy     = -1.75784230075170E+00
    Ewald energy    = -1.57698443805340E+00
    PspCore energy  =  2.19670823250266E-02
    Dble-C XC-energy= -3.17554178536560E+00
    Spherical terms =  4.04698285796670E-01
    >>>> Etotal (DC)= -6.08370315604901E+00

  >Total energy in eV           = -1.65778847938005E+02
  >Total DC energy in eV        = -1.65545981869543E+02
--------------------------------------------------------------------------------
 rms coord change=  3.4274E-04   atom, delta coord (reduced):
     1        0.000593647422      0.000000000000      0.000000000000
     2       -0.000593647422      0.000000000000      0.000000000000

== END DATASET(S) ==============================================================
================================================================================
  
 -outvars: echo values of variables after computation  --------
            acell      1.1338356797E+01  9.4486306644E+00  9.4486306644E+00 Bohr
              amu      1.20110000E+01  1.00794000E+00
           diemac      1.00000000E+00
           diemix      5.00000000E-01
             ecut      1.50000000E+01 Hartree
           etotal1    -6.0837031560E+00
            fcart1    -1.0870945986E-02 -0.0000000000E+00 -0.0000000000E+00
                       1.0870945986E-02 -0.0000000000E+00 -0.0000000000E+00
-          fftalg         312
           ionmov           2
           istwfk        1
              ixc     -101130
           jdtset        1
         kptrlatt        1    0    0      0    1    0      0    0    1
          kptrlen      9.44863066E+00
P           mkmem           1
            natom           2
            nband           4
           ndtset           1
            ngfft          40      36      36
          ngfftdg          64      54      54
             nkpt           1
           nspden           2
           nsppol           2
            nstep           2
             nsym           8
            ntime           2
           ntypat           2
              occ      1.000000  1.000000  1.000000  0.000000
                       1.000000  1.000000  0.000000  0.000000
        optforces           1
        optstress           0
        pawecutdg      3.50000000E+01 Hartree
          pawovlp      1.0000000000E+01
          spgroup          99
   spinmagntarget      1.00000000E+00
           strten1     9.9999999999E+99  9.9999999999E+99  9.9999999999E+99
                       9.9999999999E+99  9.9999999999E+99  9.9999999999E+99
           symrel      1  0  0   0  1  0   0  0  1       1  0  0   0  1  0   0  0 -1
                       1  0  0   0 -1  0   0  0 -1       1  0  0   0 -1  0   0  0  1
                       1  0  0   0  0  1   0  1  0       1  0  0   0  0  1   0 -1  0
                       1  0  0   0  0 -1   0 -1  0       1  0  0   0  0 -1   0  1  0
           tolrff      2.00000000E-02
            typat      1  2
           useylm           1
           xangst     -5.5843811547E-01  0.0000000000E+00  0.0000000000E+00
                       5.5843811547E-01  0.0000000000E+00  0.0000000000E+00
            xcart     -1.0552951004E+00  0.0000000000E+00  0.0000000000E+00
                       1.0552951004E+00  0.0000000000E+00  0.0000000000E+00
             xred     -9.3073019245E-02  0.0000000000E+00  0.0000000000E+00
                       9.3073019245E-02  0.0000000000E+00  0.0000000000E+00
            znucl        6.00000    1.00000

================================================================================


- Timing analysis has been suppressed with timopt=0



================================================================================

 Suggested references for the acknowledgment of ABINIT usage.

 The users of ABINIT have little formal obligations with respect to the ABINIT group
 (those specified in the GNU General Public License, http://www.gnu.org/copyleft/gpl.txt).
 However, it is common practice in the scientific literature,
 to acknowledge the efforts of people that have made the research possible.
 In this spirit, please find below suggested citations of work written by ABINIT developers,
 corresponding to implementations inside of ABINIT that you have used in the present run.
 Note also that it will be of great value to readers of publications presenting these results,
 to read papers enabling them to understand the theoretical formalism and details
 of the ABINIT implementation.
 For information on why they are suggested, see also http://www.abinit.org/about/?text=acknowledgments.
-
- [1] Implementation of the Projector Augmented-Wave Method in the ABINIT code.
- M. Torrent, F. Jollet, F. Bottin, G. Zerah, and X. Gonze Comput. Mat. Science 42, 337, (2008).
- Comment : PAW calculations. Strong suggestion to cite this paper.
-
- [2] Libxc: A library of exchange and correlation functionals for density functional theory.
- M.A.L. Marques, M.J.T. Oliveira, T. Burnus, Computer Physics Communications 183, 2227 (2012).
- Comment : to be cited when LibXC is used (negative value of ixc)
- Strong suggestion to cite this paper.
-
- [3] Recent developments in the ABINIT software package.
- Computer Phys. Comm. 205, 106 (2016).
- X.Gonze, F.Jollet, F.Abreu Araujo, D.Adams, B.Amadon, T.Applencourt,
- C.Audouze, J.-M.Beuken, J.Bieder, A.Bokhanchuk, E.Bousquet, F.Bruneval
- D.Caliste, M.Cote, F.Dahm, F.Da Pieve, M.Delaveau, M.Di Gennaro,
- B.Dorado, C.Espejo, G.Geneste, L.Genovese, A.Gerossier, M.Giantomassi,
- Y.Gillet, D.R.Hamann, L.He, G.Jomard, J.Laflamme Janssen, S.Le Roux,
- A.Levitt, A.Lherbier, F.Liu, I.Lukacevic, A.Martin, C.Martins,
- M.J.T.Oliveira, S.Ponce, Y.Pouillon, T.Rangel, G.-M.Rignanese,
- A.H.Romero, B.Rousseau, O.Rubel, A.A.Shukri, M.Stankovski, M.Torrent,
- M.J.Van Setten, B.Van Troeye, M.J.Verstraete, D.Waroquier, J.Wiktor,
- B.Xue, A.Zhou, J.W.Zwanziger.
- Comment : the fourth generic paper describing the ABINIT project.
- Note that a version of this paper, that is not formatted for Computer Phys. Comm. 
- is available at http://www.abinit.org/about/ABINIT16.pdf .
- The licence allows the authors to put it on the Web.
-
- [4] ABINIT : First-principles approach of materials and nanosystem properties.
- Computer Phys. Comm. 180, 2582-2615 (2009).
- X. Gonze, B. Amadon, P.-M. Anglade, J.-M. Beuken, F. Bottin, P. Boulanger, F. Bruneval,
- D. Caliste, R. Caracas, M. Cote, T. Deutsch, L. Genovese, Ph. Ghosez, M. Giantomassi
- S. Goedecker, D.R. Hamann, P. Hermet, F. Jollet, G. Jomard, S. Leroux, M. Mancini, S. Mazevet,
- M.J.T. Oliveira, G. Onida, Y. Pouillon, T. Rangel, G.-M. Rignanese, D. Sangalli, R. Shaltaf,
- M. Torrent, M.J. Verstraete, G. Zerah, J.W. Zwanziger
- Comment : the third generic paper describing the ABINIT project.
- Note that a version of this paper, that is not formatted for Computer Phys. Comm. 
- is available at http://www.abinit.org/about/ABINIT_CPC_v10.pdf .
- The licence allows the authors to put it on the Web.
-
- [5] A brief introduction to the ABINIT software package.
- Z. Kristallogr. 220, 558-562 (2005).
- X. Gonze, G.-M. Rignanese, M. Verstraete, J.-M. Beuken, Y. Pouillon, R. Caracas, F. Jollet,
- M. Torrent, G. Zerah, M. Mikami, Ph. Ghosez, M. Veithen, J.-Y. Raty, V. Olevano, F. Bruneval,
- L. Reining, R. Godby, G. Onida, D.R. Hamann, and D.C. Allan.
- Comment : the second generic paper describing the ABINIT project. Note that this paper
- should be cited especially if you are using the GW part of ABINIT, as several authors
- of this part are not in the list of authors of the first or third paper.
- The .pdf of the latter paper is available at http://www.abinit.org/about/zfk_0505-06_558-562.pdf.
- Note that it should not redistributed (Copyright by Oldenburg Wissenshaftverlag,
- the licence allows the authors to put it on the Web).
-
- Proc.   0 individual time (sec): cpu=          5.1  wall=          5.3

================================================================================

 Calculation completed.
.Delivered   8 WARNINGs and   2 COMMENTs to log file.
+Overall time at end (sec) : cpu=          5.1  wall=          5.3
