
.Version 8.7.3 of ABINIT 
.(MPI version, prepared for a x86_64_linux_gnu6.3 computer) 

.Copyright (C) 1998-2017 ABINIT group . 
 ABINIT comes with ABSOLUTELY NO WARRANTY.
 It is free software, and you are welcome to redistribute it
 under certain conditions (GNU General Public License,
 see ~abinit/COPYING or http://www.gnu.org/copyleft/gpl.txt).

 ABINIT is a project of the Universite Catholique de Louvain,
 Corning Inc. and other collaborators, see ~abinit/doc/developers/contributors.txt .
 Please read ~abinit/doc/users/acknowledgments.html for suggested
 acknowledgments of the ABINIT effort.
 For more information, see https://www.abinit.org .

.Starting date : Mon  8 Jan 2018.
- ( at 15h48 )
  
- input  file    -> t72.in
- output file    -> t72.out
- root for input  files -> t72i
- root for output files -> t72o


 DATASET    1 : space group Fd -3 m (#227); Bravais cF (face-center cubic)
================================================================================
 Values of the parameters that define the memory need for DATASET  1.
     intxc =       0    ionmov =       0      iscf =       7    lmnmax =       3
     lnmax =       3     mgfft =      16  mpssoang =       2    mqgrid =    3001
     natom =       2  nloc_mem =       1    nspden =       1   nspinor =       1
    nsppol =       1      nsym =      48    n1xccc =       0    ntypat =       1
    occopt =       1   xclevel =       1
-    mband =           4        mffmem =           1         mkmem =           4
       mpw =         194          nfft =        4096          nkpt =           4
================================================================================
P This job should need less than                       1.680 Mbytes of memory.
  Rough estimation (10% accuracy) of disk space for files :
_ WF disk file :      0.049 Mbytes ; DEN or POT disk file :      0.033 Mbytes.
================================================================================


 DATASET    2 : space group Fd -3 m (#227); Bravais cF (face-center cubic)
================================================================================
 Values of the parameters that define the memory need for DATASET  2.
     intxc =       0    ionmov =       0      iscf =       7    lmnmax =       3
     lnmax =       3     mgfft =      16  mpssoang =       2    mqgrid =    3001
     natom =       2  nloc_mem =       1    nspden =       1   nspinor =       1
    nsppol =       1      nsym =      48    n1xccc =       0    ntypat =       1
    occopt =       1   xclevel =       0
-    mband =           4        mffmem =           1         mkmem =           4
       mpw =         194          nfft =        4096          nkpt =           4
================================================================================
P This job should need less than                       1.680 Mbytes of memory.
  Rough estimation (10% accuracy) of disk space for files :
_ WF disk file :      0.049 Mbytes ; DEN or POT disk file :      0.033 Mbytes.
================================================================================

--------------------------------------------------------------------------------
------------- Echo of variables that govern the present computation ------------
--------------------------------------------------------------------------------
-
- outvars: echo of selected default values                                      
-   iomode0 =  0 , fftalg0 =312 , wfoptalg0 =  0
-
- outvars: echo of global parameters not present in the input file              
-  max_nthreads =    1
-
 -outvars: echo values of preprocessed input variables --------
            acell      1.0217000000E+01  1.0217000000E+01  1.0217000000E+01 Bohr
              amu      2.80855000E+01
           diemac      2.00000000E+00
             ecut      6.00000000E+00 Hartree
-          fftalg         312
       fockoptmix         601
 fockdownsampling1          1       1       1
 fockdownsampling2          0       0       0
           getwfk1          0
           getwfk2         -1
           istwfk1       2    0    0    0
           istwfk2       1    0    0    0
              ixc1          1
              ixc2         40
           jdtset        1    2
              kpt      0.00000000E+00  0.00000000E+00  0.00000000E+00
                       3.33333333E-01  0.00000000E+00  0.00000000E+00
                       3.33333333E-01  3.33333333E-01  0.00000000E+00
                      -3.33333333E-01  3.33333333E-01  0.00000000E+00
         kptns_hf2     0.00000000E+00  0.00000000E+00  0.00000000E+00
         kptrlatt        3    0    0      0    3    0      0    0    3
          kptrlen      2.16735300E+01
P           mkmem           4
            natom           2
            nband           4
          nbandhf           4
           ndtset           2
            ngfft          16      16      16
             nkpt           4
           nkpthf1         27
           nkpthf2          1
         nnsclohf1          0
         nnsclohf2          4
            nstep          36
             nsym          48
           ntypat           1
              occ      2.000000  2.000000  2.000000  2.000000
            rprim      0.0000000000E+00  5.0000000000E-01  5.0000000000E-01
                       5.0000000000E-01  0.0000000000E+00  5.0000000000E-01
                       5.0000000000E-01  5.0000000000E-01  0.0000000000E+00
          spgroup         227
           symrel      1  0  0   0  1  0   0  0  1      -1  0  0   0 -1  0   0  0 -1
                       0 -1  1   0 -1  0   1 -1  0       0  1 -1   0  1  0  -1  1  0
                      -1  0  0  -1  0  1  -1  1  0       1  0  0   1  0 -1   1 -1  0
                       0  1 -1   1  0 -1   0  0 -1       0 -1  1  -1  0  1   0  0  1
                      -1  0  0  -1  1  0  -1  0  1       1  0  0   1 -1  0   1  0 -1
                       0 -1  1   1 -1  0   0 -1  0       0  1 -1  -1  1  0   0  1  0
                       1  0  0   0  0  1   0  1  0      -1  0  0   0  0 -1   0 -1  0
                       0  1 -1   0  0 -1   1  0 -1       0 -1  1   0  0  1  -1  0  1
                      -1  0  1  -1  1  0  -1  0  0       1  0 -1   1 -1  0   1  0  0
                       0 -1  0   1 -1  0   0 -1  1       0  1  0  -1  1  0   0  1 -1
                       1  0 -1   0  0 -1   0  1 -1      -1  0  1   0  0  1   0 -1  1
                       0  1  0   0  0  1   1  0  0       0 -1  0   0  0 -1  -1  0  0
                       1  0 -1   0  1 -1   0  0 -1      -1  0  1   0 -1  1   0  0  1
                       0 -1  0   0 -1  1   1 -1  0       0  1  0   0  1 -1  -1  1  0
                      -1  0  1  -1  0  0  -1  1  0       1  0 -1   1  0  0   1 -1  0
                       0  1  0   1  0  0   0  0  1       0 -1  0  -1  0  0   0  0 -1
                       0  0 -1   0  1 -1   1  0 -1       0  0  1   0 -1  1  -1  0  1
                       1 -1  0   0 -1  1   0 -1  0      -1  1  0   0  1 -1   0  1  0
                       0  0  1   1  0  0   0  1  0       0  0 -1  -1  0  0   0 -1  0
                      -1  1  0  -1  0  0  -1  0  1       1 -1  0   1  0  0   1  0 -1
                       0  0  1   0  1  0   1  0  0       0  0 -1   0 -1  0  -1  0  0
                       1 -1  0   0 -1  0   0 -1  1      -1  1  0   0  1  0   0  1 -1
                       0  0 -1   1  0 -1   0  1 -1       0  0  1  -1  0  1   0 -1  1
                      -1  1  0  -1  0  1  -1  0  0       1 -1  0   1  0 -1   1  0  0
            tnons      0.0000000  0.0000000  0.0000000     0.2500000  0.2500000  0.2500000
                       0.0000000  0.0000000  0.0000000     0.2500000  0.2500000  0.2500000
                       0.0000000  0.0000000  0.0000000     0.2500000  0.2500000  0.2500000
                       0.0000000  0.0000000  0.0000000     0.2500000  0.2500000  0.2500000
                       0.0000000  0.0000000  0.0000000     0.2500000  0.2500000  0.2500000
                       0.0000000  0.0000000  0.0000000     0.2500000  0.2500000  0.2500000
                       0.0000000  0.0000000  0.0000000     0.2500000  0.2500000  0.2500000
                       0.0000000  0.0000000  0.0000000     0.2500000  0.2500000  0.2500000
                       0.0000000  0.0000000  0.0000000     0.2500000  0.2500000  0.2500000
                       0.0000000  0.0000000  0.0000000     0.2500000  0.2500000  0.2500000
                       0.0000000  0.0000000  0.0000000     0.2500000  0.2500000  0.2500000
                       0.0000000  0.0000000  0.0000000     0.2500000  0.2500000  0.2500000
                       0.0000000  0.0000000  0.0000000     0.2500000  0.2500000  0.2500000
                       0.0000000  0.0000000  0.0000000     0.2500000  0.2500000  0.2500000
                       0.0000000  0.0000000  0.0000000     0.2500000  0.2500000  0.2500000
                       0.0000000  0.0000000  0.0000000     0.2500000  0.2500000  0.2500000
                       0.0000000  0.0000000  0.0000000     0.2500000  0.2500000  0.2500000
                       0.0000000  0.0000000  0.0000000     0.2500000  0.2500000  0.2500000
                       0.0000000  0.0000000  0.0000000     0.2500000  0.2500000  0.2500000
                       0.0000000  0.0000000  0.0000000     0.2500000  0.2500000  0.2500000
                       0.0000000  0.0000000  0.0000000     0.2500000  0.2500000  0.2500000
                       0.0000000  0.0000000  0.0000000     0.2500000  0.2500000  0.2500000
                       0.0000000  0.0000000  0.0000000     0.2500000  0.2500000  0.2500000
                       0.0000000  0.0000000  0.0000000     0.2500000  0.2500000  0.2500000
           toldfe1     0.00000000E+00 Hartree
           toldfe2     1.00000000E-12 Hartree
           tolwfr1     1.00000000E-18
           tolwfr2     0.00000000E+00
            typat      1  1
          usefock1          0
          usefock2          1
            wfmix      1.30000000E+00
              wtk        0.03704    0.29630    0.22222    0.44444
           xangst      0.0000000000E+00  0.0000000000E+00  0.0000000000E+00
                       1.3516508850E+00  1.3516508850E+00  1.3516508850E+00
            xcart      0.0000000000E+00  0.0000000000E+00  0.0000000000E+00
                       2.5542500000E+00  2.5542500000E+00  2.5542500000E+00
             xred      0.0000000000E+00  0.0000000000E+00  0.0000000000E+00
                       2.5000000000E-01  2.5000000000E-01  2.5000000000E-01
            znucl       14.00000

================================================================================

 chkinp: Checking input parameters for consistency, jdtset=   1.

 chkinp: Checking input parameters for consistency, jdtset=   2.

================================================================================
== DATASET  1 ==================================================================
-   nproc =    1

 Exchange-correlation functional for the present dataset will be:
  LDA: new Teter (4/93) with spin-polarized option - ixc=1
 Citation for XC functional:
  S. Goedecker, M. Teter, J. Huetter, PRB 54, 1703 (1996)

 Real(R)+Recip(G) space primitive vectors, cartesian coordinates (Bohr,Bohr^-1):
 R(1)=  0.0000000  5.1085000  5.1085000  G(1)= -0.0978761  0.0978761  0.0978761
 R(2)=  5.1085000  0.0000000  5.1085000  G(2)=  0.0978761 -0.0978761  0.0978761
 R(3)=  5.1085000  5.1085000  0.0000000  G(3)=  0.0978761  0.0978761 -0.0978761
 Unit cell volume ucvol=  2.6663072E+02 bohr^3
 Angles (23,13,12)=  6.00000000E+01  6.00000000E+01  6.00000000E+01 degrees

 getcut: wavevector=  0.0000  0.0000  0.0000  ngfft=  16  16  16
         ecut(hartree)=      6.000   => boxcut(ratio)=   2.00850

--- Pseudopotential description ------------------------------------------------
- pspini: atom type   1  psp file is ../Psps_for_tests/14si.pspgth
- pspatm: opening atomic psp file    ../Psps_for_tests/14si.pspgth
- Goedecker-Teter-Hutter  Fri May 31 17:22:04 EDT 1996
- 14.00000   4.00000    960531                znucl, zion, pspdat
    2    1    1    0      2001   0.00000      pspcod,pspxc,lmax,lloc,mmax,r2well
 rloc=   0.4400000
  cc1=  -6.9136286; cc2=   0.0000000; cc3=   0.0000000; cc4=   0.0000000
  rrs=   0.4243338; h1s=   3.2081318; h2s=   2.5888808
  rrp=   0.4853587; h1p=   2.6562230
-  Local part computed in reciprocal space.

 pspatm : COMMENT -
  the projectors are not normalized,
  so that the KB energies are not consistent with 
  definition in PRB44, 8503 (1991). 
  However, this does not influence the results obtained hereafter.
  pspatm : epsatm=   -4.40972757
         --- l  ekb(1:nproj) -->
             0    0.868920    0.186986
             1    0.169080
 pspatm: atomic psp has been read  and splines computed

  -7.05556411E+01                                ecore*ucvol(ha*bohr**3)
--------------------------------------------------------------------------------

_setup2: Arith. and geom. avg. npw (full set) are     186.259     186.184

================================================================================

     iter   Etot(hartree)      deltaE(h)  residm     vres2
 ETOT  1  -7.8589110390250    -7.859E+00 1.725E-02 3.552E+00
 ETOT  2  -7.8673174600967    -8.406E-03 7.229E-08 9.241E-03
 ETOT  3  -7.8673323286829    -1.487E-05 2.838E-08 3.991E-04
 ETOT  4  -7.8673326447239    -3.160E-07 1.118E-09 4.937E-07
 ETOT  5  -7.8673326453040    -5.801E-10 6.197E-13 2.649E-09
 ETOT  6  -7.8673326453076    -3.615E-12 8.946E-15 4.977E-12
 ETOT  7  -7.8673326453076    -4.530E-14 1.332E-17 1.154E-15
 ETOT  8  -7.8673326453077    -7.994E-15 9.768E-19 4.888E-17

 At SCF step    8   max residual=  9.77E-19 < tolwfr=  1.00E-18 =>converged.

 Cartesian components of stress tensor (hartree/bohr^3)
  sigma(1 1)=  1.12690202E-04  sigma(3 2)=  0.00000000E+00
  sigma(2 2)=  1.12690202E-04  sigma(3 1)=  0.00000000E+00
  sigma(3 3)=  1.12690202E-04  sigma(2 1)=  0.00000000E+00

 Integrated electronic density in atomic spheres:
 ------------------------------------------------
 Atom  Sphere_radius  Integrated_density
    1        2.00000          1.84823550
    2        2.00000          1.84823550
================================================================================

 ----iterations are completed or convergence reached----

 Mean square residual over all n,k,spin=   3.9617E-19; max=  9.7675E-19
 reduced coordinates (array xred) for    2 atoms
       0.000000000000      0.000000000000      0.000000000000
       0.250000000000      0.250000000000      0.250000000000
 rms dE/dt=  0.0000E+00; max dE/dt=  0.0000E+00; dE/dt below (all hartree)
    1       0.000000000000      0.000000000000      0.000000000000
    2       0.000000000000      0.000000000000      0.000000000000

 cartesian coordinates (angstrom) at end:
    1      0.00000000000000     0.00000000000000     0.00000000000000
    2      1.35165088504101     1.35165088504101     1.35165088504101

 cartesian forces (hartree/bohr) at end:
    1     -0.00000000000000    -0.00000000000000    -0.00000000000000
    2     -0.00000000000000    -0.00000000000000    -0.00000000000000
 frms,max,avg= 0.0000000E+00 0.0000000E+00   0.000E+00  0.000E+00  0.000E+00 h/b

 cartesian forces (eV/Angstrom) at end:
    1     -0.00000000000000    -0.00000000000000    -0.00000000000000
    2     -0.00000000000000    -0.00000000000000    -0.00000000000000
 frms,max,avg= 0.0000000E+00 0.0000000E+00   0.000E+00  0.000E+00  0.000E+00 e/A
 length scales= 10.217000000000 10.217000000000 10.217000000000 bohr
              =  5.406603540164  5.406603540164  5.406603540164 angstroms
 prteigrs : about to open file t72o_DS1_EIG
 Fermi (or HOMO) energy (hartree) =   0.26684   Average Vxc (hartree)=  -0.33626
 Eigenvalues (hartree) for nkpt=   4  k points:
 kpt#   1, nband=  4, wtk=  0.03704, kpt=  0.0000  0.0000  0.0000 (reduced coord)
  -0.17163    0.26684    0.26684    0.26684
 prteigrs : prtvol=0 or 1, do not print more k-points.


--------------------------------------------------------------------------------
 Components of total free energy (in Hartree) :

    Kinetic energy  =  3.10948160277239E+00
    Hartree energy  =  5.58262528659067E-01
    XC energy       = -2.40661988704300E+00
    Ewald energy    = -8.43581958561899E+00
    PspCore energy  = -2.64619322653027E-01
    Loc. psp. energy= -2.25612450809933E+00
    NL   psp  energy=  1.82810652667523E+00
    >>>>>>>>> Etotal= -7.86733264530766E+00

 Other information on the energy :
    Total energy(eV)= -2.14081008565776E+02 ; Band energy (Ha)=   6.5917941315E-01
--------------------------------------------------------------------------------

 Cartesian components of stress tensor (hartree/bohr^3)
  sigma(1 1)=  1.12690202E-04  sigma(3 2)=  0.00000000E+00
  sigma(2 2)=  1.12690202E-04  sigma(3 1)=  0.00000000E+00
  sigma(3 3)=  1.12690202E-04  sigma(2 1)=  0.00000000E+00

-Cartesian components of stress tensor (GPa)         [Pressure= -3.3155E+00 GPa]
- sigma(1 1)=  3.31545965E+00  sigma(3 2)=  0.00000000E+00
- sigma(2 2)=  3.31545965E+00  sigma(3 1)=  0.00000000E+00
- sigma(3 3)=  3.31545965E+00  sigma(2 1)=  0.00000000E+00

================================================================================
== DATASET  2 ==================================================================
-   nproc =    1

 mkfilename : getwfk/=0, take file _WFK from output of DATASET   1.

 Exchange-correlation functional for the present dataset will be:
  Hartree-Fock with mixing coefficient alpha=1

 Real(R)+Recip(G) space primitive vectors, cartesian coordinates (Bohr,Bohr^-1):
 R(1)=  0.0000000  5.1085000  5.1085000  G(1)= -0.0978761  0.0978761  0.0978761
 R(2)=  5.1085000  0.0000000  5.1085000  G(2)=  0.0978761 -0.0978761  0.0978761
 R(3)=  5.1085000  5.1085000  0.0000000  G(3)=  0.0978761  0.0978761 -0.0978761
 Unit cell volume ucvol=  2.6663072E+02 bohr^3
 Angles (23,13,12)=  6.00000000E+01  6.00000000E+01  6.00000000E+01 degrees

 getcut: wavevector=  0.0000  0.0000  0.0000  ngfft=  16  16  16
         ecut(hartree)=      6.000   => boxcut(ratio)=   2.00850

--- Pseudopotential description ------------------------------------------------
- pspini: atom type   1  psp file is ../Psps_for_tests/14si.pspgth
- pspatm: opening atomic psp file    ../Psps_for_tests/14si.pspgth
- Goedecker-Teter-Hutter  Fri May 31 17:22:04 EDT 1996
- 14.00000   4.00000    960531                znucl, zion, pspdat
    2    1    1    0      2001   0.00000      pspcod,pspxc,lmax,lloc,mmax,r2well
 rloc=   0.4400000
  cc1=  -6.9136286; cc2=   0.0000000; cc3=   0.0000000; cc4=   0.0000000
  rrs=   0.4243338; h1s=   3.2081318; h2s=   2.5888808
  rrp=   0.4853587; h1p=   2.6562230
-  Local part computed in reciprocal space.

 pspatm : COMMENT -
  the projectors are not normalized,
  so that the KB energies are not consistent with 
  definition in PRB44, 8503 (1991). 
  However, this does not influence the results obtained hereafter.
  pspatm : epsatm=   -4.40972757
         --- l  ekb(1:nproj) -->
             0    0.868920    0.186986
             1    0.169080
 pspatm: atomic psp has been read  and splines computed

--------------------------------------------------------------------------------

-inwffil : will read wavefunctions from disk file t72o_DS1_WFK
_setup2: Arith. and geom. avg. npw (full set) are     186.259     186.184

================================================================================

     iter   Etot(hartree)      deltaE(h)  residm     vres2
 ETOT  1  -7.4555805837669    -7.456E+00 5.323E-08 6.222E+00
 ETOT  2  -7.4878878566219    -3.231E-02 1.194E-09 6.698E-02
 ETOT  3  -7.4823849365341     5.503E-03 1.797E-07 2.253E-04
 ETOT  4  -7.4853386506097    -2.954E-03 3.611E-10 5.218E-08
 ETOT  5  -7.4756420044379     9.697E-03 3.674E-06 4.535E-01
 ETOT  6  -7.4953945326968    -1.975E-02 9.145E-07 5.010E-03
 ETOT  7  -7.4853913620705     1.000E-02 1.282E-08 1.656E-05
 ETOT  8  -7.4863046640222    -9.133E-04 2.849E-11 1.020E-08
 ETOT  9  -7.4849865649936     1.318E-03 5.130E-07 4.159E-04
 ETOT 10  -7.4862966118772    -1.310E-03 7.131E-10 9.011E-07
 ETOT 11  -7.4864014744032    -1.049E-04 1.903E-12 1.061E-08
 ETOT 12  -7.4863904289286     1.105E-05 1.412E-14 2.476E-11
 ETOT 13  -7.4862733392461     1.171E-04 6.014E-07 3.803E-05
 ETOT 14  -7.4861208673767     1.525E-04 5.762E-11 7.305E-08
 ETOT 15  -7.4861136220638     7.245E-06 9.279E-14 3.160E-10
 ETOT 16  -7.4861158886698    -2.267E-06 5.100E-16 8.679E-12
 ETOT 17  -7.4860220927734     9.380E-05 6.333E-07 4.459E-06
 ETOT 18  -7.4860709719706    -4.888E-05 7.838E-12 1.694E-08
 ETOT 19  -7.4860902036820    -1.923E-05 3.872E-14 3.364E-10
 ETOT 20  -7.4860883516264     1.852E-06 4.129E-16 2.241E-13
 ETOT 21  -7.4860739687229     1.438E-05 6.427E-07 3.671E-07
 ETOT 22  -7.4860649252089     9.044E-06 5.881E-13 5.271E-10
 ETOT 23  -7.4860682311675    -3.306E-06 1.330E-15 1.904E-11
 ETOT 24  -7.4860679415289     2.896E-07 2.799E-17 2.638E-14
 ETOT 25  -7.4860681587795    -2.173E-07 6.426E-07 3.126E-09
 ETOT 26  -7.4860658778872     2.281E-06 5.785E-15 1.658E-11
 ETOT 27  -7.4860664734210    -5.955E-07 3.563E-17 1.969E-13
 ETOT 28  -7.4860664166128     5.681E-08 2.413E-19 8.240E-17
 ETOT 29  -7.4860666517559    -2.351E-07 6.425E-07 5.288E-11
 ETOT 30  -7.4860662141104     4.376E-07 1.084E-16 6.509E-13
 ETOT 31  -7.4860663243508    -1.102E-07 1.622E-18 1.130E-15
 ETOT 32  -7.4860663143553     9.996E-09 1.170E-21 1.159E-18
 ETOT 33  -7.4860663160146    -1.659E-09 6.425E-07 3.340E-12
 ETOT 34  -7.4860662661471     4.987E-08 9.417E-18 4.147E-14
 ETOT 35  -7.4860662937167    -2.757E-08 7.956E-20 6.617E-17
 ETOT 36  -7.4860662912206     2.496E-09 8.916E-23 5.553E-20

 Cartesian components of stress tensor (hartree/bohr^3)
  sigma(1 1)= -3.00419929E-04  sigma(3 2)=  0.00000000E+00
  sigma(2 2)= -3.00419929E-04  sigma(3 1)=  0.00000000E+00
  sigma(3 3)= -3.00419929E-04  sigma(2 1)=  0.00000000E+00


 scprqt:  WARNING -
  nstep=   36 was not enough SCF cycles to converge;
  maximum energy difference=  2.496E-09 exceeds toldfe=  1.000E-12

 Integrated electronic density in atomic spheres:
 ------------------------------------------------
 Atom  Sphere_radius  Integrated_density
    1        2.00000          1.93156983
    2        2.00000          1.93156983
================================================================================

 ----iterations are completed or convergence reached----

 Mean square residual over all n,k,spin=   2.9616E-23; max=  8.9160E-23
 reduced coordinates (array xred) for    2 atoms
       0.000000000000      0.000000000000      0.000000000000
       0.250000000000      0.250000000000      0.250000000000
 rms dE/dt=  0.0000E+00; max dE/dt=  0.0000E+00; dE/dt below (all hartree)
    1       0.000000000000      0.000000000000      0.000000000000
    2       0.000000000000      0.000000000000      0.000000000000

 cartesian coordinates (angstrom) at end:
    1      0.00000000000000     0.00000000000000     0.00000000000000
    2      1.35165088504101     1.35165088504101     1.35165088504101

 cartesian forces (hartree/bohr) at end:
    1     -0.00000000000000    -0.00000000000000    -0.00000000000000
    2     -0.00000000000000    -0.00000000000000    -0.00000000000000
 frms,max,avg= 0.0000000E+00 0.0000000E+00   0.000E+00  0.000E+00  0.000E+00 h/b

 cartesian forces (eV/Angstrom) at end:
    1     -0.00000000000000    -0.00000000000000    -0.00000000000000
    2     -0.00000000000000    -0.00000000000000    -0.00000000000000
 frms,max,avg= 0.0000000E+00 0.0000000E+00   0.000E+00  0.000E+00  0.000E+00 e/A
 length scales= 10.217000000000 10.217000000000 10.217000000000 bohr
              =  5.406603540164  5.406603540164  5.406603540164 angstroms
 prteigrs : about to open file t72o_DS2_EIG
 Fermi (or HOMO) energy (hartree) =   0.11601   Average Vxc (hartree)=   0.00000
 Eigenvalues (hartree) for nkpt=   4  k points:
 kpt#   1, nband=  4, wtk=  0.03704, kpt=  0.0000  0.0000  0.0000 (reduced coord)
  -0.36871    0.11601    0.11601    0.11601
 prteigrs : prtvol=0 or 1, do not print more k-points.


--------------------------------------------------------------------------------
 Components of total free energy (in Hartree) :

    Kinetic energy  =  3.50470907872273E+00
    Hartree energy  =  7.80872462865240E-01
    XC energy       = -2.26151786212812E+00
    Ewald energy    = -8.43581958561899E+00
    PspCore energy  = -2.64619322653027E-01
    Loc. psp. energy= -2.52883469338072E+00
    NL   psp  energy=  1.71914363097227E+00
    >>>>>>>>> Etotal= -7.48606629122062E+00

 "Double-counting" decomposition of free energy:
    Band energy     = -2.66272782295371E-01
    Ewald energy    = -8.43581958561899E+00
    PspCore energy  = -2.64619322653027E-01
    Dble-C XC-energy=  1.48064539926288E+00
    >>>> Etotal (DC)= -7.48606629130451E+00
--------------------------------------------------------------------------------

 Cartesian components of stress tensor (hartree/bohr^3)
  sigma(1 1)= -3.00419929E-04  sigma(3 2)=  0.00000000E+00
  sigma(2 2)= -3.00419929E-04  sigma(3 1)=  0.00000000E+00
  sigma(3 3)= -3.00419929E-04  sigma(2 1)=  0.00000000E+00

-Cartesian components of stress tensor (GPa)         [Pressure=  8.8387E+00 GPa]
- sigma(1 1)= -8.83865799E+00  sigma(3 2)=  0.00000000E+00
- sigma(2 2)= -8.83865799E+00  sigma(3 1)=  0.00000000E+00
- sigma(3 3)= -8.83865799E+00  sigma(2 1)=  0.00000000E+00

== END DATASET(S) ==============================================================
================================================================================
  
 -outvars: echo values of variables after computation  --------
            acell      1.0217000000E+01  1.0217000000E+01  1.0217000000E+01 Bohr
              amu      2.80855000E+01
           diemac      2.00000000E+00
             ecut      6.00000000E+00 Hartree
           etotal1    -7.8673326453E+00
           etotal2    -7.4860662912E+00
            fcart1    -0.0000000000E+00 -0.0000000000E+00 -0.0000000000E+00
                      -0.0000000000E+00 -0.0000000000E+00 -0.0000000000E+00
            fcart2    -0.0000000000E+00 -0.0000000000E+00 -0.0000000000E+00
                      -0.0000000000E+00 -0.0000000000E+00 -0.0000000000E+00
-          fftalg         312
       fockoptmix         601
 fockdownsampling1          1       1       1
 fockdownsampling2          0       0       0
           getwfk1          0
           getwfk2         -1
           istwfk1       2    0    0    0
           istwfk2       1    0    0    0
              ixc1          1
              ixc2         40
           jdtset        1    2
              kpt      0.00000000E+00  0.00000000E+00  0.00000000E+00
                       3.33333333E-01  0.00000000E+00  0.00000000E+00
                       3.33333333E-01  3.33333333E-01  0.00000000E+00
                      -3.33333333E-01  3.33333333E-01  0.00000000E+00
         kptns_hf2     0.00000000E+00  0.00000000E+00  0.00000000E+00
         kptrlatt        3    0    0      0    3    0      0    0    3
          kptrlen      2.16735300E+01
P           mkmem           4
            natom           2
            nband           4
          nbandhf           4
           ndtset           2
            ngfft          16      16      16
             nkpt           4
           nkpthf1         27
           nkpthf2          1
         nnsclohf1          0
         nnsclohf2          4
            nstep          36
             nsym          48
           ntypat           1
              occ      2.000000  2.000000  2.000000  2.000000
            rprim      0.0000000000E+00  5.0000000000E-01  5.0000000000E-01
                       5.0000000000E-01  0.0000000000E+00  5.0000000000E-01
                       5.0000000000E-01  5.0000000000E-01  0.0000000000E+00
          spgroup         227
           strten1     1.1269020196E-04  1.1269020196E-04  1.1269020196E-04
                       0.0000000000E+00  0.0000000000E+00  0.0000000000E+00
           strten2    -3.0041992945E-04 -3.0041992945E-04 -3.0041992945E-04
                       0.0000000000E+00  0.0000000000E+00  0.0000000000E+00
           symrel      1  0  0   0  1  0   0  0  1      -1  0  0   0 -1  0   0  0 -1
                       0 -1  1   0 -1  0   1 -1  0       0  1 -1   0  1  0  -1  1  0
                      -1  0  0  -1  0  1  -1  1  0       1  0  0   1  0 -1   1 -1  0
                       0  1 -1   1  0 -1   0  0 -1       0 -1  1  -1  0  1   0  0  1
                      -1  0  0  -1  1  0  -1  0  1       1  0  0   1 -1  0   1  0 -1
                       0 -1  1   1 -1  0   0 -1  0       0  1 -1  -1  1  0   0  1  0
                       1  0  0   0  0  1   0  1  0      -1  0  0   0  0 -1   0 -1  0
                       0  1 -1   0  0 -1   1  0 -1       0 -1  1   0  0  1  -1  0  1
                      -1  0  1  -1  1  0  -1  0  0       1  0 -1   1 -1  0   1  0  0
                       0 -1  0   1 -1  0   0 -1  1       0  1  0  -1  1  0   0  1 -1
                       1  0 -1   0  0 -1   0  1 -1      -1  0  1   0  0  1   0 -1  1
                       0  1  0   0  0  1   1  0  0       0 -1  0   0  0 -1  -1  0  0
                       1  0 -1   0  1 -1   0  0 -1      -1  0  1   0 -1  1   0  0  1
                       0 -1  0   0 -1  1   1 -1  0       0  1  0   0  1 -1  -1  1  0
                      -1  0  1  -1  0  0  -1  1  0       1  0 -1   1  0  0   1 -1  0
                       0  1  0   1  0  0   0  0  1       0 -1  0  -1  0  0   0  0 -1
                       0  0 -1   0  1 -1   1  0 -1       0  0  1   0 -1  1  -1  0  1
                       1 -1  0   0 -1  1   0 -1  0      -1  1  0   0  1 -1   0  1  0
                       0  0  1   1  0  0   0  1  0       0  0 -1  -1  0  0   0 -1  0
                      -1  1  0  -1  0  0  -1  0  1       1 -1  0   1  0  0   1  0 -1
                       0  0  1   0  1  0   1  0  0       0  0 -1   0 -1  0  -1  0  0
                       1 -1  0   0 -1  0   0 -1  1      -1  1  0   0  1  0   0  1 -1
                       0  0 -1   1  0 -1   0  1 -1       0  0  1  -1  0  1   0 -1  1
                      -1  1  0  -1  0  1  -1  0  0       1 -1  0   1  0 -1   1  0  0
            tnons      0.0000000  0.0000000  0.0000000     0.2500000  0.2500000  0.2500000
                       0.0000000  0.0000000  0.0000000     0.2500000  0.2500000  0.2500000
                       0.0000000  0.0000000  0.0000000     0.2500000  0.2500000  0.2500000
                       0.0000000  0.0000000  0.0000000     0.2500000  0.2500000  0.2500000
                       0.0000000  0.0000000  0.0000000     0.2500000  0.2500000  0.2500000
                       0.0000000  0.0000000  0.0000000     0.2500000  0.2500000  0.2500000
                       0.0000000  0.0000000  0.0000000     0.2500000  0.2500000  0.2500000
                       0.0000000  0.0000000  0.0000000     0.2500000  0.2500000  0.2500000
                       0.0000000  0.0000000  0.0000000     0.2500000  0.2500000  0.2500000
                       0.0000000  0.0000000  0.0000000     0.2500000  0.2500000  0.2500000
                       0.0000000  0.0000000  0.0000000     0.2500000  0.2500000  0.2500000
                       0.0000000  0.0000000  0.0000000     0.2500000  0.2500000  0.2500000
                       0.0000000  0.0000000  0.0000000     0.2500000  0.2500000  0.2500000
                       0.0000000  0.0000000  0.0000000     0.2500000  0.2500000  0.2500000
                       0.0000000  0.0000000  0.0000000     0.2500000  0.2500000  0.2500000
                       0.0000000  0.0000000  0.0000000     0.2500000  0.2500000  0.2500000
                       0.0000000  0.0000000  0.0000000     0.2500000  0.2500000  0.2500000
                       0.0000000  0.0000000  0.0000000     0.2500000  0.2500000  0.2500000
                       0.0000000  0.0000000  0.0000000     0.2500000  0.2500000  0.2500000
                       0.0000000  0.0000000  0.0000000     0.2500000  0.2500000  0.2500000
                       0.0000000  0.0000000  0.0000000     0.2500000  0.2500000  0.2500000
                       0.0000000  0.0000000  0.0000000     0.2500000  0.2500000  0.2500000
                       0.0000000  0.0000000  0.0000000     0.2500000  0.2500000  0.2500000
                       0.0000000  0.0000000  0.0000000     0.2500000  0.2500000  0.2500000
           toldfe1     0.00000000E+00 Hartree
           toldfe2     1.00000000E-12 Hartree
           tolwfr1     1.00000000E-18
           tolwfr2     0.00000000E+00
            typat      1  1
          usefock1          0
          usefock2          1
            wfmix      1.30000000E+00
              wtk        0.03704    0.29630    0.22222    0.44444
           xangst      0.0000000000E+00  0.0000000000E+00  0.0000000000E+00
                       1.3516508850E+00  1.3516508850E+00  1.3516508850E+00
            xcart      0.0000000000E+00  0.0000000000E+00  0.0000000000E+00
                       2.5542500000E+00  2.5542500000E+00  2.5542500000E+00
             xred      0.0000000000E+00  0.0000000000E+00  0.0000000000E+00
                       2.5000000000E-01  2.5000000000E-01  2.5000000000E-01
            znucl       14.00000

================================================================================


- Timing analysis has been suppressed with timopt=0



================================================================================

 Suggested references for the acknowledgment of ABINIT usage.

 The users of ABINIT have little formal obligations with respect to the ABINIT group
 (those specified in the GNU General Public License, http://www.gnu.org/copyleft/gpl.txt).
 However, it is common practice in the scientific literature,
 to acknowledge the efforts of people that have made the research possible.
 In this spirit, please find below suggested citations of work written by ABINIT developers,
 corresponding to implementations inside of ABINIT that you have used in the present run.
 Note also that it will be of great value to readers of publications presenting these results,
 to read papers enabling them to understand the theoretical formalism and details
 of the ABINIT implementation.
 For information on why they are suggested, see also https://www.abinit.org/about/?text=acknowledgments.
-
- [1] Recent developments in the ABINIT software package.
- Computer Phys. Comm. 205, 106 (2016).
- X.Gonze, F.Jollet, F.Abreu Araujo, D.Adams, B.Amadon, T.Applencourt,
- C.Audouze, J.-M.Beuken, J.Bieder, A.Bokhanchuk, E.Bousquet, F.Bruneval
- D.Caliste, M.Cote, F.Dahm, F.Da Pieve, M.Delaveau, M.Di Gennaro,
- B.Dorado, C.Espejo, G.Geneste, L.Genovese, A.Gerossier, M.Giantomassi,
- Y.Gillet, D.R.Hamann, L.He, G.Jomard, J.Laflamme Janssen, S.Le Roux,
- A.Levitt, A.Lherbier, F.Liu, I.Lukacevic, A.Martin, C.Martins,
- M.J.T.Oliveira, S.Ponce, Y.Pouillon, T.Rangel, G.-M.Rignanese,
- A.H.Romero, B.Rousseau, O.Rubel, A.A.Shukri, M.Stankovski, M.Torrent,
- M.J.Van Setten, B.Van Troeye, M.J.Verstraete, D.Waroquier, J.Wiktor,
- B.Xue, A.Zhou, J.W.Zwanziger.
- Comment : the fourth generic paper describing the ABINIT project.
- Note that a version of this paper, that is not formatted for Computer Phys. Comm. 
- is available at https://www.abinit.org/about/ABINIT16.pdf .
- The licence allows the authors to put it on the Web.
-
- [2] ABINIT : First-principles approach of materials and nanosystem properties.
- Computer Phys. Comm. 180, 2582-2615 (2009).
- X. Gonze, B. Amadon, P.-M. Anglade, J.-M. Beuken, F. Bottin, P. Boulanger, F. Bruneval,
- D. Caliste, R. Caracas, M. Cote, T. Deutsch, L. Genovese, Ph. Ghosez, M. Giantomassi
- S. Goedecker, D.R. Hamann, P. Hermet, F. Jollet, G. Jomard, S. Leroux, M. Mancini, S. Mazevet,
- M.J.T. Oliveira, G. Onida, Y. Pouillon, T. Rangel, G.-M. Rignanese, D. Sangalli, R. Shaltaf,
- M. Torrent, M.J. Verstraete, G. Zerah, J.W. Zwanziger
- Comment : the third generic paper describing the ABINIT project.
- Note that a version of this paper, that is not formatted for Computer Phys. Comm. 
- is available at https://www.abinit.org/about/ABINIT_CPC_v10.pdf .
- The licence allows the authors to put it on the Web.
-
- [3] A brief introduction to the ABINIT software package.
- Z. Kristallogr. 220, 558-562 (2005).
- X. Gonze, G.-M. Rignanese, M. Verstraete, J.-M. Beuken, Y. Pouillon, R. Caracas, F. Jollet,
- M. Torrent, G. Zerah, M. Mikami, Ph. Ghosez, M. Veithen, J.-Y. Raty, V. Olevano, F. Bruneval,
- L. Reining, R. Godby, G. Onida, D.R. Hamann, and D.C. Allan.
- Comment : the second generic paper describing the ABINIT project. Note that this paper
- should be cited especially if you are using the GW part of ABINIT, as several authors
- of this part are not in the list of authors of the first or third paper.
- The .pdf of the latter paper is available at https://www.abinit.org/about/zfk_0505-06_558-562.pdf.
- Note that it should not redistributed (Copyright by Oldenburg Wissenshaftverlag,
- the licence allows the authors to put it on the Web).
-
- And optionally:
-
- [4] First-principles computation of material properties : the ABINIT software project. 
- X. Gonze, J.-M. Beuken, R. Caracas, F. Detraux, M. Fuchs, G.-M. Rignanese, L. Sindic,
- M. Verstraete, G. Zerah, F. Jollet, M. Torrent, A. Roy, M. Mikami, Ph. Ghosez, J.-Y. Raty, D.C. Allan.
- Computational Materials Science 25, 478-492 (2002). http://dx.doi.org/10.1016/S0927-0256(02)00325-7
- Comment : the original paper describing the ABINIT project.
-
- Proc.   0 individual time (sec): cpu=          0.9  wall=          1.0

================================================================================

 Calculation completed.
.Delivered  47 WARNINGs and   4 COMMENTs to log file.
+Overall time at end (sec) : cpu=          0.9  wall=          1.0
