
.Version 8.4.1 of ABINIT 
.(MPI version, prepared for a x86_64_linux_gnu5.3 computer) 

.Copyright (C) 1998-2017 ABINIT group . 
 ABINIT comes with ABSOLUTELY NO WARRANTY.
 It is free software, and you are welcome to redistribute it
 under certain conditions (GNU General Public License,
 see ~abinit/COPYING or http://www.gnu.org/copyleft/gpl.txt).

 ABINIT is a project of the Universite Catholique de Louvain,
 Corning Inc. and other collaborators, see ~abinit/doc/developers/contributors.txt .
 Please read ~abinit/doc/users/acknowledgments.html for suggested
 acknowledgments of the ABINIT effort.
 For more information, see http://www.abinit.org .

.Starting date : Sat 12 Aug 2017.
- ( at 02h51 )
  
- input  file    -> tpositron_7.in
- output file    -> tpositron_7.out
- root for input  files -> tpositron_7i
- root for output files -> tpositron_7o


 Symmetries : space group Fd -3 m (#227); Bravais cF (face-center cubic)
================================================================================
 Values of the parameters that define the memory need of the present run
     intxc =       0    ionmov =       0      iscf =      17    lmnmax =      12
     lnmax =       6     mgfft =      24  mpssoang =       2    mqgrid =    3001
     natom =       2  nloc_mem =       2    nspden =       1   nspinor =       1
    nsppol =       1      nsym =      48    n1xccc =       1    ntypat =       1
    occopt =       1   xclevel =       1
-    mband =          16        mffmem =           1         mkmem =           8
       mpw =         544          nfft =       13824          nkpt =           8
 PAW method is used; the additional fine FFT grid is defined by:
   mgfftf=        27    nfftf =     19683
================================================================================
P This job should need less than                       8.338 Mbytes of memory.
  Rough estimation (10% accuracy) of disk space for files :
_ WF disk file :      1.065 Mbytes ; DEN or POT disk file :      0.152 Mbytes.
================================================================================

--------------------------------------------------------------------------------
------------- Echo of variables that govern the present computation ------------
--------------------------------------------------------------------------------
-
- outvars: echo of selected default values                                      
-   iomode0 =  0 , fftalg0 =312 , wfoptalg0 = 10
-
- outvars: echo of global parameters not present in the input file              
-  max_nthreads =    0
-
 -outvars: echo values of preprocessed input variables --------
            acell      1.0261212902E+01  1.0261212902E+01  1.0261212902E+01 Bohr
              amu      2.80855000E+01
             ecut      1.20000000E+01 Hartree
-          fftalg         312
           istwfk        1    1    1    1    1    1    1    1
              ixc           7
              kpt      0.00000000E+00  0.00000000E+00  0.00000000E+00
                       0.00000000E+00  0.00000000E+00  5.00000000E-01
                       0.00000000E+00  5.00000000E-01  0.00000000E+00
                       5.00000000E-01  0.00000000E+00  0.00000000E+00
                       0.00000000E+00  5.00000000E-01  5.00000000E-01
                       5.00000000E-01  0.00000000E+00  5.00000000E-01
                       5.00000000E-01  5.00000000E-01  0.00000000E+00
                       5.00000000E-01  5.00000000E-01  5.00000000E-01
           kptopt           0
P           mkmem           8
            natom           2
            nband          16
            ngfft          24      24      24
          ngfftdg          27      27      27
             nkpt           8
            nline           6
            nstep         100
             nsym          48
           ntypat           1
              occ      2.000000  2.000000  2.000000  2.000000  2.000000  2.000000
                       2.000000  2.000000  2.000000  2.000000  2.000000  2.000000
                       0.000000  0.000000  0.000000  0.000000
        optforces           0
        optstress           0
        pawecutdg      1.50000000E+01 Hartree
       posdoppler        1
         positron         -10
         posnstep        2
           prteig           0
            prtwf           0
            rprim      0.0000000000E+00  5.0000000000E-01  5.0000000000E-01
                       5.0000000000E-01  0.0000000000E+00  5.0000000000E-01
                       5.0000000000E-01  5.0000000000E-01  0.0000000000E+00
          spgroup         227
           symrel      1  0  0   0  1  0   0  0  1      -1  0  0   0 -1  0   0  0 -1
                       0 -1  1   0 -1  0   1 -1  0       0  1 -1   0  1  0  -1  1  0
                      -1  0  0  -1  0  1  -1  1  0       1  0  0   1  0 -1   1 -1  0
                       0  1 -1   1  0 -1   0  0 -1       0 -1  1  -1  0  1   0  0  1
                      -1  0  0  -1  1  0  -1  0  1       1  0  0   1 -1  0   1  0 -1
                       0 -1  1   1 -1  0   0 -1  0       0  1 -1  -1  1  0   0  1  0
                       1  0  0   0  0  1   0  1  0      -1  0  0   0  0 -1   0 -1  0
                       0  1 -1   0  0 -1   1  0 -1       0 -1  1   0  0  1  -1  0  1
                      -1  0  1  -1  1  0  -1  0  0       1  0 -1   1 -1  0   1  0  0
                       0 -1  0   1 -1  0   0 -1  1       0  1  0  -1  1  0   0  1 -1
                       1  0 -1   0  0 -1   0  1 -1      -1  0  1   0  0  1   0 -1  1
                       0  1  0   0  0  1   1  0  0       0 -1  0   0  0 -1  -1  0  0
                       1  0 -1   0  1 -1   0  0 -1      -1  0  1   0 -1  1   0  0  1
                       0 -1  0   0 -1  1   1 -1  0       0  1  0   0  1 -1  -1  1  0
                      -1  0  1  -1  0  0  -1  1  0       1  0 -1   1  0  0   1 -1  0
                       0  1  0   1  0  0   0  0  1       0 -1  0  -1  0  0   0  0 -1
                       0  0 -1   0  1 -1   1  0 -1       0  0  1   0 -1  1  -1  0  1
                       1 -1  0   0 -1  1   0 -1  0      -1  1  0   0  1 -1   0  1  0
                       0  0  1   1  0  0   0  1  0       0  0 -1  -1  0  0   0 -1  0
                      -1  1  0  -1  0  0  -1  0  1       1 -1  0   1  0  0   1  0 -1
                       0  0  1   0  1  0   1  0  0       0  0 -1   0 -1  0  -1  0  0
                       1 -1  0   0 -1  0   0 -1  1      -1  1  0   0  1  0   0  1 -1
                       0  0 -1   1  0 -1   0  1 -1       0  0  1  -1  0  1   0 -1  1
                      -1  1  0  -1  0  1  -1  0  0       1 -1  0   1  0 -1   1  0  0
            tnons      0.0000000  0.0000000  0.0000000     0.2500000  0.2500000  0.2500000
                       0.0000000  0.0000000  0.0000000     0.2500000  0.2500000  0.2500000
                       0.0000000  0.0000000  0.0000000     0.2500000  0.2500000  0.2500000
                       0.0000000  0.0000000  0.0000000     0.2500000  0.2500000  0.2500000
                       0.0000000  0.0000000  0.0000000     0.2500000  0.2500000  0.2500000
                       0.0000000  0.0000000  0.0000000     0.2500000  0.2500000  0.2500000
                       0.0000000  0.0000000  0.0000000     0.2500000  0.2500000  0.2500000
                       0.0000000  0.0000000  0.0000000     0.2500000  0.2500000  0.2500000
                       0.0000000  0.0000000  0.0000000     0.2500000  0.2500000  0.2500000
                       0.0000000  0.0000000  0.0000000     0.2500000  0.2500000  0.2500000
                       0.0000000  0.0000000  0.0000000     0.2500000  0.2500000  0.2500000
                       0.0000000  0.0000000  0.0000000     0.2500000  0.2500000  0.2500000
                       0.0000000  0.0000000  0.0000000     0.2500000  0.2500000  0.2500000
                       0.0000000  0.0000000  0.0000000     0.2500000  0.2500000  0.2500000
                       0.0000000  0.0000000  0.0000000     0.2500000  0.2500000  0.2500000
                       0.0000000  0.0000000  0.0000000     0.2500000  0.2500000  0.2500000
                       0.0000000  0.0000000  0.0000000     0.2500000  0.2500000  0.2500000
                       0.0000000  0.0000000  0.0000000     0.2500000  0.2500000  0.2500000
                       0.0000000  0.0000000  0.0000000     0.2500000  0.2500000  0.2500000
                       0.0000000  0.0000000  0.0000000     0.2500000  0.2500000  0.2500000
                       0.0000000  0.0000000  0.0000000     0.2500000  0.2500000  0.2500000
                       0.0000000  0.0000000  0.0000000     0.2500000  0.2500000  0.2500000
                       0.0000000  0.0000000  0.0000000     0.2500000  0.2500000  0.2500000
                       0.0000000  0.0000000  0.0000000     0.2500000  0.2500000  0.2500000
           tolvrs      1.00000000E-08
            typat      1  1
           useylm           1
              wtk        0.12500    0.12500    0.12500    0.12500    0.12500    0.12500
                         0.12500    0.12500
           xangst      0.0000000000E+00  0.0000000000E+00  0.0000000000E+00
                       1.3575000000E+00  1.3575000000E+00  1.3575000000E+00
            xcart      0.0000000000E+00  0.0000000000E+00  0.0000000000E+00
                       2.5653032254E+00  2.5653032254E+00  2.5653032254E+00
             xred      0.0000000000E+00  0.0000000000E+00  0.0000000000E+00
                       2.5000000000E-01  2.5000000000E-01  2.5000000000E-01
            znucl       14.00000

================================================================================

 chkinp: Checking input parameters for consistency.

================================================================================
== DATASET  1 ==================================================================
-   nproc =    1

 Exchange-correlation functional for the present dataset will be:
  LDA: Perdew-Wang 92 LSD fit to Ceperley-Alder data - ixc=7
 Citation for XC functional:
  J.P.Perdew and Y.Wang, PRB 45, 13244 (1992)

 Real(R)+Recip(G) space primitive vectors, cartesian coordinates (Bohr,Bohr^-1):
 R(1)=  0.0000000  5.1306065  5.1306065  G(1)= -0.0974544  0.0974544  0.0974544
 R(2)=  5.1306065  0.0000000  5.1306065  G(2)=  0.0974544 -0.0974544  0.0974544
 R(3)=  5.1306065  5.1306065  0.0000000  G(3)=  0.0974544  0.0974544 -0.0974544
 Unit cell volume ucvol=  2.7010716E+02 bohr^3
 Angles (23,13,12)=  6.00000000E+01  6.00000000E+01  6.00000000E+01 degrees

 Coarse grid specifications (used for wave-functions):

 getcut: wavevector=  0.0000  0.0000  0.0000  ngfft=  24  24  24
         ecut(hartree)=     12.000   => boxcut(ratio)=   2.12115

 Fine grid specifications (used for densities):

 getcut: wavevector=  0.0000  0.0000  0.0000  ngfft=  27  27  27
         ecut(hartree)=     15.000   => boxcut(ratio)=   2.05836

--- Pseudopotential description ------------------------------------------------
- pspini: atom type   1  psp file is /home/buildbot/bb/ABINIT/abiref_gnu_5.3_openmpi/torrent_tutopositron/tests/Psps_for_tests/Si.12el.LDA-PW-paw.abinit
- pspatm: opening atomic psp file    /home/buildbot/bb/ABINIT/abiref_gnu_5.3_openmpi/torrent_tutopositron/tests/Psps_for_tests/Si.12el.LDA-PW-paw.abinit
- Paw atomic data for element Si - Generated with atompaw v3.1.0.3
- 14.00000  12.00000  20170718                znucl, zion, pspdat
    7    7    1    0      1361   0.00000      pspcod,pspxc,lmax,lloc,mmax,r2well
 Pseudopotential format is: paw5
 basis_size (lnmax)=  6 (lmn_size= 12), orbitals=   0   0   0   1   1   1
 Spheres core radius: rc_sph= 1.60149249
 4 radial meshes are used:
  - mesh 1: r(i)=AA*[exp(BB*(i-1))-1], size=1361 , AA= 0.43309E-03 BB= 0.60633E-02
  - mesh 2: r(i)=AA*[exp(BB*(i-1))-1], size=1356 , AA= 0.43309E-03 BB= 0.60633E-02
  - mesh 3: r(i)=AA*[exp(BB*(i-1))-1], size=1658 , AA= 0.43309E-03 BB= 0.60633E-02
  - mesh 4: r(i)=AA*[exp(BB*(i-1))-1], size=1753 , AA= 0.43309E-03 BB= 0.60633E-02
 Shapefunction is BESSEL type: shapef(r,l)=aa(1,l)*jl(q(1,l)*r)+aa(2,l)*jl(q(2,l)*r)
 Radius for shape functions =  1.40144648
 Radial grid used for partial waves is grid 1
 Radial grid used for projectors is grid  2
 Radial grid used for (t)core density is grid 1
 Radial grid used for Vloc is grid 3
 Radial grid used for pseudo valence density is grid 4
 Compensation charge density is not taken into account in XC energy/potential
 pspatm: atomic psp has been read  and splines computed

   4.61048727E+02                                ecore*ucvol(ha*bohr**3)
--------------------------------------------------------------------------------

_setup2: Arith. and geom. avg. npw (full set) are     535.625     535.544

================================================================================

     iter   Etot(hartree)      deltaE(h)  residm     nres2
TC-DFT STEP   1 - ELECTRONIC GROUND-STATE CALCULATION
 ETOT  1  -202.79748708499    -2.028E+02 1.908E+01 3.005E-01
 ETOT  2  -204.32847828258    -1.531E+00 2.889E-01 9.923E-01
 ETOT  3  -204.33525743437    -6.779E-03 5.870E-02 1.427E+00
 ETOT  4  -204.31630849325     1.895E-02 3.707E-02 6.593E-02
 ETOT  5  -204.31749580545    -1.187E-03 8.967E-03 2.092E-02
 ETOT  6  -204.31743960798     5.620E-05 1.981E-03 4.327E-03
 ETOT  7  -204.31746552386    -2.592E-05 1.297E-03 4.159E-03
 ETOT  8  -204.31743846446     2.706E-05 8.348E-04 1.748E-04
 ETOT  9  -204.31744430269    -5.838E-06 1.228E-04 1.374E-04
 ETOT 10  -204.31744344784     8.548E-07 1.028E-05 1.538E-05
 ETOT 11  -204.31744339323     5.462E-08 6.428E-06 8.723E-06
 ETOT 12  -204.31744331962     7.360E-08 1.993E-06 4.532E-07
 ETOT 13  -204.31744332271    -3.083E-09 2.789E-07 4.922E-08
 ETOT 14  -204.31744332290    -1.961E-10 8.410E-08 3.152E-08
 ETOT 15  -204.31744332353    -6.299E-10 1.857E-08 9.174E-08
 ETOT 16  -204.31744332329     2.414E-10 9.962E-09 7.427E-08
 ETOT 17  -204.31744332284     4.461E-10 2.024E-09 2.667E-08
 ETOT 18  -204.31744332275     9.152E-11 3.751E-09 1.122E-08
 ETOT 19  -204.31744332288    -1.252E-10 9.018E-10 2.289E-08
 ETOT 20  -204.31744332265     2.242E-10 1.250E-09 1.099E-09

 At SCF step   20       nres2   =  1.10E-09 < tolvrs=  1.00E-08 =>converged.

TC-DFT STEP   2 - POSITRONIC GROUND-STATE CALCULATION IN PRESENCE OF ELECTRONS AND IONS
 ETOT 21  -204.56482575089    -2.474E-01 1.341E+03 2.113E-02
 ETOT 22  -204.66343712307    -9.861E-02 8.629E+02 7.416E-02
 ETOT 23  -204.67693604357    -1.350E-02 2.383E+03 7.832E-02
 ETOT 24  -204.67742567026    -4.896E-04 3.105E+02 7.450E-02
 ETOT 25  -204.67770510593    -2.794E-04 4.148E+02 2.928E-02
 ETOT 26  -204.68228400988    -4.579E-03 2.772E+02 4.462E-02
 ETOT 27  -204.67759927081     4.685E-03 1.786E+02 2.942E-03
 ETOT 28  -204.67746104052     1.382E-04 1.300E+02 9.458E-04
 ETOT 29  -204.67745930509     1.735E-06 3.651E+02 4.375E-04
 ETOT 30  -204.67745806285     1.242E-06 4.922E+02 1.215E-05
 ETOT 31  -204.67745808516    -2.231E-08 2.172E+01 6.499E-07
 ETOT 32  -204.67745808715    -1.996E-09 1.792E+02 7.879E-09

 At SCF step   32       nres2   =  7.88E-09 < tolvrs=  1.00E-08 =>converged.

 scprqt:  WARNING -
  posnstep=    2 was not enough SCF cycles to converge difference between
  etotal from electronic calculation and etotal from positronic calculation;
  diff=  3.600E-01 exceeds postoldfe=  1.000E-06
 Integrated electronic density in atomic spheres:
 ------------------------------------------------
 Atom  Sphere_radius  Integrated_density
    1        1.60149          8.86515835
    2        1.60149          8.86470924

 PAW TEST:
 ==== Compensation charge inside spheres ============
 The following values must be close to each other ...
 Compensation charge over spherical meshes =      0.000117143871046
 Compensation charge over fine fft grid    =      0.000117607438754

 ==== Results concerning PAW augmentation regions ====

 Total pseudopotential strength Dij (hartree):
 -Note: these are the positronic Dij
 Atom #  1
  27.56035  -8.15694 -24.18681   0.00000   0.00000   0.00000   0.00000   0.00000   0.00000   0.00000   0.00000   0.00000
  -8.15694   2.31193   6.63394   0.00000   0.00000   0.00000   0.00000   0.00000   0.00000   0.00000   0.00000   0.00000
 -24.18681   6.63394  18.38598   0.00000   0.00000   0.00000   0.00000   0.00000   0.00000   0.00000   0.00000   0.00000
   0.00000   0.00000   0.00000  24.80233   0.00000   0.00000  -5.33036   0.00000   0.00000 -32.81034   0.00000   0.00000
   0.00000   0.00000   0.00000   0.00000  24.80233   0.00000   0.00000  -5.33036   0.00000   0.00000 -32.81034   0.00000
   0.00000   0.00000   0.00000   0.00000   0.00000  24.80233   0.00000   0.00000  -5.33036   0.00000   0.00000 -32.81034
   0.00000   0.00000   0.00000  -5.33036   0.00000   0.00000   1.11388   0.00000   0.00000   6.70247   0.00000   0.00000
   0.00000   0.00000   0.00000   0.00000  -5.33036   0.00000   0.00000   1.11388   0.00000   0.00000   6.70247   0.00000
   0.00000   0.00000   0.00000   0.00000   0.00000  -5.33036   0.00000   0.00000   1.11388   0.00000   0.00000   6.70247
   0.00000   0.00000   0.00000 -32.81034   0.00000   0.00000   6.70247   0.00000   0.00000  38.84555   0.00000   0.00000
   0.00000   0.00000   0.00000   0.00000 -32.81034   0.00000   0.00000   6.70247   0.00000   0.00000  38.84555   0.00000
   0.00000   0.00000   0.00000   0.00000   0.00000 -32.81034   0.00000   0.00000   6.70247   0.00000   0.00000  38.84555
 Atom #  2
  27.56035  -8.15694 -24.18681   0.00000   0.00000   0.00000   0.00000   0.00000   0.00000   0.00000   0.00000   0.00000
  -8.15694   2.31193   6.63394   0.00000   0.00000   0.00000   0.00000   0.00000   0.00000   0.00000   0.00000   0.00000
 -24.18681   6.63394  18.38598   0.00000   0.00000   0.00000   0.00000   0.00000   0.00000   0.00000   0.00000   0.00000
   0.00000   0.00000   0.00000  24.80233   0.00000   0.00000  -5.33036   0.00000   0.00000 -32.81034   0.00000   0.00000
   0.00000   0.00000   0.00000   0.00000  24.80233   0.00000   0.00000  -5.33036   0.00000   0.00000 -32.81034   0.00000
   0.00000   0.00000   0.00000   0.00000   0.00000  24.80233   0.00000   0.00000  -5.33036   0.00000   0.00000 -32.81034
   0.00000   0.00000   0.00000  -5.33036   0.00000   0.00000   1.11388   0.00000   0.00000   6.70247   0.00000   0.00000
   0.00000   0.00000   0.00000   0.00000  -5.33036   0.00000   0.00000   1.11388   0.00000   0.00000   6.70247   0.00000
   0.00000   0.00000   0.00000   0.00000   0.00000  -5.33036   0.00000   0.00000   1.11388   0.00000   0.00000   6.70247
   0.00000   0.00000   0.00000 -32.81034   0.00000   0.00000   6.70247   0.00000   0.00000  38.84555   0.00000   0.00000
   0.00000   0.00000   0.00000   0.00000 -32.81034   0.00000   0.00000   6.70247   0.00000   0.00000  38.84555   0.00000
   0.00000   0.00000   0.00000   0.00000   0.00000 -32.81034   0.00000   0.00000   6.70247   0.00000   0.00000  38.84555


 Augmentation waves occupancies Rhoij:
 -Note: these are the electronic Rhoij
 Atom #  1
   2.00009   0.00130  -0.00023   0.00000   0.00000   0.00000   0.00000   0.00000   0.00000   0.00000   0.00000   0.00000
   0.00130   1.48670  -0.03686   0.00000   0.00000   0.00000   0.00000   0.00000   0.00000   0.00000   0.00000   0.00000
  -0.00023  -0.03686   0.00102   0.00000   0.00000   0.00000   0.00000   0.00000   0.00000   0.00000   0.00000   0.00000
   0.00000   0.00000   0.00000   1.99922   0.00000   0.00000  -0.00758   0.00000   0.00000   0.00186   0.00000   0.00000
   0.00000   0.00000   0.00000   0.00000   1.99922   0.00000   0.00000  -0.00758   0.00000   0.00000   0.00186   0.00000
   0.00000   0.00000   0.00000   0.00000   0.00000   1.99922   0.00000   0.00000  -0.00758   0.00000   0.00000   0.00186
   0.00000   0.00000   0.00000  -0.00758   0.00000   0.00000   1.32659   0.00000   0.00000  -0.01245   0.00000   0.00000
   0.00000   0.00000   0.00000   0.00000  -0.00758   0.00000   0.00000   1.32659   0.00000   0.00000  -0.01245   0.00000
   0.00000   0.00000   0.00000   0.00000   0.00000  -0.00758   0.00000   0.00000   1.32659   0.00000   0.00000  -0.01245
   0.00000   0.00000   0.00000   0.00186   0.00000   0.00000  -0.01245   0.00000   0.00000   0.00015   0.00000   0.00000
   0.00000   0.00000   0.00000   0.00000   0.00186   0.00000   0.00000  -0.01245   0.00000   0.00000   0.00015   0.00000
   0.00000   0.00000   0.00000   0.00000   0.00000   0.00186   0.00000   0.00000  -0.01245   0.00000   0.00000   0.00015
 Atom #  2
   2.00009   0.00130  -0.00023   0.00000   0.00000   0.00000   0.00000   0.00000   0.00000   0.00000   0.00000   0.00000
   0.00130   1.48670  -0.03686   0.00000   0.00000   0.00000   0.00000   0.00000   0.00000   0.00000   0.00000   0.00000
  -0.00023  -0.03686   0.00102   0.00000   0.00000   0.00000   0.00000   0.00000   0.00000   0.00000   0.00000   0.00000
   0.00000   0.00000   0.00000   1.99922   0.00000   0.00000  -0.00758   0.00000   0.00000   0.00186   0.00000   0.00000
   0.00000   0.00000   0.00000   0.00000   1.99922   0.00000   0.00000  -0.00758   0.00000   0.00000   0.00186   0.00000
   0.00000   0.00000   0.00000   0.00000   0.00000   1.99922   0.00000   0.00000  -0.00758   0.00000   0.00000   0.00186
   0.00000   0.00000   0.00000  -0.00758   0.00000   0.00000   1.32659   0.00000   0.00000  -0.01245   0.00000   0.00000
   0.00000   0.00000   0.00000   0.00000  -0.00758   0.00000   0.00000   1.32659   0.00000   0.00000  -0.01245   0.00000
   0.00000   0.00000   0.00000   0.00000   0.00000  -0.00758   0.00000   0.00000   1.32659   0.00000   0.00000  -0.01245
   0.00000   0.00000   0.00000   0.00186   0.00000   0.00000  -0.01245   0.00000   0.00000   0.00015   0.00000   0.00000
   0.00000   0.00000   0.00000   0.00000   0.00186   0.00000   0.00000  -0.01245   0.00000   0.00000   0.00015   0.00000
   0.00000   0.00000   0.00000   0.00000   0.00000   0.00186   0.00000   0.00000  -0.01245   0.00000   0.00000   0.00015



--------------------------------------------------------------------------------
 Results for electron-positron annihilation:

2 computations of positron lifetime have been performed (with different enhancement factors).

########## Lifetime computation 1

 # Zero-positron density limit of Arponen and Pajanne provided by Boronski & Nieminen
   Ref.: Boronski and R.M. Nieminen, Phys. Rev. B 34, 3820 (1986)
 # Enhancement factor of Boronski & Nieminen
   Ref.: Boronski and R.M. Nieminen, Phys. Rev. B 34, 3820 (1986)

 Positron lifetime                         (ps)   =  2.79179992E+02
 Positron lifetime with IPM for core elec. (ps)   =  2.79187307E+02
 Annihilation rate                         (ns-1) =  3.58191858E+00
 Annihilation rate with IPM for core elec. (ns-1) =  3.58182472E+00

 Annihilation rate core/valence decomposition:
   Core    contribution to ann.rate          (ns-1) =  9.06848768E-04
   Valence contribution to ann.rate          (ns-1) =  3.58101173E+00
   Core    contribution to ann.rate with IPM (ns-1) =  7.96486225E-04
   Valence contribution to ann.rate with IPM (ns-1) =  3.58102824E+00

 Annihilation rate PAW decomposition:
   Plane-wave contribution to ann.rate          (ns-1) =  3.54314069E+00
   Plane-wave valence contribution to ann.rate  (ns-1) =  3.54314069E+00
   On-site core contribution to ann.rate        (ns-1) =  9.06848768E-04
   On-site valence contribution to ann.rate     (ns-1) =  3.78710454E-02
   Plane-wave contribution to ann.rate with IPM (ns-1) =  3.54314069E+00
   Plane-wave core contrb. to ann.rate with IPM (ns-1) =  0.00000000E+00

########## Lifetime computation 2

 # Zero-positron density limit of Arponen and Pajanne provided by Boronski & Nieminen
   Ref.: Boronski and R.M. Nieminen, Phys. Rev. B 34, 3820 (1986)
 # Enhancement factor of Boronski & Nieminen IN THE RPA LIMIT
   Ref.: Boronski and R.M. Nieminen, Phys. Rev. B 34, 3820 (1986)

 Positron lifetime                         (ps)   =  2.29666380E+02
 Positron lifetime with IPM for core elec. (ps)   =  2.29671330E+02
 Annihilation rate                         (ns-1) =  4.35414187E+00
 Annihilation rate with IPM for core elec. (ns-1) =  4.35404801E+00

 Annihilation rate core/valence decomposition:
   Core    contribution to ann.rate          (ns-1) =  9.06848786E-04
   Valence contribution to ann.rate          (ns-1) =  4.35323502E+00
   Core    contribution to ann.rate with IPM (ns-1) =  7.96486225E-04
   Valence contribution to ann.rate with IPM (ns-1) =  4.35325153E+00

 Annihilation rate PAW decomposition:
   Plane-wave contribution to ann.rate          (ns-1) =  4.31536343E+00
   Plane-wave valence contribution to ann.rate  (ns-1) =  4.31536343E+00
   On-site core contribution to ann.rate        (ns-1) =  9.06848786E-04
   On-site valence contribution to ann.rate     (ns-1) =  3.78715887E-02
   Plane-wave contribution to ann.rate with IPM (ns-1) =  4.31536343E+00
   Plane-wave core contrb. to ann.rate with IPM (ns-1) =  0.00000000E+00

      (*) IPM=Independent particle Model

 Computation of electron-positron pairs momentum distribution completed.
-File tpositron_7o_DOPPLER has been created.
-Use ~abinit/scripts/post_processing/posdopspectra.F90 to process it.

 Annihilation rate obtained from integration of e-p pairs momentum distribution:
   lambda=    5.082832105995E+00 ns-1

================================================================================

 ----iterations are completed or convergence reached----

 Mean square residual over all n,k,spin=   2.4264E+00; max=  1.7921E+02
 reduced coordinates (array xred) for    2 atoms
       0.000000000000      0.000000000000      0.000000000000
       0.250000000000      0.250000000000      0.250000000000
 rms dE/dt=  0.0000E+00; max dE/dt=  0.0000E+00; dE/dt below (all hartree)
    1       0.000000000000      0.000000000000      0.000000000000
    2       0.000000000000      0.000000000000      0.000000000000

 cartesian coordinates (angstrom) at end:
    1      0.00000000000000     0.00000000000000     0.00000000000000
    2      1.35750000000000     1.35750000000000     1.35750000000000
 length scales= 10.261212901569 10.261212901569 10.261212901569 bohr
              =  5.430000000000  5.430000000000  5.430000000000 angstroms
 Fermi (or HOMO) energy (hartree) =   0.22765   Average Vxc (hartree)=  -0.31503
 Eigenvalues (hartree) for nkpt=   8  k points:
 kpt#   1, nband= 16, wtk=  0.12500, kpt=  0.0000  0.0000  0.0000 (reduced coord)
  -4.64961   -4.64930   -3.06306   -3.06306   -3.06306   -3.06253   -3.06253   -3.06253
  -0.21550    0.22765    0.22765    0.22765    0.31563    0.31563    0.31563    0.34384
 prteigrs : prtvol=0 or 1, do not print more k-points.


--------------------------------------------------------------------------------
 Components of total free energy (in Hartree) :

    Kinetic energy  =  7.01888255755199E+00
    Hartree energy  =  5.84386969131781E+01
    XC energy       = -3.25177441340793E+00
    Ewald energy    = -7.55952464681649E+01
    PspCore energy  =  1.70691039262478E+00
    Loc. psp. energy= -1.71894418477390E+02
    Spherical terms = -2.07404734587157E+01
    >>> Electronic E= -2.04317422954324E+02

    Positronic ener.= -9.45604274874472E-01
    EP interaction E=  5.85589510375509E-01
    >>>>>>>>> Etotal= -2.04677437718823E+02

  >Total energy in eV           = -5.56955632524813E+03
--------------------------------------------------------------------------------

== END DATASET(S) ==============================================================
================================================================================
  
 -outvars: echo values of variables after computation  --------
            acell      1.0261212902E+01  1.0261212902E+01  1.0261212902E+01 Bohr
              amu      2.80855000E+01
             ecut      1.20000000E+01 Hartree
           etotal     -2.0467745809E+02
            fcart      9.9999999999E+99  9.9999999999E+99  9.9999999999E+99
                       9.9999999999E+99  9.9999999999E+99  9.9999999999E+99
-          fftalg         312
           istwfk        1    1    1    1    1    1    1    1
              ixc           7
              kpt      0.00000000E+00  0.00000000E+00  0.00000000E+00
                       0.00000000E+00  0.00000000E+00  5.00000000E-01
                       0.00000000E+00  5.00000000E-01  0.00000000E+00
                       5.00000000E-01  0.00000000E+00  0.00000000E+00
                       0.00000000E+00  5.00000000E-01  5.00000000E-01
                       5.00000000E-01  0.00000000E+00  5.00000000E-01
                       5.00000000E-01  5.00000000E-01  0.00000000E+00
                       5.00000000E-01  5.00000000E-01  5.00000000E-01
           kptopt           0
P           mkmem           8
            natom           2
            nband          16
            ngfft          24      24      24
          ngfftdg          27      27      27
             nkpt           8
            nline           6
            nstep         100
             nsym          48
           ntypat           1
              occ      2.000000  2.000000  2.000000  2.000000  2.000000  2.000000
                       2.000000  2.000000  2.000000  2.000000  2.000000  2.000000
                       0.000000  0.000000  0.000000  0.000000
        optforces           0
        optstress           0
        pawecutdg      1.50000000E+01 Hartree
       posdoppler        1
         positron         -10
         posnstep        2
           prteig           0
            prtwf           0
            rprim      0.0000000000E+00  5.0000000000E-01  5.0000000000E-01
                       5.0000000000E-01  0.0000000000E+00  5.0000000000E-01
                       5.0000000000E-01  5.0000000000E-01  0.0000000000E+00
          spgroup         227
           strten      9.9999999999E+99  9.9999999999E+99  9.9999999999E+99
                       9.9999999999E+99  9.9999999999E+99  9.9999999999E+99
           symrel      1  0  0   0  1  0   0  0  1      -1  0  0   0 -1  0   0  0 -1
                       0 -1  1   0 -1  0   1 -1  0       0  1 -1   0  1  0  -1  1  0
                      -1  0  0  -1  0  1  -1  1  0       1  0  0   1  0 -1   1 -1  0
                       0  1 -1   1  0 -1   0  0 -1       0 -1  1  -1  0  1   0  0  1
                      -1  0  0  -1  1  0  -1  0  1       1  0  0   1 -1  0   1  0 -1
                       0 -1  1   1 -1  0   0 -1  0       0  1 -1  -1  1  0   0  1  0
                       1  0  0   0  0  1   0  1  0      -1  0  0   0  0 -1   0 -1  0
                       0  1 -1   0  0 -1   1  0 -1       0 -1  1   0  0  1  -1  0  1
                      -1  0  1  -1  1  0  -1  0  0       1  0 -1   1 -1  0   1  0  0
                       0 -1  0   1 -1  0   0 -1  1       0  1  0  -1  1  0   0  1 -1
                       1  0 -1   0  0 -1   0  1 -1      -1  0  1   0  0  1   0 -1  1
                       0  1  0   0  0  1   1  0  0       0 -1  0   0  0 -1  -1  0  0
                       1  0 -1   0  1 -1   0  0 -1      -1  0  1   0 -1  1   0  0  1
                       0 -1  0   0 -1  1   1 -1  0       0  1  0   0  1 -1  -1  1  0
                      -1  0  1  -1  0  0  -1  1  0       1  0 -1   1  0  0   1 -1  0
                       0  1  0   1  0  0   0  0  1       0 -1  0  -1  0  0   0  0 -1
                       0  0 -1   0  1 -1   1  0 -1       0  0  1   0 -1  1  -1  0  1
                       1 -1  0   0 -1  1   0 -1  0      -1  1  0   0  1 -1   0  1  0
                       0  0  1   1  0  0   0  1  0       0  0 -1  -1  0  0   0 -1  0
                      -1  1  0  -1  0  0  -1  0  1       1 -1  0   1  0  0   1  0 -1
                       0  0  1   0  1  0   1  0  0       0  0 -1   0 -1  0  -1  0  0
                       1 -1  0   0 -1  0   0 -1  1      -1  1  0   0  1  0   0  1 -1
                       0  0 -1   1  0 -1   0  1 -1       0  0  1  -1  0  1   0 -1  1
                      -1  1  0  -1  0  1  -1  0  0       1 -1  0   1  0 -1   1  0  0
            tnons      0.0000000  0.0000000  0.0000000     0.2500000  0.2500000  0.2500000
                       0.0000000  0.0000000  0.0000000     0.2500000  0.2500000  0.2500000
                       0.0000000  0.0000000  0.0000000     0.2500000  0.2500000  0.2500000
                       0.0000000  0.0000000  0.0000000     0.2500000  0.2500000  0.2500000
                       0.0000000  0.0000000  0.0000000     0.2500000  0.2500000  0.2500000
                       0.0000000  0.0000000  0.0000000     0.2500000  0.2500000  0.2500000
                       0.0000000  0.0000000  0.0000000     0.2500000  0.2500000  0.2500000
                       0.0000000  0.0000000  0.0000000     0.2500000  0.2500000  0.2500000
                       0.0000000  0.0000000  0.0000000     0.2500000  0.2500000  0.2500000
                       0.0000000  0.0000000  0.0000000     0.2500000  0.2500000  0.2500000
                       0.0000000  0.0000000  0.0000000     0.2500000  0.2500000  0.2500000
                       0.0000000  0.0000000  0.0000000     0.2500000  0.2500000  0.2500000
                       0.0000000  0.0000000  0.0000000     0.2500000  0.2500000  0.2500000
                       0.0000000  0.0000000  0.0000000     0.2500000  0.2500000  0.2500000
                       0.0000000  0.0000000  0.0000000     0.2500000  0.2500000  0.2500000
                       0.0000000  0.0000000  0.0000000     0.2500000  0.2500000  0.2500000
                       0.0000000  0.0000000  0.0000000     0.2500000  0.2500000  0.2500000
                       0.0000000  0.0000000  0.0000000     0.2500000  0.2500000  0.2500000
                       0.0000000  0.0000000  0.0000000     0.2500000  0.2500000  0.2500000
                       0.0000000  0.0000000  0.0000000     0.2500000  0.2500000  0.2500000
                       0.0000000  0.0000000  0.0000000     0.2500000  0.2500000  0.2500000
                       0.0000000  0.0000000  0.0000000     0.2500000  0.2500000  0.2500000
                       0.0000000  0.0000000  0.0000000     0.2500000  0.2500000  0.2500000
                       0.0000000  0.0000000  0.0000000     0.2500000  0.2500000  0.2500000
           tolvrs      1.00000000E-08
            typat      1  1
           useylm           1
              wtk        0.12500    0.12500    0.12500    0.12500    0.12500    0.12500
                         0.12500    0.12500
           xangst      0.0000000000E+00  0.0000000000E+00  0.0000000000E+00
                       1.3575000000E+00  1.3575000000E+00  1.3575000000E+00
            xcart      0.0000000000E+00  0.0000000000E+00  0.0000000000E+00
                       2.5653032254E+00  2.5653032254E+00  2.5653032254E+00
             xred      0.0000000000E+00  0.0000000000E+00  0.0000000000E+00
                       2.5000000000E-01  2.5000000000E-01  2.5000000000E-01
            znucl       14.00000

================================================================================


- Timing analysis has been suppressed with timopt=0



================================================================================

 Suggested references for the acknowledgment of ABINIT usage.

 The users of ABINIT have little formal obligations with respect to the ABINIT group
 (those specified in the GNU General Public License, http://www.gnu.org/copyleft/gpl.txt).
 However, it is common practice in the scientific literature,
 to acknowledge the efforts of people that have made the research possible.
 In this spirit, please find below suggested citations of work written by ABINIT developers,
 corresponding to implementations inside of ABINIT that you have used in the present run.
 Note also that it will be of great value to readers of publications presenting these results,
 to read papers enabling them to understand the theoretical formalism and details
 of the ABINIT implementation.
 For information on why they are suggested, see also http://www.abinit.org/about/?text=acknowledgments.
-
- [1] Two-component density functional theory within the projector augmented-wave approach:
- Accurate and self-consistent computations of positron lifetimes and momentum distributions
- J. Wiktor, G. Jomard and M. Torrent, Phys. Rev. B 92, 125113 (2015).
- Comment : to be cited in case the computation of electron-positron annihilation properties within the 2-component DFT, i.e. positron/=0.
- Strong suggestion to cite this paper.
-
- [2] Implementation of the Projector Augmented-Wave Method in the ABINIT code.
- M. Torrent, F. Jollet, F. Bottin, G. Zerah, and X. Gonze Comput. Mat. Science 42, 337, (2008).
- Comment : PAW calculations. Strong suggestion to cite this paper.
-
- [3] Recent developments in the ABINIT software package.
- Computer Phys. Comm. 205, 106 (2016).
- X.Gonze, F.Jollet, F.Abreu Araujo, D.Adams, B.Amadon, T.Applencourt,
- C.Audouze, J.-M.Beuken, J.Bieder, A.Bokhanchuk, E.Bousquet, F.Bruneval
- D.Caliste, M.Cote, F.Dahm, F.Da Pieve, M.Delaveau, M.Di Gennaro,
- B.Dorado, C.Espejo, G.Geneste, L.Genovese, A.Gerossier, M.Giantomassi,
- Y.Gillet, D.R.Hamann, L.He, G.Jomard, J.Laflamme Janssen, S.Le Roux,
- A.Levitt, A.Lherbier, F.Liu, I.Lukacevic, A.Martin, C.Martins,
- M.J.T.Oliveira, S.Ponce, Y.Pouillon, T.Rangel, G.-M.Rignanese,
- A.H.Romero, B.Rousseau, O.Rubel, A.A.Shukri, M.Stankovski, M.Torrent,
- M.J.Van Setten, B.Van Troeye, M.J.Verstraete, D.Waroquier, J.Wiktor,
- B.Xue, A.Zhou, J.W.Zwanziger.
- Comment : the fourth generic paper describing the ABINIT project.
- Note that a version of this paper, that is not formatted for Computer Phys. Comm. 
- is available at http://www.abinit.org/about/ABINIT16.pdf .
- The licence allows the authors to put it on the Web.
-
- [4] ABINIT : First-principles approach of materials and nanosystem properties.
- Computer Phys. Comm. 180, 2582-2615 (2009).
- X. Gonze, B. Amadon, P.-M. Anglade, J.-M. Beuken, F. Bottin, P. Boulanger, F. Bruneval,
- D. Caliste, R. Caracas, M. Cote, T. Deutsch, L. Genovese, Ph. Ghosez, M. Giantomassi
- S. Goedecker, D.R. Hamann, P. Hermet, F. Jollet, G. Jomard, S. Leroux, M. Mancini, S. Mazevet,
- M.J.T. Oliveira, G. Onida, Y. Pouillon, T. Rangel, G.-M. Rignanese, D. Sangalli, R. Shaltaf,
- M. Torrent, M.J. Verstraete, G. Zerah, J.W. Zwanziger
- Comment : the third generic paper describing the ABINIT project.
- Note that a version of this paper, that is not formatted for Computer Phys. Comm. 
- is available at http://www.abinit.org/about/ABINIT_CPC_v10.pdf .
- The licence allows the authors to put it on the Web.
-
- [5] A brief introduction to the ABINIT software package.
- Z. Kristallogr. 220, 558-562 (2005).
- X. Gonze, G.-M. Rignanese, M. Verstraete, J.-M. Beuken, Y. Pouillon, R. Caracas, F. Jollet,
- M. Torrent, G. Zerah, M. Mikami, Ph. Ghosez, M. Veithen, J.-Y. Raty, V. Olevano, F. Bruneval,
- L. Reining, R. Godby, G. Onida, D.R. Hamann, and D.C. Allan.
- Comment : the second generic paper describing the ABINIT project. Note that this paper
- should be cited especially if you are using the GW part of ABINIT, as several authors
- of this part are not in the list of authors of the first or third paper.
- The .pdf of the latter paper is available at http://www.abinit.org/about/zfk_0505-06_558-562.pdf.
- Note that it should not redistributed (Copyright by Oldenburg Wissenshaftverlag,
- the licence allows the authors to put it on the Web).
-
- Proc.   0 individual time (sec): cpu=        108.0  wall=        108.1

================================================================================

 Calculation completed.
.Delivered   1 WARNINGs and   4 COMMENTs to log file.
+Overall time at end (sec) : cpu=        108.0  wall=        108.1
